******************************************************************************
                  TI ARM Linker PC v20.2.6                     
******************************************************************************
>> Linked Fri Jun 17 17:43:07 2022

OUTPUT FILE NAME:   <gpiointerrupt_CC3220S_LAUNCHXL_nortos_ccs.out>
ENTRY POINT SYMBOL: "resetISR"  address: 2000c225


MEMORY CONFIGURATION

         name            origin    length      used     unused   attr    fill
----------------------  --------  ---------  --------  --------  ----  --------
  SRAM2                 20000000   00004000  0000130c  00002cf4  RW X
  SRAM                  20004000   0003c000  00011a19  0002a5e7  RW X
  LOG_DATA              90000000   00040000  00000000  00040000  R   


SEGMENT ALLOCATION MAP

run origin  load origin   length   init length attrs members
----------  ----------- ---------- ----------- ----- -------
20003000    20003000    00001000   00000000    rw-
  20003000    20003000    00001000   00000000    rw- .stack
20004000    20004000    000087ce   000087ce    r-x
  20004000    20004000    00000040   00000040    r-- .resetVecs
  20004040    20004040    0000878e   0000878e    r-x .text
2000c7d0    2000c7d0    000086e7   00000000    rw-
  2000c7d0    2000c7d0    00008000   00000000    rw- .sysmem
  200147d0    200147d0    000006e7   00000000    rw- .data
20014eb8    20014eb8    000005cc   000005cc    r--
  20014eb8    20014eb8    000005cc   000005cc    r-- .const
20015488    20015488    00000498   00000000    rw-
  20015488    20015488    00000498   00000000    rw- .bss
20015920    20015920    00000100   00000100    r--
  20015920    20015920    00000100   00000100    r-- .cinit


SECTION ALLOCATION MAP

 output                                  attributes/
section   page    origin      length       input sections
--------  ----  ----------  ----------   ----------------
.text      0    20004040    0000878e     
                  20004040    00000af8     rtsv7M4_T_le_eabi.lib : _scanfi.c.obj (.text:__TI_scanfi)
                  20004b38    00000a4e                           : _printfi.c.obj (.text:__TI_printfi)
                  20005586    00000002     ti_drivers_config.obj (.text:Board_initHook)
                  20005588    000009bc     rtsv7M4_T_le_eabi.lib : e_pow.c.obj (.text:pow)
                  20005f44    00000454                           : strtod.c.obj (.text:strtod)
                  20006398    0000042c     driverlib.a : prcm.obj (.text:PRCMCC3200MCUInit)
                  200067c4    00000288     drivers_cc32xx.a : UARTCC32XX.oem4 (.text:UARTCC32XX_open)
                  20006a4c    00000268     rtsv7M4_T_le_eabi.lib : _printfi.c.obj (.text:_pconv_a)
                  20006cb4    000001dc                           : strtoll.c.obj (.text:strtoll)
                  20006e90    000001cc                           : _printfi.c.obj (.text:_pconv_g)
                  2000705c    000001b6                           : fd_add_t2.asm.obj (.text)
                  20007212    00000002     drivers_cc32xx.a : I2C.oem4 (.text:I2C_init)
                  20007214    000001a0     nortos_cc32xx.a : PowerCC32XX_nortos.oem4 (.text:PowerCC32XX_sleepPolicy)
                  200073b4    0000015c     rtsv7M4_T_le_eabi.lib : e_sqrt.c.obj (.text:sqrt)
                  20007510    0000015c                           : strtoull.c.obj (.text:strtoull)
                  2000766c    00000154     drivers_cc32xx.a : GPIOCC32XX.oem4 (.text:GPIO_setConfig)
                  200077c0    00000148                      : I2CCC32XX.oem4 (.text:I2CCC32XX_hwiFxn)
                  20007908    00000148                      : PowerCC32XX.oem4 (.text:parkPins)
                  20007a50    0000013c     rtsv7M4_T_le_eabi.lib : _printfi.c.obj (.text:_pconv_e)
                  20007b8c    00000138     drivers_cc32xx.a : PowerCC32XX.oem4 (.text:Power_sleep)
                  20007cc4    00000138                      : TimerCC32XX.oem4 (.text:Timer_open)
                  20007dfc    00000136     rtsv7M4_T_le_eabi.lib : fd_div_t2.asm.obj (.text)
                  20007f32    00000002     nortos_cc32xx.a : PowerCC32XX_nortos.oem4 (.text:PowerCC32XX_initPolicy)
                  20007f34    00000130     rtsv7M4_T_le_eabi.lib : strtol.c.obj (.text:strtol)
                  20008064    00000124     gpiointerrupt.obj (.text:mainThread)
                  20008188    00000122     drivers_cc32xx.a : I2C.oem4 (.text:I2C_transferTimeout)
                  200082aa    00000002     nortos_cc32xx.a : SemaphoreP_nortos.oem4 (.text:SemaphoreP_destruct)
                  200082ac    00000120     drivers_cc32xx.a : UARTCC32XX.oem4 (.text:UARTCC32XX_close)
                  200083cc    00000120     rtsv7M4_T_le_eabi.lib : _printfi.c.obj (.text:fcvt)
                  200084ec    00000110                           : strtoul.c.obj (.text:strtoul)
                  200085fc    00000100                           : memory.c.obj (.text:aligned_alloc)
                  200086fc    000000fc     drivers_cc32xx.a : I2CCC32XX.oem4 (.text:I2C_open)
                  200087f8    000000fc     rtsv7M4_T_le_eabi.lib : fd_mul_t2.asm.obj (.text)
                  200088f4    000000fa                           : fs_add_t2.asm.obj (.text)
                  200089ee    00000002     drivers_cc32xx.a : Timer.oem4 (.text:Timer_init)
                  200089f0    000000f4     rtsv7M4_T_le_eabi.lib : s_floor.c.obj (.text:floor)
                  20008ae4    000000f2     drivers_cc32xx.a : UARTCC32XX.oem4 (.text:UARTCC32XX_control)
                  20008bd6    00000002                      : UARTCC32XX.oem4 (.text:UARTCC32XX_init)
                  20008bd8    000000e4     rtsv7M4_T_le_eabi.lib : memory.c.obj (.text:free)
                  20008cbc    000000d0                           : s_scalbn.c.obj (.text:scalbn)
                  20008d8c    000000ca     drivers_cc32xx.a : UARTCC32XX.oem4 (.text:UARTCC32XX_write)
                  20008e56    00000002     rtsv7M4_T_le_eabi.lib : _lock.c.obj (.text:_nop)
                  20008e58    000000c0     drivers_cc32xx.a : PowerCC32XX.oem4 (.text:restoreParkedPins)
                  20008f18    000000ba                      : UARTCC32XX.oem4 (.text:UARTCC32XX_readPolling)
                  20008fd2    00000002     nortos_cc32xx.a : startup_cc32xx_ccs.oem4 (.text:busFaultHandler)
                  20008fd4    000000b8     drivers_cc32xx.a : UARTCC32XX.oem4 (.text:initHw)
                  2000908c    000000b6                      : UARTCC32XX.oem4 (.text:readTaskCallback)
                  20009142    000000b2                      : I2CCC32XX.oem4 (.text:I2CCC32XX_completeTransfer)
                  200091f4    000000b1     rtsv7M4_T_le_eabi.lib : _printfi.c.obj (.text:_ltostr)
                  200092a5    00000001     --HOLE-- [fill = 0]
                  200092a6    000000b0     drivers_cc32xx.a : UARTCC32XX.oem4 (.text:readTaskBlocking)
                  20009356    00000002     nortos_cc32xx.a : SemaphoreP_nortos.oem4 (.text:clkFxn)
                  20009358    000000b0     rtsv7M4_T_le_eabi.lib : s_round.c.obj (.text:round)
                  20009408    000000ae     drivers_cc32xx.a : UARTCC32XX.oem4 (.text:readIsrTextBlocking)
                  200094b6    000000a8                      : I2CCC32XX.oem4 (.text:I2CCC32XX_primeWriteBurst)
                  2000955e    00000002     nortos_cc32xx.a : startup_cc32xx_ccs.oem4 (.text:defaultHandler)
                  20009560    000000a8     driverlib.a : interrupt.obj (.text:IntEnable)
                  20009608    000000a8     drivers_cc32xx.a : PowerCC32XX.oem4 (.text:PowerCC32XX_configureWakeup)
                  200096b0    000000a2                      : UARTCC32XX.oem4 (.text:readIsrTextCallback)
                  20009752    000000a2                      : UARTCC32XX.oem4 (.text:writeData)
                  200097f4    000000a0     nortos_cc32xx.a : SemaphoreP_nortos.oem4 (.text:SemaphoreP_pend)
                  20009894    0000009c     drivers_cc32xx.a : I2CCC32XX.oem4 (.text:I2CCC32XX_initHw)
                  20009930    0000009c     rtsv7M4_T_le_eabi.lib : memcpy_t2.asm.obj (.text)
                  200099cc    0000009c     gpiointerrupt.obj (.text:setDesiredTemperature)
                  20009a68    00000096     rtsv7M4_T_le_eabi.lib : ull_div_t2.asm.obj (.text)
                  20009afe    00000002     nortos_cc32xx.a : startup_cc32xx_ccs.oem4 (.text:faultISR)
                  20009b00    00000090     drivers_cc32xx.a : GPIOCC32XX.oem4 (.text:GPIO_init)
                  20009b90    00000090                      : PowerCC32XX.oem4 (.text:restoreNVICRegs)
                  20009c20    0000008c     nortos_cc32xx.a : HwiPCC32XX_nortos.oem4 (.text:HwiP_construct)
                  20009cac    00000088     driverlib.a : interrupt.obj (.text:IntPendSet)
                  20009d34    00000088                 : pin.obj (.text:PinConfigSet)
                  20009dbc    00000086     rtsv7M4_T_le_eabi.lib : fd_cmp_t2.asm.obj (.text:__aeabi_cdcmple)
                  20009e42    00000086                           : fd_cmp_t2.asm.obj (.text:__aeabi_cdrcmple)
                  20009ec8    00000084     drivers_cc32xx.a : PowerCC32XX.oem4 (.text:Power_init)
                  20009f4c    00000084                      : PowerCC32XX.oem4 (.text:saveNVICRegs)
                  20009fd0    00000080                      : GPIOCC32XX.oem4 (.text:GPIO_write)
                  2000a050    00000080                      : PowerCC32XX.oem4 (.text:Power_setDependency)
                  2000a0d0    0000007c                      : UARTCC32XX.oem4 (.text:readIsrBinaryBlocking)
                  2000a14c    0000007a                      : I2CCC32XX.oem4 (.text:I2CCC32XX_primeReadBurst)
                  2000a1c6    0000007a     rtsv7M4_T_le_eabi.lib : fs_mul_t2.asm.obj (.text)
                  2000a240    0000007a                           : memset_t2.asm.obj (.text)
                  2000a2ba    00000078     drivers_cc32xx.a : UARTCC32XX.oem4 (.text:readIsrBinaryCallback)
                  2000a332    00000074                      : UARTCC32XX.oem4 (.text:UARTCC32XX_hwiIntFxn)
                  2000a3a6    00000002     nortos_cc32xx.a : startup_cc32xx_ccs.oem4 (.text:nmiISR)
                  2000a3a8    00000074     drivers_cc32xx.a : GPIOCC32XX.oem4 (.text:powerNotifyFxn)
                  2000a41c    00000070     rtsv7M4_T_le_eabi.lib : memory.c.obj (.text:split)
                  2000a48c    0000006e                           : _printfi.c.obj (.text:_mcpy)
                  2000a4fa    0000006e                           : fd_tos_t2.asm.obj (.text)
                  2000a568    0000006a     drivers_cc32xx.a : I2CCC32XX.oem4 (.text:I2CSupport_primeTransfer)
                  2000a5d2    00000002     rtsv7M4_T_le_eabi.lib : div0.asm.obj (.text)
                  2000a5d4    00000068                           : sscanf.c.obj (.text:_chkmbc)
                  2000a63c    00000068                           : copy_decompress_lzss.c.obj (.text:decompress:lzss:__TI_decompress_lzss)
                  2000a6a4    00000066     drivers_cc32xx.a : UARTCC32XX.oem4 (.text:UARTCC32XX_writeCancel)
                  2000a70a    00000002     --HOLE-- [fill = 0]
                  2000a70c    00000064                      : GPIOCC32XX.oem4 (.text:GPIO_setInterruptConfig)
                  2000a770    00000064                      : PowerCC32XX.oem4 (.text:PowerCC32XX_setParkState)
                  2000a7d4    00000064     gpiointerrupt.obj (.text:sendStateToServer)
                  2000a838    00000062     drivers_cc32xx.a : UARTCC32XX.oem4 (.text:UARTCC32XX_writePolling)
                  2000a89a    00000002     --HOLE-- [fill = 0]
                  2000a89c    00000060                      : GPIOCC32XX.oem4 (.text:GPIO_hwiIntFxn)
                  2000a8fc    00000060     driverlib.a : prcm.obj (.text:PRCMSysResetCauseGet)
                  2000a95c    00000060     rtsv7M4_T_le_eabi.lib : fs_cmp_t2.asm.obj (.text:__aeabi_cfcmple)
                  2000a9bc    00000060                           : fs_cmp_t2.asm.obj (.text:__aeabi_cfrcmple)
                  2000aa1c    0000005c                           : s_frexp.c.obj (.text:frexp)
                  2000aa78    0000005c     nortos_cc32xx.a : ClockPSysTick_nortos.oem4 (.text:sysTickInit)
                  2000aad4    00000058     driverlib.a : prcm.obj (.text:PRCMPeripheralReset)
                  2000ab2c    00000058     drivers_cc32xx.a : PowerCC32XX.oem4 (.text:Power_releaseDependency)
                  2000ab84    00000056     rtsv7M4_T_le_eabi.lib : _printfi.c.obj (.text:_pconv_f)
                  2000abda    00000054                           : _ltoa.c.obj (.text:__TI_ltoa)
                  2000ac2e    00000002     --HOLE-- [fill = 0]
                  2000ac30    00000054     gpiointerrupt.obj (.text:initializeTemperatureSensor)
                  2000ac84    00000054     drivers_cc32xx.a : UARTCC32XX.oem4 (.text:ringBufGet)
                  2000acd8    00000052                      : PowerCC32XX_asm.oem4 (.text:PowerCC32XX_resumeLPDS)
                  2000ad2a    00000052     rtsv7M4_T_le_eabi.lib : _printfi.c.obj (.text:_ecpy)
                  2000ad7c    00000052     drivers_cc32xx.a : TimerCC32XX.oem4 (.text:initHw)
                  2000adce    00000002     --HOLE-- [fill = 0]
                  2000add0    00000050     nortos_cc32xx.a : ClockPSysTick_nortos.oem4 (.text:ClockP_sysTickHandler)
                  2000ae20    00000050                     : SemaphoreP_nortos.oem4 (.text:SemaphoreP_construct)
                  2000ae70    00000050     drivers_cc32xx.a : TimerCC32XX.oem4 (.text:TimerCC32XX_allocateTimerResource)
                  2000aec0    00000050     gpiointerrupt.obj (.text:handleServerInput)
                  2000af10    0000004c     drivers_cc32xx.a : I2CCC32XX.oem4 (.text:I2CCC32XX_readRecieveFifo)
                  2000af5c    0000004c                      : PowerCC32XX.oem4 (.text:PowerCC32XX_parkPin)
                  2000afa8    0000004c     rtsv7M4_T_le_eabi.lib : atoi.c.obj (.text:atoi)
                  2000aff4    0000004c     gpiointerrupt.obj (.text:initializeHeaterAndButtons)
                  2000b040    0000004c     drivers_cc32xx.a : PowerCC32XX.oem4 (.text:restorePeriphClocks)
                  2000b08c    0000004c     rtsv7M4_T_le_eabi.lib : snprintf.c.obj (.text:snprintf)
                  2000b0d8    00000048     driverlib.a : flash.obj (.text:FlashDisable)
                  2000b120    00000048     drivers_cc32xx.a : GPIOCC32XX.oem4 (.text:GPIO_disableInt)
                  2000b168    00000048                      : GPIOCC32XX.oem4 (.text:GPIO_enableInt)
                  2000b1b0    00000048     driverlib.a : prcm.obj (.text:PRCMLPDSEnter)
                  2000b1f8    00000048                 : prcm.obj (.text:PRCMPeripheralClkEnable)
                  2000b240    00000048     drivers_cc32xx.a : PowerCC32XX.oem4 (.text:Power_releaseConstraint)
                  2000b288    00000048     gpiointerrupt.obj (.text:initializeServerConnection)
                  2000b2d0    00000048     gpiointerrupt.obj (.text:initializeTimer)
                  2000b318    00000048     rtsv7M4_T_le_eabi.lib : fd_toi_t2.asm.obj (.text)
                  2000b360    00000046     drivers_cc32xx.a : RingBuf.oem4 (.text:RingBuf_put)
                  2000b3a6    00000046                      : TimerCC32XX.oem4 (.text:getPrescaler)
                  2000b3ec    00000044     nortos_cc32xx.a : ClockPSysTick_nortos.oem4 (.text:ClockP_stop)
                  2000b430    00000044     driverlib.a : prcm.obj (.text:PRCMLPDSRestoreInfoSet)
                  2000b474    00000044     drivers_cc32xx.a : PowerCC32XX_asm.oem4 (.text:PowerCC32XX_enterLPDS)
                  2000b4b8    00000044     nortos_cc32xx.a : SemaphoreP_nortos.oem4 (.text:SemaphoreP_post)
                  2000b4fc    00000044                     : SwiP_nortos.oem4 (.text:SwiP_restore)
                  2000b540    00000044     drivers_cc32xx.a : Timer.oem4 (.text:Timer_start)
                  2000b584    00000044                      : UART.oem4 (.text:UART_init)
                  2000b5c8    00000044     rtsv7M4_T_le_eabi.lib : autoinit.c.obj (.text:__TI_auto_init_nobinit_nopinit:__TI_auto_init_nobinit_nopinit)
                  2000b60c    00000040     nortos_cc32xx.a : ClockPSysTick_nortos.oem4 (.text:ClockP_construct)
                  2000b64c    00000040     driverlib.a : pin.obj (.text:PinModeSet)
                  2000b68c    00000040     drivers_cc32xx.a : RingBuf.oem4 (.text:RingBuf_get)
                  2000b6cc    00000040                      : TimerCC32XX.oem4 (.text:TimerSupport_timerEnable)
                  2000b70c    00000040                      : TimerCC32XX.oem4 (.text:Timer_close)
                  2000b74c    00000040                      : UARTCC32XX.oem4 (.text:UARTCC32XX_read)
                  2000b78c    00000040                      : UART.oem4 (.text:UART_open)
                  2000b7cc    0000003e     rtsv7M4_T_le_eabi.lib : _printfi.c.obj (.text:_fcpy)
                  2000b80a    00000002     --HOLE-- [fill = 0]
                  2000b80c    0000003c     nortos_cc32xx.a : ClockPSysTick_nortos.oem4 (.text:ClockP_destruct)
                  2000b848    0000003c     drivers_cc32xx.a : PowerCC32XX.oem4 (.text:Power_setConstraint)
                  2000b884    0000003a     nortos_cc32xx.a : PowerCC32XX_nortos.oem4 (.text:getCountsRTC)
                  2000b8be    00000002     --HOLE-- [fill = 0]
                  2000b8c0    00000038     driverlib.a : prcm.obj (.text:PRCMLPDSEnterKeepDebugIf)
                  2000b8f8    00000038     nortos_cc32xx.a : ClockPSysTick_nortos.oem4 (.text:addToList)
                  2000b930    00000038                     : startup_cc32xx_ccs.oem4 (.text:initVectors)
                  2000b968    00000038     drivers_cc32xx.a : PowerCC32XX.oem4 (.text:notify)
                  2000b9a0    00000038     rtsv7M4_T_le_eabi.lib : fs_tod_t2.asm.obj (.text)
                  2000b9d8    00000038                           : i_tofs_t2.asm.obj (.text)
                  2000ba10    00000038                           : sscanf.c.obj (.text:sscanf)
                  2000ba48    00000038     gpiointerrupt.obj (.text:temperatureCallback)
                  2000ba80    00000036     driverlib.a : timer.obj (.text:TimerControlStall)
                  2000bab6    00000036     drivers_cc32xx.a : Timer.oem4 (.text:Timer_stop)
                  2000baec    00000036                      : UARTCC32XX.oem4 (.text:UARTCC32XX_readCancel)
                  2000bb22    00000002     --HOLE-- [fill = 0]
                  2000bb24    00000034     nortos_cc32xx.a : ClockPSysTick_nortos.oem4 (.text:ClockP_getTicksUntilInterrupt)
                  2000bb58    00000034                     : ClockPSysTick_nortos.oem4 (.text:ClockP_startup)
                  2000bb8c    00000034     driverlib.a : pin.obj (.text:PinModeGet)
                  2000bbc0    00000034     drivers_cc32xx.a : PowerCC32XX.oem4 (.text:PowerCC32XX_restoreParkState)
                  2000bbf4    00000034                      : TimerCC32XX.oem4 (.text:TimerCC32XX_freeTimerResource)
                  2000bc28    00000034                      : TimerCC32XX.oem4 (.text:TimerCC32XX_hwiIntFunction)
                  2000bc5c    00000034                      : TimerCC32XX.oem4 (.text:getPowerMgrId)
                  2000bc90    00000030     nortos_cc32xx.a : ClockPSysTick_nortos.oem4 (.text:ClockP_start)
                  2000bcc0    00000030     drivers_cc32xx.a : PowerCC32XX.oem4 (.text:PowerCC32XX_restoreParkedPin)
                  2000bcf0    00000030     rtsv7M4_T_le_eabi.lib : snprintf.c.obj (.text:_outs)
                  2000bd20    00000030     gpiointerrupt.obj (.text:setHeaterState)
                  2000bd50    0000002e     rtsv7M4_T_le_eabi.lib : i_tofd_t2.asm.obj (.text)
                  2000bd7e    00000002     --HOLE-- [fill = 0]
                  2000bd80    0000002c     drivers_cc32xx.a : PowerCC32XX.oem4 (.text:PowerCC32XX_getParkState)
                  2000bdac    0000002a     nortos_cc32xx.a : HwiPCC32XX_nortos.oem4 (.text:HwiP_create)
                  2000bdd6    0000002a     driverlib.a : timer.obj (.text:TimerLoadSet)
                  2000be00    0000002a                 : timer.obj (.text:TimerPrescaleSet)
                  2000be2a    00000028                 : i2c.obj (.text:I2CFIFODataPutNonBlocking)
                  2000be52    00000002     --HOLE-- [fill = 0]
                  2000be54    00000028                 : prcm.obj (.text:PRCMPeripheralClkDisable)
                  2000be7c    00000028     drivers_cc32xx.a : PowerCC32XX.oem4 (.text:Power_registerNotify)
                  2000bea4    00000028     rtsv7M4_T_le_eabi.lib : memory.c.obj (.text:free_list_insert)
                  2000becc    00000026     driverlib.a : i2c.obj (.text:I2CFIFODataGetNonBlocking)
                  2000bef2    00000026     drivers_cc32xx.a : I2C.oem4 (.text:I2C_cancel)
                  2000bf18    00000026                      : List.oem4 (.text:List_put)
                  2000bf3e    00000026                      : List.oem4 (.text:List_remove)
                  2000bf64    00000024     nortos_cc32xx.a : HwiPCC32XX_nortos.oem4 (.text:HwiP_dispatch)
                  2000bf88    00000024     drivers_cc32xx.a : PowerCC32XX.oem4 (.text:PowerCC32XX_reset)
                  2000bfac    00000024                      : TimerCC32XX.oem4 (.text:TimerSupport_timerDisable)
                  2000bfd0    00000024     rtsv7M4_T_le_eabi.lib : boot_cortex_m.c.obj (.text:_c_int00_noargs:_c_int00_noargs)
                  2000bff4    00000022     driverlib.a : i2c.obj (.text:I2CMasterSlaveAddrSet)
                  2000c016    00000020     nortos_cc32xx.a : HwiPCC32XX_nortos.oem4 (.text:HwiP_destruct)
                  2000c036    00000002     --HOLE-- [fill = 0]
                  2000c038    00000020     drivers_cc32xx.a : PowerCC32XX.oem4 (.text:Power_unregisterNotify)
                  2000c058    00000020                      : RingBuf.oem4 (.text:RingBuf_peek)
                  2000c078    00000020                      : UARTCC32XX.oem4 (.text:getPowerMgrId)
                  2000c098    0000001e     driverlib.a : i2c.obj (.text:I2CMasterIntStatusEx)
                  2000c0b6    0000001e     nortos_cc32xx.a : SemaphoreP_nortos.oem4 (.text:SemaphoreP_constructBinary)
                  2000c0d4    0000001e     driverlib.a : timer.obj (.text:TimerDisable)
                  2000c0f2    0000001e                 : timer.obj (.text:TimerEnable)
                  2000c110    0000001c     drivers_cc32xx.a : GPIO.oem4 (.text:GPIO_setCallback)
                  2000c12c    0000001c     driverlib.a : pin.obj (.text:PinToPadGet)
                  2000c148    0000001c     nortos_cc32xx.a : SwiP_nortos.oem4 (.text:SwiP_disable)
                  2000c164    0000001c     gpiointerrupt.obj (.text:decreaseDesiredTemperature)
                  2000c180    0000001c     rtsv7M4_T_le_eabi.lib : memory.c.obj (.text:free_list_remove)
                  2000c19c    0000001c     gpiointerrupt.obj (.text:increaseDesiredTemperature)
                  2000c1b8    0000001c     rtsv7M4_T_le_eabi.lib : memccpy.c.obj (.text:memccpy)
                  2000c1d4    0000001c     gpiointerrupt.obj (.text:serverCallback)
                  2000c1f0    0000001a     nortos_cc32xx.a : ClockPSysTick_nortos.oem4 (.text:ClockP_create)
                  2000c20a    0000001a                     : SemaphoreP_nortos.oem4 (.text:SemaphoreP_createBinary)
                  2000c224    0000001a                     : startup_cc32xx_ccs.oem4 (.text:resetISR)
                  2000c23e    00000018     driverlib.a : i2c.obj (.text:I2CMasterBusBusy)
                  2000c256    00000018                 : i2c.obj (.text:I2CMasterIntDisableEx)
                  2000c26e    00000018                 : i2c.obj (.text:I2CMasterIntEnableEx)
                  2000c286    00000018                 : i2c.obj (.text:I2CRxFIFOFlush)
                  2000c29e    00000018                 : i2c.obj (.text:I2CTxFIFOFlush)
                  2000c2b6    00000002     --HOLE-- [fill = 0]
                  2000c2b8    00000018     drivers_cc32xx.a : PowerCC32XX.oem4 (.text:Power_getTransitionLatency)
                  2000c2d0    00000018                      : PowerCC32XX.oem4 (.text:Power_idleFunc)
                  2000c2e8    00000018     driverlib.a : timer.obj (.text:TimerIntDisable)
                  2000c300    00000018                 : timer.obj (.text:TimerIntEnable)
                  2000c318    00000018                 : uart.obj (.text:UARTBusy)
                  2000c330    00000018                 : uart.obj (.text:UARTIntEnable)
                  2000c348    00000018     drivers_cc32xx.a : UART.oem4 (.text:UART_Params_init)
                  2000c360    00000018     rtsv7M4_T_le_eabi.lib : snprintf.c.obj (.text:_outc)
                  2000c378    00000018                           : ll_mul_t2.asm.obj (.text)
                  2000c390    00000018                           : strrchr.c.obj (.text:strrchr)
                  2000c3a8    00000016     driverlib.a : i2c.obj (.text:I2CMasterBurstLengthSet)
                  2000c3be    00000016                 : prcm.obj (.text:PRCMHIBRegRead)
                  2000c3d4    00000016                 : prcm.obj (.text:PRCMHIBRegWrite)
                  2000c3ea    00000016     nortos_cc32xx.a : SemaphoreP_nortos.oem4 (.text:SemaphoreP_create)
                  2000c400    00000016     rtsv7M4_T_le_eabi.lib : strchr.c.obj (.text:strchr)
                  2000c416    00000014     ti_drivers_config.obj (.text:Board_init)
                  2000c42a    00000014     driverlib.a : cpu.obj (.text:CPUcpsid)
                  2000c43e    00000002     --HOLE-- [fill = 0]
                  2000c440    00000014     nortos_cc32xx.a : HwiPCC32XX_nortos.oem4 (.text:HwiP_inISR)
                  2000c454    00000014     drivers_cc32xx.a : I2CCC32XX.oem4 (.text:I2CSupport_masterFinish)
                  2000c468    00000014                      : I2C.oem4 (.text:I2C_transfer)
                  2000c47c    00000014     driverlib.a : interrupt.obj (.text:IntVTableBaseSet)
                  2000c490    00000014     drivers_cc32xx.a : PowerCC32XX.oem4 (.text:Power_disablePolicy)
                  2000c4a4    00000014                      : PowerCC32XX.oem4 (.text:Power_getDependencyCount)
                  2000c4b8    00000014                      : UARTCC32XX.oem4 (.text:releasePowerConstraint)
                  2000c4cc    00000014     rtsv7M4_T_le_eabi.lib : strcpy.c.obj (.text:strcpy)
                  2000c4e0    00000014                           : strlen.c.obj (.text:strlen)
                  2000c4f4    00000012     nortos_cc32xx.a : HwiPCC32XX_nortos.oem4 (.text:HwiP_Params_init)
                  2000c506    00000012     driverlib.a : i2c.obj (.text:I2CMasterIntClearEx)
                  2000c518    00000012     drivers_cc32xx.a : RingBuf.oem4 (.text:RingBuf_construct)
                  2000c52a    00000012     driverlib.a : timer.obj (.text:TimerIntClear)
                  2000c53c    00000012     rtsv7M4_T_le_eabi.lib : sscanf.c.obj (.text:_inpchar)
                  2000c54e    00000012     main_nortos.obj (.text:main)
                  2000c560    00000012     rtsv7M4_T_le_eabi.lib : wcslen.c.obj (.text:wcslen)
                  2000c572    00000010     nortos_cc32xx.a : ClockPSysTick_nortos.oem4 (.text:ClockP_add)
                  2000c582    00000010                     : ClockPSysTick_nortos.oem4 (.text:ClockP_delete)
                  2000c592    00000002     --HOLE-- [fill = 0]
                  2000c594    00000010                     : ClockPSysTick_nortos.oem4 (.text:ClockP_getCpuFreq)
                  2000c5a4    00000010                     : ClockPSysTick_nortos.oem4 (.text:ClockP_getSystemTicks)
                  2000c5b4    00000010                     : ClockPSysTick_nortos.oem4 (.text:ClockP_setTicks)
                  2000c5c4    00000010                     : HwiPCC32XX_nortos.oem4 (.text:HwiP_delete)
                  2000c5d4    00000010                     : HwiPCC32XX_nortos.oem4 (.text:HwiP_restore)
                  2000c5e4    00000010     driverlib.a : i2c.obj (.text:I2CFIFOStatus)
                  2000c5f4    00000010     drivers_cc32xx.a : I2C.oem4 (.text:I2C_Params_init)
                  2000c604    00000010                      : PowerCC32XX.oem4 (.text:Power_enablePolicy)
                  2000c614    00000010     nortos_cc32xx.a : SemaphoreP_nortos.oem4 (.text:SemaphoreP_Params_init)
                  2000c624    00000010     drivers_cc32xx.a : Timer.oem4 (.text:Timer_Params_init)
                  2000c634    00000010                      : UARTCC32XX.oem4 (.text:readBlockingTimeout)
                  2000c644    00000010     gpiointerrupt.obj (.text:readFromServer)
                  2000c654    00000010     gpiointerrupt.obj (.text:requestTemperature)
                  2000c664    0000000e     nortos_cc32xx.a : HwiPCC32XX_nortos.oem4 (.text:HwiP_clearInterrupt)
                  2000c672    0000000e                     : HwiPCC32XX_nortos.oem4 (.text:HwiP_disable)
                  2000c680    0000000e                     : HwiPCC32XX_nortos.oem4 (.text:HwiP_disableInterrupt)
                  2000c68e    0000000e                     : HwiPCC32XX_nortos.oem4 (.text:HwiP_enable)
                  2000c69c    0000000e                     : HwiPCC32XX_nortos.oem4 (.text:HwiP_enableInterrupt)
                  2000c6aa    0000000e     drivers_cc32xx.a : I2CCC32XX.oem4 (.text:I2CCC32XX_updateReg)
                  2000c6b8    0000000e                      : RingBuf.oem4 (.text:RingBuf_isFull)
                  2000c6c6    0000000e     rtsv7M4_T_le_eabi.lib : copy_decompress_none.c.obj (.text:decompress:none:__TI_decompress_none)
                  2000c6d4    0000000c     drivers_cc32xx.a : I2CCC32XX.oem4 (.text:I2CCC32XX_postNotify)
                  2000c6e0    0000000c                      : PowerCC32XX.oem4 (.text:Power_getConstraintMask)
                  2000c6ec    0000000c     rtsv7M4_T_le_eabi.lib : s_copysign.c.obj (.text:copysign)
                  2000c6f8    0000000c                           : copy_zero_init.c.obj (.text:decompress:ZI:__TI_zero_init)
                  2000c704    0000000c     gpiointerrupt.obj (.text:downButtonCallback)
                  2000c710    0000000c     drivers_cc32xx.a : TimerCC32XX.oem4 (.text:postNotifyFxn)
                  2000c71c    0000000c                      : UARTCC32XX.oem4 (.text:postNotifyFxn)
                  2000c728    0000000c     gpiointerrupt.obj (.text:timerCallback)
                  2000c734    0000000c     gpiointerrupt.obj (.text:upButtonCallback)
                  2000c740    0000000a     nortos_cc32xx.a : ClockPSysTick_nortos.oem4 (.text:ClockP_Params_init)
                  2000c74a    0000000a                     : ClockPSysTick_nortos.oem4 (.text:ClockP_isActive)
                  2000c754    0000000a     driverlib.a : interrupt.obj (.text:IntMasterDisable)
                  2000c75e    0000000a     drivers_cc32xx.a : UART.oem4 (.text:UART_read)
                  2000c768    0000000a                      : UART.oem4 (.text:UART_write)
                  2000c772    00000008                      : I2CCC32XX.oem4 (.text:I2CCC32XX_blockingCallback)
                  2000c77a    00000002     --HOLE-- [fill = 0]
                  2000c77c    00000008     rtsv7M4_T_le_eabi.lib : errno.c.obj (.text:__aeabi_errno_addr)
                  2000c784    00000008                           : sscanf.c.obj (.text:_uninpchar)
                  2000c78c    00000008                           : memory.c.obj (.text:malloc)
                  2000c794    00000008     drivers_cc32xx.a : UARTCC32XX.oem4 (.text:readSemCallback)
                  2000c79c    00000008                      : UARTCC32XX.oem4 (.text:writeSemCallback)
                  2000c7a4    00000006                      : I2CCC32XX.oem4 (.text:I2CSupport_powerRelConstraint)
                  2000c7aa    00000006                      : I2CCC32XX.oem4 (.text:I2CSupport_powerSetConstraint)
                  2000c7b0    00000006     driverlib.a : utils.obj (.text:UtilsDelay)
                  2000c7b6    00000004     nortos_cc32xx.a : ClockPSysTick_nortos.oem4 (.text:ClockP_doTick)
                  2000c7ba    00000004                     : ClockPSysTick_nortos.oem4 (.text:ClockP_setTimeout)
                  2000c7be    00000004                     : HwiPCC32XX_nortos.oem4 (.text:HwiP_post)
                  2000c7c2    00000004                     : SemaphoreP_nortos.oem4 (.text:SemaphoreP_delete)
                  2000c7c6    00000004     rtsv7M4_T_le_eabi.lib : pre_init.c.obj (.text:_system_pre_init)
                  2000c7ca    00000004                           : exit.c.obj (.text:abort:abort)

.const     0    20014eb8    000005cc     
                  20014eb8    00000101     rtsv7M4_T_le_eabi.lib : ctype.c.obj (.const:.string:_ctypes_)
                  20014fb9    00000003     --HOLE-- [fill = 0]
                  20014fbc    00000100     driverlib.a : pin.obj (.const:g_ulPinToPadMap)
                  200150bc    00000004     --HOLE-- [fill = 0]
                  200150c0    000000c8     rtsv7M4_T_le_eabi.lib : strtod.c.obj (.const:$O1$$)
                  20015188    000000a8     driverlib.a : prcm.obj (.const:PRCM_PeriphRegsList)
                  20015230    00000044     ti_drivers_config.obj (.const:PowerCC32XX_config)
                  20015274    00000004     --HOLE-- [fill = 0]
                  20015278    00000030     rtsv7M4_T_le_eabi.lib : e_pow.c.obj (.const:$O1$$)
                  200152a8    00000028     drivers_cc32xx.a : UARTCC32XX.oem4 (.const:UARTCC32XX_fxnTable)
                  200152d0    00000028                      : GPIOCC32XX.oem4 (.const:portConfigs)
                  200152f8    00000024                      : UART.oem4 (.const:UART_defaultParams)
                  2001531c    00000024     ti_drivers_config.obj (.const:uartCC32XXHWAttrs0)
                  20015340    00000021     drivers_cc32xx.a : GPIOCC32XX.oem4 (.const:.string:pinTable)
                  20015361    00000003     --HOLE-- [fill = 0]
                  20015364    00000020                      : UARTCC32XX.oem4 (.const:staticFxnTable)
                  20015384    00000018     driverlib.a : interrupt.obj (.const:g_pulEnRegs)
                  2001539c    00000018                 : interrupt.obj (.const:g_pulPendRegs)
                  200153b4    00000014     ti_drivers_config.obj (.const:i2cCC32XXHWAttrs)
                  200153c8    00000014     drivers_cc32xx.a : UARTCC32XX.oem4 (.const:parityType)
                  200153dc    00000010     rtsv7M4_T_le_eabi.lib : _scanfi.c.obj (.const:$O1$$)
                  200153ec    00000010     ti_drivers_config.obj (.const:GPIO_config)
                  200153fc    00000010     drivers_cc32xx.a : I2C.oem4 (.const:I2C_defaultParams)
                  2001540c    00000010                      : I2CCC32XX.oem4 (.const:I2C_defaultParams)
                  2001541c    00000010                      : UARTCC32XX.oem4 (.const:dataLength)
                  2001542c    00000010     ti_drivers_config.obj (.const:timerCC32XXHWAttrs)
                  2001543c    0000000c     ti_drivers_config.obj (.const:UART_config)
                  20015448    0000000c     drivers_cc32xx.a : Timer.oem4 (.const:defaultParams)
                  20015454    0000000c                      : TimerCC32XX.oem4 (.const:defaultParams)
                  20015460    0000000b     ti_drivers_config.obj (.const)
                  2001546b    00000001     --HOLE-- [fill = 0]
                  2001546c    00000008     ti_drivers_config.obj (.const:I2C_config)
                  20015474    00000008     ti_drivers_config.obj (.const:Timer_config)
                  2001547c    00000008     drivers_cc32xx.a : UARTCC32XX.oem4 (.const:stopBits)

.cinit     0    20015920    00000100     
                  20015920    000000d7     (.cinit..data.load) [load image, compression = lzss]
                  200159f7    00000001     --HOLE-- [fill = 0]
                  200159f8    0000000c     (__TI_handler_table)
                  20015a04    00000004     --HOLE-- [fill = 0]
                  20015a08    00000008     (.cinit..bss.load) [load image, compression = zero_init]
                  20015a10    00000010     (__TI_cinit_table)

.init_array 
*          0    20004000    00000000     UNINITIALIZED

.ramVecs   0    20000000    0000030c     NOLOAD SECTION
                  20000000    0000030c     nortos_cc32xx.a : startup_cc32xx_ccs.oem4 (.ramVecs)

.stack     0    20003000    00001000     UNINITIALIZED
                  20003000    00000004     rtsv7M4_T_le_eabi.lib : boot_cortex_m.c.obj (.stack)
                  20003004    00000ffc     --HOLE--

.resetVecs 
*          0    20004000    00000040     
                  20004000    00000040     nortos_cc32xx.a : startup_cc32xx_ccs.oem4 (.resetVecs:retain)

.sysmem    0    2000c7d0    00008000     UNINITIALIZED
                  2000c7d0    00000010     rtsv7M4_T_le_eabi.lib : memory.c.obj (.sysmem)
                  2000c7e0    00007ff0     --HOLE--

.data      0    200147d0    000006e7     UNINITIALIZED
                  200147d0    0000030c     nortos_cc32xx.a : HwiPCC32XX_nortos.oem4 (.data:HwiP_dispatchTable)
                  20014adc    0000016c     drivers_cc32xx.a : PowerCC32XX.oem4 (.data:PowerCC32XX_module)
                  20014c48    000000f8     ti_drivers_config.obj (.data:parkInfo)
                  20014d40    000000bc     gpiointerrupt.obj (.data:$O1$$)
                  20014dfc    00000084     ti_drivers_config.obj (.data:gpioPinConfigs)
                  20014e80    00000008     rtsv7M4_T_le_eabi.lib : _lock.c.obj (.data:$O1$$)
                  20014e88    00000008                           : memory.c.obj (.data:$O1$$)
                  20014e90    00000008     nortos_cc32xx.a : SemaphoreP_nortos.oem4 (.data:SemaphoreP_defaultParams)
                  20014e98    00000008     gpiointerrupt.obj (.data)
                  20014ea0    00000008     nortos_cc32xx.a : HwiPCC32XX_nortos.oem4 (.data)
                  20014ea8    00000005                     : ClockPSysTick_nortos.oem4 (.data)
                  20014ead    00000003                     : SemaphoreP_nortos.oem4 (.data)
                  20014eb0    00000004     rtsv7M4_T_le_eabi.lib : errno.c.obj (.data)
                  20014eb4    00000002     drivers_cc32xx.a : GPIOCC32XX.oem4 (.data)
                  20014eb6    00000001                      : UART.oem4 (.data)

.bss       0    20015488    00000498     UNINITIALIZED
                  20015488    0000012c     (.common:PowerCC32XX_contextSave)
                  200155b4    000000fc     (.common:i2cCC32XXObjects)
                  200156b0    00000084     (.common:gpioCallbackFunctions)
                  20015734    00000084     (.common:gpioUserArgs)
                  200157b8    00000084     (.common:timerCC32XXObjects)
                  2001583c    00000084     (.common:uartCC32XXObjects0)
                  200158c0    00000020     ti_drivers_config.obj (.bss:uartCC32XXRingBuffer0)
                  200158e0    00000014     drivers_cc32xx.a : GPIOCC32XX.oem4 (.bss:powerNotifyObj)
                  200158f4    00000004                      : GPIOCC32XX.oem4 (.bss)
                  200158f8    00000010     (.common:ClockP_ctrl)
                  20015908    0000000d     nortos_cc32xx.a : SwiP_nortos.oem4 (.bss)
                  20015915    00000003     --HOLE--
                  20015918    00000004                     : ClockPSysTick_nortos.oem4 (.bss)
                  2001591c    00000004     drivers_cc32xx.a : TimerCC32XX.oem4 (.bss:timerState)

.log_data 
*          0    90000000    00000000     COPY SECTION

__llvm_prf_cnts 
*          0    20004000    00000000     UNINITIALIZED

MODULE SUMMARY

       Module                       code    ro data   rw data
       ------                       ----    -------   -------
    .\
       gpiointerrupt.obj            1188    0         196    
       main_nortos.obj              18      0         0      
    +--+----------------------------+-------+---------+---------+
       Total:                       1206    0         196    
                                                             
    .\syscfg\
       ti_drivers_config.obj        22      195       1192   
    +--+----------------------------+-------+---------+---------+
       Total:                       22      195       1192   
                                                             
    C:/ti/simplelink_cc32xx_sdk_6_10_00_05/kernel/nortos/lib/ccs/m4/nortos_cc32xx.a
       HwiPCC32XX_nortos.oem4       394     0         788    
       startup_cc32xx_ccs.oem4      90      64        780    
       ClockPSysTick_nortos.oem4    706     0         25     
       PowerCC32XX_nortos.oem4      476     0         0      
       SemaphoreP_nortos.oem4       410     0         11     
       SwiP_nortos.oem4             96      0         13     
    +--+----------------------------+-------+---------+---------+
       Total:                       2172    64        1617   
                                                             
    C:/ti/simplelink_cc32xx_sdk_6_10_00_05/source/ti/devices/cc32xx/driverlib/ccs/Release/driverlib.a
       prcm.obj                     1604    168       0      
       pin.obj                      280     256       0      
       interrupt.obj                334     48        0      
       i2c.obj                      318     0         0      
       timer.obj                    264     0         0      
       flash.obj                    72      0         0      
       uart.obj                     48      0         0      
       cpu.obj                      20      0         0      
       utils.obj                    6       0         0      
    +--+----------------------------+-------+---------+---------+
       Total:                       2946    472       0      
                                                             
    C:/ti/simplelink_cc32xx_sdk_6_10_00_05/source/ti/drivers/lib/ccs/m4/drivers_cc32xx.a
       UARTCC32XX.oem4              3466    116       0      
       PowerCC32XX.oem4             2432    0         664    
       I2CCC32XX.oem4               1452    16        0      
       GPIOCC32XX.oem4              1068    73        26     
       TimerCC32XX.oem4             876     12        4      
       I2C.oem4                     366     16        0      
       UART.oem4                    176     36        1      
       RingBuf.oem4                 198     0         0      
       Timer.oem4                   140     12        0      
       PowerCC32XX_asm.oem4         150     0         0      
       List.oem4                    76      0         0      
       GPIO.oem4                    28      0         0      
    +--+----------------------------+-------+---------+---------+
       Total:                       10428   281       695    
                                                             
    C:\ti\ccs1120\ccs\tools\compiler\ti-cgt-arm_20.2.6.LTS\lib\rtsv7M4_T_le_eabi.lib
       _printfi.c.obj               4835    0         0      
       _scanfi.c.obj                2808    16        0      
       e_pow.c.obj                  2492    48        0      
       strtod.c.obj                 1108    200       0      
       memory.c.obj                 672     0         8      
       strtoll.c.obj                476     0         0      
       fd_add_t2.asm.obj            438     0         0      
       e_sqrt.c.obj                 348     0         0      
       strtoull.c.obj               348     0         0      
       fd_div_t2.asm.obj            310     0         0      
       strtol.c.obj                 304     0         0      
       strtoul.c.obj                272     0         0      
       fd_cmp_t2.asm.obj            268     0         0      
       ctype.c.obj                  0       257       0      
       fd_mul_t2.asm.obj            252     0         0      
       fs_add_t2.asm.obj            250     0         0      
       s_floor.c.obj                244     0         0      
       s_scalbn.c.obj               208     0         0      
       fs_cmp_t2.asm.obj            192     0         0      
       sscanf.c.obj                 186     0         0      
       s_round.c.obj                176     0         0      
       memcpy_t2.asm.obj            156     0         0      
       ull_div_t2.asm.obj           150     0         0      
       snprintf.c.obj               148     0         0      
       fs_mul_t2.asm.obj            122     0         0      
       memset_t2.asm.obj            122     0         0      
       fd_tos_t2.asm.obj            110     0         0      
       copy_decompress_lzss.c.obj   104     0         0      
       s_frexp.c.obj                92      0         0      
       _ltoa.c.obj                  84      0         0      
       atoi.c.obj                   76      0         0      
       fd_toi_t2.asm.obj            72      0         0      
       autoinit.c.obj               68      0         0      
       fs_tod_t2.asm.obj            56      0         0      
       i_tofs_t2.asm.obj            56      0         0      
       i_tofd_t2.asm.obj            46      0         0      
       boot_cortex_m.c.obj          36      0         0      
       memccpy.c.obj                28      0         0      
       ll_mul_t2.asm.obj            24      0         0      
       strrchr.c.obj                24      0         0      
       strchr.c.obj                 22      0         0      
       strcpy.c.obj                 20      0         0      
       strlen.c.obj                 20      0         0      
       wcslen.c.obj                 18      0         0      
       copy_decompress_none.c.obj   14      0         0      
       copy_zero_init.c.obj         12      0         0      
       errno.c.obj                  8       0         4      
       s_copysign.c.obj             12      0         0      
       _lock.c.obj                  2       0         8      
       exit.c.obj                   4       0         0      
       pre_init.c.obj               4       0         0      
       div0.asm.obj                 2       0         0      
    +--+----------------------------+-------+---------+---------+
       Total:                       17899   521       20     
                                                             
       Heap:                        0       0         32768  
       Stack:                       0       0         4096   
       Linker Generated:            0       251       0      
    +--+----------------------------+-------+---------+---------+
       Grand Total:                 34673   1784      40584  


LINKER GENERATED COPY TABLES

__TI_cinit_table @ 20015a10 records: 2, size/record: 8, table size: 16
	.data: load addr=20015920, load size=000000d7 bytes, run addr=200147d0, run size=000006e7 bytes, compression=lzss
	.bss: load addr=20015a08, load size=00000008 bytes, run addr=20015488, run size=00000498 bytes, compression=zero_init


LINKER GENERATED HANDLER TABLE

__TI_handler_table @ 200159f8 records: 3, size/record: 4, table size: 12
	index: 0, handler: __TI_decompress_lzss
	index: 1, handler: __TI_decompress_none
	index: 2, handler: __TI_zero_init


GLOBAL SYMBOLS: SORTED ALPHABETICALLY BY Name 

address   name                             
-------   ----                             
2000c417  Board_init                       
20005587  Board_initHook                   
2000c7cb  C$$EXIT                          
20015462  CONFIG_GPIO_BUTTON_0_CONST       
20015463  CONFIG_GPIO_BUTTON_1_CONST       
20015464  CONFIG_GPIO_LED_0_CONST          
20015465  CONFIG_I2C_0_CONST               
20015467  CONFIG_TIMER_0_CONST             
20015469  CONFIG_UART_0_CONST              
2000c42b  CPUcpsid                         
2000c741  ClockP_Params_init               
2000c573  ClockP_add                       
2000b60d  ClockP_construct                 
2000c1f1  ClockP_create                    
200158f8  ClockP_ctrl                      
2000c583  ClockP_delete                    
2000b80d  ClockP_destruct                  
2000c7b7  ClockP_doTick                    
2000c595  ClockP_getCpuFreq                
2000c5a5  ClockP_getSystemTicks            
2000bb25  ClockP_getTicksUntilInterrupt    
2000c74b  ClockP_isActive                  
2000c5b5  ClockP_setTicks                  
2000c7bb  ClockP_setTimeout                
2000bc91  ClockP_start                     
2000bb59  ClockP_startup                   
2000b3ed  ClockP_stop                      
2000add1  ClockP_sysTickHandler            
20014ea8  ClockP_tickPeriod                
2000b0d9  FlashDisable                     
200153ec  GPIO_config                      
2000b121  GPIO_disableInt                  
2000b169  GPIO_enableInt                   
2000a89d  GPIO_hwiIntFxn                   
20009b01  GPIO_init                        
20015460  GPIO_pinLowerBound               
20015461  GPIO_pinUpperBound               
2000c111  GPIO_setCallback                 
2000766d  GPIO_setConfig                   
2000a70d  GPIO_setInterruptConfig          
20009fd1  GPIO_write                       
2000c4f5  HwiP_Params_init                 
2000c665  HwiP_clearInterrupt              
20009c21  HwiP_construct                   
2000bdad  HwiP_create                      
2000c5c5  HwiP_delete                      
2000c017  HwiP_destruct                    
2000c673  HwiP_disable                     
2000c681  HwiP_disableInterrupt            
2000bf65  HwiP_dispatch                    
2000c68f  HwiP_enable                      
2000c69d  HwiP_enableInterrupt             
2000c441  HwiP_inISR                       
20014ea0  HwiP_key                         
2000c7bf  HwiP_post                        
2000c5d5  HwiP_restore                     
20014ea4  HwiP_swiPIntNum                  
2000becd  I2CFIFODataGetNonBlocking        
2000be2b  I2CFIFODataPutNonBlocking        
2000c5e5  I2CFIFOStatus                    
2000c3a9  I2CMasterBurstLengthSet          
2000c23f  I2CMasterBusBusy                 
2000c507  I2CMasterIntClearEx              
2000c257  I2CMasterIntDisableEx            
2000c26f  I2CMasterIntEnableEx             
2000c099  I2CMasterIntStatusEx             
2000bff5  I2CMasterSlaveAddrSet            
2000c287  I2CRxFIFOFlush                   
2000c455  I2CSupport_masterFinish          
2000c7a5  I2CSupport_powerRelConstraint    
2000c7ab  I2CSupport_powerSetConstraint    
2000a569  I2CSupport_primeTransfer         
2000c29f  I2CTxFIFOFlush                   
2000c5f5  I2C_Params_init                  
2000bef3  I2C_cancel                       
2001546c  I2C_config                       
20015466  I2C_count                        
200153fc  I2C_defaultParams                
20007213  I2C_init                         
200086fd  I2C_open                         
2000c469  I2C_transfer                     
20008189  I2C_transferTimeout              
UNDEFED   ITM_flush                        
UNDEFED   ITM_restore                      
20009561  IntEnable                        
2000c755  IntMasterDisable                 
20009cad  IntPendSet                       
2000c47d  IntVTableBaseSet                 
2000bf19  List_put                         
2000bf3f  List_remove                      
2000c68f  NoRTOS_start                     
20006399  PRCMCC3200MCUInit                
2000c3bf  PRCMHIBRegRead                   
2000c3d5  PRCMHIBRegWrite                  
2000b1b1  PRCMLPDSEnter                    
2000b8c1  PRCMLPDSEnterKeepDebugIf         
2000b431  PRCMLPDSRestoreInfoSet           
2000be55  PRCMPeripheralClkDisable         
2000b1f9  PRCMPeripheralClkEnable          
2000aad5  PRCMPeripheralReset              
2000a8fd  PRCMSysResetCauseGet             
20009d35  PinConfigSet                     
2000bb8d  PinModeGet                       
2000b64d  PinModeSet                       
2000c12d  PinToPadGet                      
20015230  PowerCC32XX_config               
20009609  PowerCC32XX_configureWakeup      
20015488  PowerCC32XX_contextSave          
2000b475  PowerCC32XX_enterLPDS            
2000bd81  PowerCC32XX_getParkState         
20007f33  PowerCC32XX_initPolicy           
20014adc  PowerCC32XX_module               
2000af5d  PowerCC32XX_parkPin              
2000bf89  PowerCC32XX_reset                
2000bbc1  PowerCC32XX_restoreParkState     
2000bcc1  PowerCC32XX_restoreParkedPin     
2000acd9  PowerCC32XX_resumeLPDS           
2000a771  PowerCC32XX_setParkState         
20007215  PowerCC32XX_sleepPolicy          
2000c491  Power_disablePolicy              
2000c605  Power_enablePolicy               
2000c6e1  Power_getConstraintMask          
2000c4a5  Power_getDependencyCount         
2000c2b9  Power_getTransitionLatency       
2000c2d1  Power_idleFunc                   
20009ec9  Power_init                       
2000be7d  Power_registerNotify             
2000b241  Power_releaseConstraint          
2000ab2d  Power_releaseDependency          
2000b849  Power_setConstraint              
2000a051  Power_setDependency              
20007b8d  Power_sleep                      
2000c039  Power_unregisterNotify           
2000c519  RingBuf_construct                
2000b68d  RingBuf_get                      
2000c6b9  RingBuf_isFull                   
2000c059  RingBuf_peek                     
2000b361  RingBuf_put                      
2000c615  SemaphoreP_Params_init           
2000ae21  SemaphoreP_construct             
2000c0b7  SemaphoreP_constructBinary       
2000c3eb  SemaphoreP_create                
2000c20b  SemaphoreP_createBinary          
20014e90  SemaphoreP_defaultParams         
2000c7c3  SemaphoreP_delete                
200082ab  SemaphoreP_destruct              
200097f5  SemaphoreP_pend                  
2000b4b9  SemaphoreP_post                  
2000c149  SwiP_disable                     
2000b4fd  SwiP_restore                     
2000ae71  TimerCC32XX_allocateTimerResource
2000bbf5  TimerCC32XX_freeTimerResource    
2000ba81  TimerControlStall                
2000c0d5  TimerDisable                     
2000c0f3  TimerEnable                      
2000c52b  TimerIntClear                    
2000c2e9  TimerIntDisable                  
2000c301  TimerIntEnable                   
2000bdd7  TimerLoadSet                     
2000be01  TimerPrescaleSet                 
2000bfad  TimerSupport_timerDisable        
2000b6cd  TimerSupport_timerEnable         
2000c625  Timer_Params_init                
2000b70d  Timer_close                      
20015474  Timer_config                     
20015468  Timer_count                      
200089ef  Timer_init                       
20007cc5  Timer_open                       
2000b541  Timer_start                      
2000bab7  Timer_stop                       
2000c319  UARTBusy                         
200082ad  UARTCC32XX_close                 
20008ae5  UARTCC32XX_control               
200152a8  UARTCC32XX_fxnTable              
20008bd7  UARTCC32XX_init                  
200067c5  UARTCC32XX_open                  
2000b74d  UARTCC32XX_read                  
2000baed  UARTCC32XX_readCancel            
20008f19  UARTCC32XX_readPolling           
20008d8d  UARTCC32XX_write                 
2000a6a5  UARTCC32XX_writeCancel           
2000a839  UARTCC32XX_writePolling          
2000c331  UARTIntEnable                    
2000c349  UART_Params_init                 
2001543c  UART_config                      
2001546a  UART_count                       
200152f8  UART_defaultParams               
2000b585  UART_init                        
2000b78d  UART_open                        
2000c75f  UART_read                        
2000c769  UART_write                       
2000c7b1  UtilsDelay                       
20004000  __STACK_END                      
00001000  __STACK_SIZE                     
00008000  __SYSMEM_SIZE                    
20015a10  __TI_CINIT_Base                  
20015a20  __TI_CINIT_Limit                 
200159f8  __TI_Handler_Table_Base          
20015a04  __TI_Handler_Table_Limit         
2000b5c9  __TI_auto_init_nobinit_nopinit   
2000a63d  __TI_decompress_lzss             
2000c6c7  __TI_decompress_none             
2000abdb  __TI_ltoa                        
ffffffff  __TI_pprof_out_hndl              
20004b39  __TI_printfi                     
ffffffff  __TI_prof_data_size              
ffffffff  __TI_prof_data_start             
20004041  __TI_scanfi                      
20015920  __TI_static_base__               
2000c6f9  __TI_zero_init                   
20009dbd  __aeabi_cdcmpeq                  
20009dbd  __aeabi_cdcmple                  
20009e43  __aeabi_cdrcmple                 
2000a95d  __aeabi_cfcmpeq                  
2000a95d  __aeabi_cfcmple                  
2000a9bd  __aeabi_cfrcmple                 
2000a4fb  __aeabi_d2f                      
2000b319  __aeabi_d2iz                     
20007067  __aeabi_dadd                     
20007dfd  __aeabi_ddiv                     
200087f9  __aeabi_dmul                     
2000705d  __aeabi_dsub                     
2000c77d  __aeabi_errno_addr               
2000b9a1  __aeabi_f2d                      
200088f9  __aeabi_fadd                     
2000a1c7  __aeabi_fmul                     
200088f5  __aeabi_fsub                     
2000bd51  __aeabi_i2d                      
2000b9d9  __aeabi_i2f                      
2000a5d3  __aeabi_idiv0                    
2000a5d3  __aeabi_ldiv0                    
2000c379  __aeabi_lmul                     
2000a241  __aeabi_memclr                   
2000a241  __aeabi_memclr4                  
2000a241  __aeabi_memclr8                  
20009931  __aeabi_memcpy                   
20009931  __aeabi_memcpy4                  
20009931  __aeabi_memcpy8                  
2000a243  __aeabi_memset                   
2000a243  __aeabi_memset4                  
2000a243  __aeabi_memset8                  
20009a69  __aeabi_uldivmod                 
ffffffff  __binit__                        
ffffffff  __c_args__                       
UNDEFED   __mpu_init                       
20003000  __stack                          
20004000  __start___llvm_prf_cnts          
20004000  __stop___llvm_prf_cnts           
2000bfd1  _c_int00_noargs                  
20014eb8  _ctypes_                         
20014e80  _lock                            
20008e57  _nop                             
2000c7d0  _sys_memory                      
UNDEFED   _system_post_cinit               
2000c7c7  _system_pre_init                 
20014e84  _unlock                          
2000c7cb  abort                            
200085fd  aligned_alloc                    
20014d50  ambientTemperature               
2000afa9  atoi                             
ffffffff  binit                            
20009357  clkFxn                           
2000c6ed  copysign                         
2000c6ed  copysignl                        
2000c165  decreaseDesiredTemperature       
20014d4c  desiredTemperature               
2000c705  downButtonCallback               
20014e99  downButtonFlag                   
20014eb0  errno                            
200089f1  floor                            
200089f1  floorl                           
20008bd9  free                             
2000aa1d  frexp                            
2000aa1d  frexpl                           
200156b0  gpioCallbackFunctions            
20014dfc  gpioPinConfigs                   
20015734  gpioUserArgs                     
2000aec1  handleServerInput                
20014d41  heaterState                      
200153b4  i2cCC32XXHWAttrs                 
200155b4  i2cCC32XXObjects                 
2000c19d  increaseDesiredTemperature       
2000b931  initVectors                      
2000aff5  initializeHeaterAndButtons       
2000b289  initializeServerConnection       
2000ac31  initializeTemperatureSensor      
2000b2d1  initializeTimer                  
20008cbd  ldexp                            
20008cbd  ldexpl                           
2000c54f  main                             
20008065  mainThread                       
2000c78d  malloc                           
200085fd  memalign                         
2000c1b9  memccpy                          
20009931  memcpy                           
2000a249  memset                           
20014c48  parkInfo                         
20005589  pow                              
20005589  powl                             
20014d42  preventRemoteSet                 
2000c645  readFromServer                   
2000c655  requestTemperature               
2000c225  resetISR                         
2000c238  resetVectorAddr                  
20004000  resetVectors                     
20009359  round                            
20009359  roundl                           
20008cbd  scalbn                           
20008cbd  scalbnl                          
2000a7d5  sendStateToServer                
2000c1d5  serverCallback                   
20014d7c  serverInput                      
20014e9b  serverInputFlag                  
20014dbc  serverOutput                     
200099cd  setDesiredTemperature            
2000bd21  setHeaterState                   
2000b08d  snprintf                         
200073b5  sqrt                             
200073b5  sqrtl                            
2000ba11  sscanf                           
2000c401  strchr                           
2000c4cd  strcpy                           
2000c4e1  strlen                           
2000c391  strrchr                          
20005f45  strtod                           
20007f35  strtol                           
20005f45  strtold                          
20006cb5  strtoll                          
200084ed  strtoul                          
20007511  strtoull                         
20014d48  tempSensorHandle                 
20014d43  tempSensorRxBuffer               
20014d5c  tempSensorTransaction            
20014d40  tempSensorTxBuffer               
2000ba49  temperatureCallback              
20014e9c  temperatureFlag                  
20014e9e  temperatureReading               
20014d54  timer                            
2001542c  timerCC32XXHWAttrs               
200157b8  timerCC32XXObjects               
2000c729  timerCallback                    
20014e98  timerFlag                        
20014d58  uart                             
2001583c  uartCC32XXObjects0               
2000c735  upButtonCallback                 
20014e9a  upButtonFlag                     
2000c561  wcslen                           


GLOBAL SYMBOLS: SORTED BY Symbol Address 

address   name                             
-------   ----                             
00001000  __STACK_SIZE                     
00008000  __SYSMEM_SIZE                    
20003000  __stack                          
20004000  __STACK_END                      
20004000  __start___llvm_prf_cnts          
20004000  __stop___llvm_prf_cnts           
20004000  resetVectors                     
20004041  __TI_scanfi                      
20004b39  __TI_printfi                     
20005587  Board_initHook                   
20005589  pow                              
20005589  powl                             
20005f45  strtod                           
20005f45  strtold                          
20006399  PRCMCC3200MCUInit                
200067c5  UARTCC32XX_open                  
20006cb5  strtoll                          
2000705d  __aeabi_dsub                     
20007067  __aeabi_dadd                     
20007213  I2C_init                         
20007215  PowerCC32XX_sleepPolicy          
200073b5  sqrt                             
200073b5  sqrtl                            
20007511  strtoull                         
2000766d  GPIO_setConfig                   
20007b8d  Power_sleep                      
20007cc5  Timer_open                       
20007dfd  __aeabi_ddiv                     
20007f33  PowerCC32XX_initPolicy           
20007f35  strtol                           
20008065  mainThread                       
20008189  I2C_transferTimeout              
200082ab  SemaphoreP_destruct              
200082ad  UARTCC32XX_close                 
200084ed  strtoul                          
200085fd  aligned_alloc                    
200085fd  memalign                         
200086fd  I2C_open                         
200087f9  __aeabi_dmul                     
200088f5  __aeabi_fsub                     
200088f9  __aeabi_fadd                     
200089ef  Timer_init                       
200089f1  floor                            
200089f1  floorl                           
20008ae5  UARTCC32XX_control               
20008bd7  UARTCC32XX_init                  
20008bd9  free                             
20008cbd  ldexp                            
20008cbd  ldexpl                           
20008cbd  scalbn                           
20008cbd  scalbnl                          
20008d8d  UARTCC32XX_write                 
20008e57  _nop                             
20008f19  UARTCC32XX_readPolling           
20009357  clkFxn                           
20009359  round                            
20009359  roundl                           
20009561  IntEnable                        
20009609  PowerCC32XX_configureWakeup      
200097f5  SemaphoreP_pend                  
20009931  __aeabi_memcpy                   
20009931  __aeabi_memcpy4                  
20009931  __aeabi_memcpy8                  
20009931  memcpy                           
200099cd  setDesiredTemperature            
20009a69  __aeabi_uldivmod                 
20009b01  GPIO_init                        
20009c21  HwiP_construct                   
20009cad  IntPendSet                       
20009d35  PinConfigSet                     
20009dbd  __aeabi_cdcmpeq                  
20009dbd  __aeabi_cdcmple                  
20009e43  __aeabi_cdrcmple                 
20009ec9  Power_init                       
20009fd1  GPIO_write                       
2000a051  Power_setDependency              
2000a1c7  __aeabi_fmul                     
2000a241  __aeabi_memclr                   
2000a241  __aeabi_memclr4                  
2000a241  __aeabi_memclr8                  
2000a243  __aeabi_memset                   
2000a243  __aeabi_memset4                  
2000a243  __aeabi_memset8                  
2000a249  memset                           
2000a4fb  __aeabi_d2f                      
2000a569  I2CSupport_primeTransfer         
2000a5d3  __aeabi_idiv0                    
2000a5d3  __aeabi_ldiv0                    
2000a63d  __TI_decompress_lzss             
2000a6a5  UARTCC32XX_writeCancel           
2000a70d  GPIO_setInterruptConfig          
2000a771  PowerCC32XX_setParkState         
2000a7d5  sendStateToServer                
2000a839  UARTCC32XX_writePolling          
2000a89d  GPIO_hwiIntFxn                   
2000a8fd  PRCMSysResetCauseGet             
2000a95d  __aeabi_cfcmpeq                  
2000a95d  __aeabi_cfcmple                  
2000a9bd  __aeabi_cfrcmple                 
2000aa1d  frexp                            
2000aa1d  frexpl                           
2000aad5  PRCMPeripheralReset              
2000ab2d  Power_releaseDependency          
2000abdb  __TI_ltoa                        
2000ac31  initializeTemperatureSensor      
2000acd9  PowerCC32XX_resumeLPDS           
2000add1  ClockP_sysTickHandler            
2000ae21  SemaphoreP_construct             
2000ae71  TimerCC32XX_allocateTimerResource
2000aec1  handleServerInput                
2000af5d  PowerCC32XX_parkPin              
2000afa9  atoi                             
2000aff5  initializeHeaterAndButtons       
2000b08d  snprintf                         
2000b0d9  FlashDisable                     
2000b121  GPIO_disableInt                  
2000b169  GPIO_enableInt                   
2000b1b1  PRCMLPDSEnter                    
2000b1f9  PRCMPeripheralClkEnable          
2000b241  Power_releaseConstraint          
2000b289  initializeServerConnection       
2000b2d1  initializeTimer                  
2000b319  __aeabi_d2iz                     
2000b361  RingBuf_put                      
2000b3ed  ClockP_stop                      
2000b431  PRCMLPDSRestoreInfoSet           
2000b475  PowerCC32XX_enterLPDS            
2000b4b9  SemaphoreP_post                  
2000b4fd  SwiP_restore                     
2000b541  Timer_start                      
2000b585  UART_init                        
2000b5c9  __TI_auto_init_nobinit_nopinit   
2000b60d  ClockP_construct                 
2000b64d  PinModeSet                       
2000b68d  RingBuf_get                      
2000b6cd  TimerSupport_timerEnable         
2000b70d  Timer_close                      
2000b74d  UARTCC32XX_read                  
2000b78d  UART_open                        
2000b80d  ClockP_destruct                  
2000b849  Power_setConstraint              
2000b8c1  PRCMLPDSEnterKeepDebugIf         
2000b931  initVectors                      
2000b9a1  __aeabi_f2d                      
2000b9d9  __aeabi_i2f                      
2000ba11  sscanf                           
2000ba49  temperatureCallback              
2000ba81  TimerControlStall                
2000bab7  Timer_stop                       
2000baed  UARTCC32XX_readCancel            
2000bb25  ClockP_getTicksUntilInterrupt    
2000bb59  ClockP_startup                   
2000bb8d  PinModeGet                       
2000bbc1  PowerCC32XX_restoreParkState     
2000bbf5  TimerCC32XX_freeTimerResource    
2000bc91  ClockP_start                     
2000bcc1  PowerCC32XX_restoreParkedPin     
2000bd21  setHeaterState                   
2000bd51  __aeabi_i2d                      
2000bd81  PowerCC32XX_getParkState         
2000bdad  HwiP_create                      
2000bdd7  TimerLoadSet                     
2000be01  TimerPrescaleSet                 
2000be2b  I2CFIFODataPutNonBlocking        
2000be55  PRCMPeripheralClkDisable         
2000be7d  Power_registerNotify             
2000becd  I2CFIFODataGetNonBlocking        
2000bef3  I2C_cancel                       
2000bf19  List_put                         
2000bf3f  List_remove                      
2000bf65  HwiP_dispatch                    
2000bf89  PowerCC32XX_reset                
2000bfad  TimerSupport_timerDisable        
2000bfd1  _c_int00_noargs                  
2000bff5  I2CMasterSlaveAddrSet            
2000c017  HwiP_destruct                    
2000c039  Power_unregisterNotify           
2000c059  RingBuf_peek                     
2000c099  I2CMasterIntStatusEx             
2000c0b7  SemaphoreP_constructBinary       
2000c0d5  TimerDisable                     
2000c0f3  TimerEnable                      
2000c111  GPIO_setCallback                 
2000c12d  PinToPadGet                      
2000c149  SwiP_disable                     
2000c165  decreaseDesiredTemperature       
2000c19d  increaseDesiredTemperature       
2000c1b9  memccpy                          
2000c1d5  serverCallback                   
2000c1f1  ClockP_create                    
2000c20b  SemaphoreP_createBinary          
2000c225  resetISR                         
2000c238  resetVectorAddr                  
2000c23f  I2CMasterBusBusy                 
2000c257  I2CMasterIntDisableEx            
2000c26f  I2CMasterIntEnableEx             
2000c287  I2CRxFIFOFlush                   
2000c29f  I2CTxFIFOFlush                   
2000c2b9  Power_getTransitionLatency       
2000c2d1  Power_idleFunc                   
2000c2e9  TimerIntDisable                  
2000c301  TimerIntEnable                   
2000c319  UARTBusy                         
2000c331  UARTIntEnable                    
2000c349  UART_Params_init                 
2000c379  __aeabi_lmul                     
2000c391  strrchr                          
2000c3a9  I2CMasterBurstLengthSet          
2000c3bf  PRCMHIBRegRead                   
2000c3d5  PRCMHIBRegWrite                  
2000c3eb  SemaphoreP_create                
2000c401  strchr                           
2000c417  Board_init                       
2000c42b  CPUcpsid                         
2000c441  HwiP_inISR                       
2000c455  I2CSupport_masterFinish          
2000c469  I2C_transfer                     
2000c47d  IntVTableBaseSet                 
2000c491  Power_disablePolicy              
2000c4a5  Power_getDependencyCount         
2000c4cd  strcpy                           
2000c4e1  strlen                           
2000c4f5  HwiP_Params_init                 
2000c507  I2CMasterIntClearEx              
2000c519  RingBuf_construct                
2000c52b  TimerIntClear                    
2000c54f  main                             
2000c561  wcslen                           
2000c573  ClockP_add                       
2000c583  ClockP_delete                    
2000c595  ClockP_getCpuFreq                
2000c5a5  ClockP_getSystemTicks            
2000c5b5  ClockP_setTicks                  
2000c5c5  HwiP_delete                      
2000c5d5  HwiP_restore                     
2000c5e5  I2CFIFOStatus                    
2000c5f5  I2C_Params_init                  
2000c605  Power_enablePolicy               
2000c615  SemaphoreP_Params_init           
2000c625  Timer_Params_init                
2000c645  readFromServer                   
2000c655  requestTemperature               
2000c665  HwiP_clearInterrupt              
2000c673  HwiP_disable                     
2000c681  HwiP_disableInterrupt            
2000c68f  HwiP_enable                      
2000c68f  NoRTOS_start                     
2000c69d  HwiP_enableInterrupt             
2000c6b9  RingBuf_isFull                   
2000c6c7  __TI_decompress_none             
2000c6e1  Power_getConstraintMask          
2000c6ed  copysign                         
2000c6ed  copysignl                        
2000c6f9  __TI_zero_init                   
2000c705  downButtonCallback               
2000c729  timerCallback                    
2000c735  upButtonCallback                 
2000c741  ClockP_Params_init               
2000c74b  ClockP_isActive                  
2000c755  IntMasterDisable                 
2000c75f  UART_read                        
2000c769  UART_write                       
2000c77d  __aeabi_errno_addr               
2000c78d  malloc                           
2000c7a5  I2CSupport_powerRelConstraint    
2000c7ab  I2CSupport_powerSetConstraint    
2000c7b1  UtilsDelay                       
2000c7b7  ClockP_doTick                    
2000c7bb  ClockP_setTimeout                
2000c7bf  HwiP_post                        
2000c7c3  SemaphoreP_delete                
2000c7c7  _system_pre_init                 
2000c7cb  C$$EXIT                          
2000c7cb  abort                            
2000c7d0  _sys_memory                      
20014adc  PowerCC32XX_module               
20014c48  parkInfo                         
20014d40  tempSensorTxBuffer               
20014d41  heaterState                      
20014d42  preventRemoteSet                 
20014d43  tempSensorRxBuffer               
20014d48  tempSensorHandle                 
20014d4c  desiredTemperature               
20014d50  ambientTemperature               
20014d54  timer                            
20014d58  uart                             
20014d5c  tempSensorTransaction            
20014d7c  serverInput                      
20014dbc  serverOutput                     
20014dfc  gpioPinConfigs                   
20014e80  _lock                            
20014e84  _unlock                          
20014e90  SemaphoreP_defaultParams         
20014e98  timerFlag                        
20014e99  downButtonFlag                   
20014e9a  upButtonFlag                     
20014e9b  serverInputFlag                  
20014e9c  temperatureFlag                  
20014e9e  temperatureReading               
20014ea0  HwiP_key                         
20014ea4  HwiP_swiPIntNum                  
20014ea8  ClockP_tickPeriod                
20014eb0  errno                            
20014eb8  _ctypes_                         
20015230  PowerCC32XX_config               
200152a8  UARTCC32XX_fxnTable              
200152f8  UART_defaultParams               
200153b4  i2cCC32XXHWAttrs                 
200153ec  GPIO_config                      
200153fc  I2C_defaultParams                
2001542c  timerCC32XXHWAttrs               
2001543c  UART_config                      
20015460  GPIO_pinLowerBound               
20015461  GPIO_pinUpperBound               
20015462  CONFIG_GPIO_BUTTON_0_CONST       
20015463  CONFIG_GPIO_BUTTON_1_CONST       
20015464  CONFIG_GPIO_LED_0_CONST          
20015465  CONFIG_I2C_0_CONST               
20015466  I2C_count                        
20015467  CONFIG_TIMER_0_CONST             
20015468  Timer_count                      
20015469  CONFIG_UART_0_CONST              
2001546a  UART_count                       
2001546c  I2C_config                       
20015474  Timer_config                     
20015488  PowerCC32XX_contextSave          
200155b4  i2cCC32XXObjects                 
200156b0  gpioCallbackFunctions            
20015734  gpioUserArgs                     
200157b8  timerCC32XXObjects               
2001583c  uartCC32XXObjects0               
200158f8  ClockP_ctrl                      
20015920  __TI_static_base__               
200159f8  __TI_Handler_Table_Base          
20015a04  __TI_Handler_Table_Limit         
20015a10  __TI_CINIT_Base                  
20015a20  __TI_CINIT_Limit                 
ffffffff  __TI_pprof_out_hndl              
ffffffff  __TI_prof_data_size              
ffffffff  __TI_prof_data_start             
ffffffff  __binit__                        
ffffffff  __c_args__                       
ffffffff  binit                            
UNDEFED   ITM_flush                        
UNDEFED   ITM_restore                      
UNDEFED   __mpu_init                       
UNDEFED   _system_post_cinit               

[347 symbols]
