<?xml version="1.0" encoding="ISO-8859-1" ?>
<link_info>
   <banner>TI ARM Linker PC v20.2.6.LTS</banner>
   <copyright>Copyright (c) 1996-2018 Texas Instruments Incorporated</copyright>
   <link_time>0x62acf56b</link_time>
   <link_errors>0x0</link_errors>
   <output_file>gpiointerrupt_CC3220S_LAUNCHXL_nortos_ccs.out</output_file>
   <entry_point>
      <name>resetISR</name>
      <address>0x2000c225</address>
   </entry_point>
   <input_file_list>
      <input_file id="fl-2">
         <path>.\</path>
         <kind>object</kind>
         <file>gpiointerrupt.obj</file>
         <name>gpiointerrupt.obj</name>
      </input_file>
      <input_file id="fl-3">
         <path>.\syscfg\</path>
         <kind>object</kind>
         <file>ti_drivers_config.obj</file>
         <name>ti_drivers_config.obj</name>
      </input_file>
      <input_file id="fl-4">
         <path>.\</path>
         <kind>object</kind>
         <file>main_nortos.obj</file>
         <name>main_nortos.obj</name>
      </input_file>
      <input_file id="fl-d">
         <kind>object</kind>
         <file>&lt;internal&gt;</file>
         <name>&lt;internal&gt;</name>
      </input_file>
      <input_file id="fl-e">
         <path>C:\ti\simplelink_cc32xx_sdk_6_10_00_05\source\ti\drivers\lib\ccs\m4\</path>
         <kind>archive</kind>
         <file>drivers_cc32xx.a</file>
         <name>GPIO.oem4</name>
      </input_file>
      <input_file id="fl-f">
         <path>C:\ti\simplelink_cc32xx_sdk_6_10_00_05\source\ti\drivers\lib\ccs\m4\</path>
         <kind>archive</kind>
         <file>drivers_cc32xx.a</file>
         <name>I2C.oem4</name>
      </input_file>
      <input_file id="fl-10">
         <path>C:\ti\simplelink_cc32xx_sdk_6_10_00_05\source\ti\drivers\lib\ccs\m4\</path>
         <kind>archive</kind>
         <file>drivers_cc32xx.a</file>
         <name>Timer.oem4</name>
      </input_file>
      <input_file id="fl-11">
         <path>C:\ti\simplelink_cc32xx_sdk_6_10_00_05\source\ti\drivers\lib\ccs\m4\</path>
         <kind>archive</kind>
         <file>drivers_cc32xx.a</file>
         <name>UART.oem4</name>
      </input_file>
      <input_file id="fl-12">
         <path>C:\ti\simplelink_cc32xx_sdk_6_10_00_05\source\ti\drivers\lib\ccs\m4\</path>
         <kind>archive</kind>
         <file>drivers_cc32xx.a</file>
         <name>GPIOCC32XX.oem4</name>
      </input_file>
      <input_file id="fl-13">
         <path>C:\ti\simplelink_cc32xx_sdk_6_10_00_05\source\ti\drivers\lib\ccs\m4\</path>
         <kind>archive</kind>
         <file>drivers_cc32xx.a</file>
         <name>I2CCC32XX.oem4</name>
      </input_file>
      <input_file id="fl-14">
         <path>C:\ti\simplelink_cc32xx_sdk_6_10_00_05\source\ti\drivers\lib\ccs\m4\</path>
         <kind>archive</kind>
         <file>drivers_cc32xx.a</file>
         <name>PowerCC32XX.oem4</name>
      </input_file>
      <input_file id="fl-15">
         <path>C:\ti\simplelink_cc32xx_sdk_6_10_00_05\source\ti\drivers\lib\ccs\m4\</path>
         <kind>archive</kind>
         <file>drivers_cc32xx.a</file>
         <name>PowerCC32XX_asm.oem4</name>
      </input_file>
      <input_file id="fl-16">
         <path>C:\ti\simplelink_cc32xx_sdk_6_10_00_05\source\ti\drivers\lib\ccs\m4\</path>
         <kind>archive</kind>
         <file>drivers_cc32xx.a</file>
         <name>TimerCC32XX.oem4</name>
      </input_file>
      <input_file id="fl-17">
         <path>C:\ti\simplelink_cc32xx_sdk_6_10_00_05\source\ti\drivers\lib\ccs\m4\</path>
         <kind>archive</kind>
         <file>drivers_cc32xx.a</file>
         <name>UARTCC32XX.oem4</name>
      </input_file>
      <input_file id="fl-18">
         <path>C:\ti\simplelink_cc32xx_sdk_6_10_00_05\source\ti\drivers\lib\ccs\m4\</path>
         <kind>archive</kind>
         <file>drivers_cc32xx.a</file>
         <name>List.oem4</name>
      </input_file>
      <input_file id="fl-19">
         <path>C:\ti\simplelink_cc32xx_sdk_6_10_00_05\source\ti\drivers\lib\ccs\m4\</path>
         <kind>archive</kind>
         <file>drivers_cc32xx.a</file>
         <name>RingBuf.oem4</name>
      </input_file>
      <input_file id="fl-1a">
         <path>C:\ti\simplelink_cc32xx_sdk_6_10_00_05\kernel\nortos\lib\ccs\m4\</path>
         <kind>archive</kind>
         <file>nortos_cc32xx.a</file>
         <name>NoRTOS.oem4</name>
      </input_file>
      <input_file id="fl-1b">
         <path>C:\ti\simplelink_cc32xx_sdk_6_10_00_05\kernel\nortos\lib\ccs\m4\</path>
         <kind>archive</kind>
         <file>nortos_cc32xx.a</file>
         <name>SemaphoreP_nortos.oem4</name>
      </input_file>
      <input_file id="fl-1c">
         <path>C:\ti\simplelink_cc32xx_sdk_6_10_00_05\kernel\nortos\lib\ccs\m4\</path>
         <kind>archive</kind>
         <file>nortos_cc32xx.a</file>
         <name>ClockPSysTick_nortos.oem4</name>
      </input_file>
      <input_file id="fl-1d">
         <path>C:\ti\simplelink_cc32xx_sdk_6_10_00_05\kernel\nortos\lib\ccs\m4\</path>
         <kind>archive</kind>
         <file>nortos_cc32xx.a</file>
         <name>HwiPCC32XX_nortos.oem4</name>
      </input_file>
      <input_file id="fl-1e">
         <path>C:\ti\simplelink_cc32xx_sdk_6_10_00_05\kernel\nortos\lib\ccs\m4\</path>
         <kind>archive</kind>
         <file>nortos_cc32xx.a</file>
         <name>PowerCC32XX_nortos.oem4</name>
      </input_file>
      <input_file id="fl-1f">
         <path>C:\ti\simplelink_cc32xx_sdk_6_10_00_05\kernel\nortos\lib\ccs\m4\</path>
         <kind>archive</kind>
         <file>nortos_cc32xx.a</file>
         <name>startup_cc32xx_ccs.oem4</name>
      </input_file>
      <input_file id="fl-20">
         <path>C:\ti\simplelink_cc32xx_sdk_6_10_00_05\kernel\nortos\lib\ccs\m4\</path>
         <kind>archive</kind>
         <file>nortos_cc32xx.a</file>
         <name>SwiP_nortos.oem4</name>
      </input_file>
      <input_file id="fl-21">
         <path>C:\ti\simplelink_cc32xx_sdk_6_10_00_05\kernel\nortos\lib\ccs\m4\</path>
         <kind>archive</kind>
         <file>nortos_cc32xx.a</file>
         <name>QueueP_nortos.oem4</name>
      </input_file>
      <input_file id="fl-22">
         <path>C:\ti\simplelink_cc32xx_sdk_6_10_00_05\source\ti\devices\cc32xx\driverlib\ccs\Release\</path>
         <kind>archive</kind>
         <file>driverlib.a</file>
         <name>cpu.obj</name>
      </input_file>
      <input_file id="fl-23">
         <path>C:\ti\simplelink_cc32xx_sdk_6_10_00_05\source\ti\devices\cc32xx\driverlib\ccs\Release\</path>
         <kind>archive</kind>
         <file>driverlib.a</file>
         <name>i2c.obj</name>
      </input_file>
      <input_file id="fl-24">
         <path>C:\ti\simplelink_cc32xx_sdk_6_10_00_05\source\ti\devices\cc32xx\driverlib\ccs\Release\</path>
         <kind>archive</kind>
         <file>driverlib.a</file>
         <name>interrupt.obj</name>
      </input_file>
      <input_file id="fl-25">
         <path>C:\ti\simplelink_cc32xx_sdk_6_10_00_05\source\ti\devices\cc32xx\driverlib\ccs\Release\</path>
         <kind>archive</kind>
         <file>driverlib.a</file>
         <name>pin.obj</name>
      </input_file>
      <input_file id="fl-26">
         <path>C:\ti\simplelink_cc32xx_sdk_6_10_00_05\source\ti\devices\cc32xx\driverlib\ccs\Release\</path>
         <kind>archive</kind>
         <file>driverlib.a</file>
         <name>prcm.obj</name>
      </input_file>
      <input_file id="fl-27">
         <path>C:\ti\simplelink_cc32xx_sdk_6_10_00_05\source\ti\devices\cc32xx\driverlib\ccs\Release\</path>
         <kind>archive</kind>
         <file>driverlib.a</file>
         <name>timer.obj</name>
      </input_file>
      <input_file id="fl-28">
         <path>C:\ti\simplelink_cc32xx_sdk_6_10_00_05\source\ti\devices\cc32xx\driverlib\ccs\Release\</path>
         <kind>archive</kind>
         <file>driverlib.a</file>
         <name>uart.obj</name>
      </input_file>
      <input_file id="fl-29">
         <path>C:\ti\simplelink_cc32xx_sdk_6_10_00_05\source\ti\devices\cc32xx\driverlib\ccs\Release\</path>
         <kind>archive</kind>
         <file>driverlib.a</file>
         <name>utils.obj</name>
      </input_file>
      <input_file id="fl-2a">
         <path>C:\ti\simplelink_cc32xx_sdk_6_10_00_05\source\ti\devices\cc32xx\driverlib\ccs\Release\</path>
         <kind>archive</kind>
         <file>driverlib.a</file>
         <name>flash.obj</name>
      </input_file>
      <input_file id="fl-e0">
         <path>C:\ti\ccs1120\ccs\tools\compiler\ti-cgt-arm_20.2.6.LTS\lib\</path>
         <kind>archive</kind>
         <file>rtsv7M4_T_le_eabi.lib</file>
         <name>e_pow.c.obj</name>
      </input_file>
      <input_file id="fl-e1">
         <path>C:\ti\ccs1120\ccs\tools\compiler\ti-cgt-arm_20.2.6.LTS\lib\</path>
         <kind>archive</kind>
         <file>rtsv7M4_T_le_eabi.lib</file>
         <name>e_sqrt.c.obj</name>
      </input_file>
      <input_file id="fl-e2">
         <path>C:\ti\ccs1120\ccs\tools\compiler\ti-cgt-arm_20.2.6.LTS\lib\</path>
         <kind>archive</kind>
         <file>rtsv7M4_T_le_eabi.lib</file>
         <name>s_round.c.obj</name>
      </input_file>
      <input_file id="fl-e3">
         <path>C:\ti\ccs1120\ccs\tools\compiler\ti-cgt-arm_20.2.6.LTS\lib\</path>
         <kind>archive</kind>
         <file>rtsv7M4_T_le_eabi.lib</file>
         <name>s_scalbn.c.obj</name>
      </input_file>
      <input_file id="fl-e4">
         <path>C:\ti\ccs1120\ccs\tools\compiler\ti-cgt-arm_20.2.6.LTS\lib\</path>
         <kind>archive</kind>
         <file>rtsv7M4_T_le_eabi.lib</file>
         <name>s_copysign.c.obj</name>
      </input_file>
      <input_file id="fl-e5">
         <path>C:\ti\ccs1120\ccs\tools\compiler\ti-cgt-arm_20.2.6.LTS\lib\</path>
         <kind>archive</kind>
         <file>rtsv7M4_T_le_eabi.lib</file>
         <name>snprintf.c.obj</name>
      </input_file>
      <input_file id="fl-e6">
         <path>C:\ti\ccs1120\ccs\tools\compiler\ti-cgt-arm_20.2.6.LTS\lib\</path>
         <kind>archive</kind>
         <file>rtsv7M4_T_le_eabi.lib</file>
         <name>sscanf.c.obj</name>
      </input_file>
      <input_file id="fl-e7">
         <path>C:\ti\ccs1120\ccs\tools\compiler\ti-cgt-arm_20.2.6.LTS\lib\</path>
         <kind>archive</kind>
         <file>rtsv7M4_T_le_eabi.lib</file>
         <name>fd_add_t2.asm.obj</name>
      </input_file>
      <input_file id="fl-e8">
         <path>C:\ti\ccs1120\ccs\tools\compiler\ti-cgt-arm_20.2.6.LTS\lib\</path>
         <kind>archive</kind>
         <file>rtsv7M4_T_le_eabi.lib</file>
         <name>fd_cmp_t2.asm.obj</name>
      </input_file>
      <input_file id="fl-e9">
         <path>C:\ti\ccs1120\ccs\tools\compiler\ti-cgt-arm_20.2.6.LTS\lib\</path>
         <kind>archive</kind>
         <file>rtsv7M4_T_le_eabi.lib</file>
         <name>fd_div_t2.asm.obj</name>
      </input_file>
      <input_file id="fl-ea">
         <path>C:\ti\ccs1120\ccs\tools\compiler\ti-cgt-arm_20.2.6.LTS\lib\</path>
         <kind>archive</kind>
         <file>rtsv7M4_T_le_eabi.lib</file>
         <name>fd_mul_t2.asm.obj</name>
      </input_file>
      <input_file id="fl-eb">
         <path>C:\ti\ccs1120\ccs\tools\compiler\ti-cgt-arm_20.2.6.LTS\lib\</path>
         <kind>archive</kind>
         <file>rtsv7M4_T_le_eabi.lib</file>
         <name>fd_tos_t2.asm.obj</name>
      </input_file>
      <input_file id="fl-ec">
         <path>C:\ti\ccs1120\ccs\tools\compiler\ti-cgt-arm_20.2.6.LTS\lib\</path>
         <kind>archive</kind>
         <file>rtsv7M4_T_le_eabi.lib</file>
         <name>fs_add_t2.asm.obj</name>
      </input_file>
      <input_file id="fl-ed">
         <path>C:\ti\ccs1120\ccs\tools\compiler\ti-cgt-arm_20.2.6.LTS\lib\</path>
         <kind>archive</kind>
         <file>rtsv7M4_T_le_eabi.lib</file>
         <name>fs_cmp_t2.asm.obj</name>
      </input_file>
      <input_file id="fl-ee">
         <path>C:\ti\ccs1120\ccs\tools\compiler\ti-cgt-arm_20.2.6.LTS\lib\</path>
         <kind>archive</kind>
         <file>rtsv7M4_T_le_eabi.lib</file>
         <name>fs_mul_t2.asm.obj</name>
      </input_file>
      <input_file id="fl-ef">
         <path>C:\ti\ccs1120\ccs\tools\compiler\ti-cgt-arm_20.2.6.LTS\lib\</path>
         <kind>archive</kind>
         <file>rtsv7M4_T_le_eabi.lib</file>
         <name>fs_tod_t2.asm.obj</name>
      </input_file>
      <input_file id="fl-f0">
         <path>C:\ti\ccs1120\ccs\tools\compiler\ti-cgt-arm_20.2.6.LTS\lib\</path>
         <kind>archive</kind>
         <file>rtsv7M4_T_le_eabi.lib</file>
         <name>i_tofd_t2.asm.obj</name>
      </input_file>
      <input_file id="fl-f1">
         <path>C:\ti\ccs1120\ccs\tools\compiler\ti-cgt-arm_20.2.6.LTS\lib\</path>
         <kind>archive</kind>
         <file>rtsv7M4_T_le_eabi.lib</file>
         <name>i_tofs_t2.asm.obj</name>
      </input_file>
      <input_file id="fl-f2">
         <path>C:\ti\ccs1120\ccs\tools\compiler\ti-cgt-arm_20.2.6.LTS\lib\</path>
         <kind>archive</kind>
         <file>rtsv7M4_T_le_eabi.lib</file>
         <name>ll_mul_t2.asm.obj</name>
      </input_file>
      <input_file id="fl-f3">
         <path>C:\ti\ccs1120\ccs\tools\compiler\ti-cgt-arm_20.2.6.LTS\lib\</path>
         <kind>archive</kind>
         <file>rtsv7M4_T_le_eabi.lib</file>
         <name>memcpy_t2.asm.obj</name>
      </input_file>
      <input_file id="fl-f4">
         <path>C:\ti\ccs1120\ccs\tools\compiler\ti-cgt-arm_20.2.6.LTS\lib\</path>
         <kind>archive</kind>
         <file>rtsv7M4_T_le_eabi.lib</file>
         <name>ull_div_t2.asm.obj</name>
      </input_file>
      <input_file id="fl-f5">
         <path>C:\ti\ccs1120\ccs\tools\compiler\ti-cgt-arm_20.2.6.LTS\lib\</path>
         <kind>archive</kind>
         <file>rtsv7M4_T_le_eabi.lib</file>
         <name>copy_zero_init.c.obj</name>
      </input_file>
      <input_file id="fl-f6">
         <path>C:\ti\ccs1120\ccs\tools\compiler\ti-cgt-arm_20.2.6.LTS\lib\</path>
         <kind>archive</kind>
         <file>rtsv7M4_T_le_eabi.lib</file>
         <name>copy_decompress_none.c.obj</name>
      </input_file>
      <input_file id="fl-f7">
         <path>C:\ti\ccs1120\ccs\tools\compiler\ti-cgt-arm_20.2.6.LTS\lib\</path>
         <kind>archive</kind>
         <file>rtsv7M4_T_le_eabi.lib</file>
         <name>copy_decompress_lzss.c.obj</name>
      </input_file>
      <input_file id="fl-f8">
         <path>C:\ti\ccs1120\ccs\tools\compiler\ti-cgt-arm_20.2.6.LTS\lib\</path>
         <kind>archive</kind>
         <file>rtsv7M4_T_le_eabi.lib</file>
         <name>ctype.c.obj</name>
      </input_file>
      <input_file id="fl-f9">
         <path>C:\ti\ccs1120\ccs\tools\compiler\ti-cgt-arm_20.2.6.LTS\lib\</path>
         <kind>archive</kind>
         <file>rtsv7M4_T_le_eabi.lib</file>
         <name>memory.c.obj</name>
      </input_file>
      <input_file id="fl-fa">
         <path>C:\ti\ccs1120\ccs\tools\compiler\ti-cgt-arm_20.2.6.LTS\lib\</path>
         <kind>archive</kind>
         <file>rtsv7M4_T_le_eabi.lib</file>
         <name>strlen.c.obj</name>
      </input_file>
      <input_file id="fl-fb">
         <path>C:\ti\ccs1120\ccs\tools\compiler\ti-cgt-arm_20.2.6.LTS\lib\</path>
         <kind>archive</kind>
         <file>rtsv7M4_T_le_eabi.lib</file>
         <name>errno.c.obj</name>
      </input_file>
      <input_file id="fl-fc">
         <path>C:\ti\ccs1120\ccs\tools\compiler\ti-cgt-arm_20.2.6.LTS\lib\</path>
         <kind>archive</kind>
         <file>rtsv7M4_T_le_eabi.lib</file>
         <name>boot_cortex_m.c.obj</name>
      </input_file>
      <input_file id="fl-fd">
         <path>C:\ti\ccs1120\ccs\tools\compiler\ti-cgt-arm_20.2.6.LTS\lib\</path>
         <kind>archive</kind>
         <file>rtsv7M4_T_le_eabi.lib</file>
         <name>s_floor.c.obj</name>
      </input_file>
      <input_file id="fl-fe">
         <path>C:\ti\ccs1120\ccs\tools\compiler\ti-cgt-arm_20.2.6.LTS\lib\</path>
         <kind>archive</kind>
         <file>rtsv7M4_T_le_eabi.lib</file>
         <name>_printfi.c.obj</name>
      </input_file>
      <input_file id="fl-ff">
         <path>C:\ti\ccs1120\ccs\tools\compiler\ti-cgt-arm_20.2.6.LTS\lib\</path>
         <kind>archive</kind>
         <file>rtsv7M4_T_le_eabi.lib</file>
         <name>_scanfi.c.obj</name>
      </input_file>
      <input_file id="fl-100">
         <path>C:\ti\ccs1120\ccs\tools\compiler\ti-cgt-arm_20.2.6.LTS\lib\</path>
         <kind>archive</kind>
         <file>rtsv7M4_T_le_eabi.lib</file>
         <name>div0.asm.obj</name>
      </input_file>
      <input_file id="fl-101">
         <path>C:\ti\ccs1120\ccs\tools\compiler\ti-cgt-arm_20.2.6.LTS\lib\</path>
         <kind>archive</kind>
         <file>rtsv7M4_T_le_eabi.lib</file>
         <name>fd_toi_t2.asm.obj</name>
      </input_file>
      <input_file id="fl-102">
         <path>C:\ti\ccs1120\ccs\tools\compiler\ti-cgt-arm_20.2.6.LTS\lib\</path>
         <kind>archive</kind>
         <file>rtsv7M4_T_le_eabi.lib</file>
         <name>memset_t2.asm.obj</name>
      </input_file>
      <input_file id="fl-103">
         <path>C:\ti\ccs1120\ccs\tools\compiler\ti-cgt-arm_20.2.6.LTS\lib\</path>
         <kind>archive</kind>
         <file>rtsv7M4_T_le_eabi.lib</file>
         <name>autoinit.c.obj</name>
      </input_file>
      <input_file id="fl-104">
         <path>C:\ti\ccs1120\ccs\tools\compiler\ti-cgt-arm_20.2.6.LTS\lib\</path>
         <kind>archive</kind>
         <file>rtsv7M4_T_le_eabi.lib</file>
         <name>pre_init.c.obj</name>
      </input_file>
      <input_file id="fl-105">
         <path>C:\ti\ccs1120\ccs\tools\compiler\ti-cgt-arm_20.2.6.LTS\lib\</path>
         <kind>archive</kind>
         <file>rtsv7M4_T_le_eabi.lib</file>
         <name>cpy_tbl.c.obj</name>
      </input_file>
      <input_file id="fl-106">
         <path>C:\ti\ccs1120\ccs\tools\compiler\ti-cgt-arm_20.2.6.LTS\lib\</path>
         <kind>archive</kind>
         <file>rtsv7M4_T_le_eabi.lib</file>
         <name>exit.c.obj</name>
      </input_file>
      <input_file id="fl-107">
         <path>C:\ti\ccs1120\ccs\tools\compiler\ti-cgt-arm_20.2.6.LTS\lib\</path>
         <kind>archive</kind>
         <file>rtsv7M4_T_le_eabi.lib</file>
         <name>_lock.c.obj</name>
      </input_file>
      <input_file id="fl-108">
         <path>C:\ti\ccs1120\ccs\tools\compiler\ti-cgt-arm_20.2.6.LTS\lib\</path>
         <kind>archive</kind>
         <file>rtsv7M4_T_le_eabi.lib</file>
         <name>_ltoa.c.obj</name>
      </input_file>
      <input_file id="fl-109">
         <path>C:\ti\ccs1120\ccs\tools\compiler\ti-cgt-arm_20.2.6.LTS\lib\</path>
         <kind>archive</kind>
         <file>rtsv7M4_T_le_eabi.lib</file>
         <name>args_main.c.obj</name>
      </input_file>
      <input_file id="fl-10a">
         <path>C:\ti\ccs1120\ccs\tools\compiler\ti-cgt-arm_20.2.6.LTS\lib\</path>
         <kind>archive</kind>
         <file>rtsv7M4_T_le_eabi.lib</file>
         <name>atoi.c.obj</name>
      </input_file>
      <input_file id="fl-10b">
         <path>C:\ti\ccs1120\ccs\tools\compiler\ti-cgt-arm_20.2.6.LTS\lib\</path>
         <kind>archive</kind>
         <file>rtsv7M4_T_le_eabi.lib</file>
         <name>memccpy.c.obj</name>
      </input_file>
      <input_file id="fl-10c">
         <path>C:\ti\ccs1120\ccs\tools\compiler\ti-cgt-arm_20.2.6.LTS\lib\</path>
         <kind>archive</kind>
         <file>rtsv7M4_T_le_eabi.lib</file>
         <name>strchr.c.obj</name>
      </input_file>
      <input_file id="fl-10d">
         <path>C:\ti\ccs1120\ccs\tools\compiler\ti-cgt-arm_20.2.6.LTS\lib\</path>
         <kind>archive</kind>
         <file>rtsv7M4_T_le_eabi.lib</file>
         <name>strcpy.c.obj</name>
      </input_file>
      <input_file id="fl-10e">
         <path>C:\ti\ccs1120\ccs\tools\compiler\ti-cgt-arm_20.2.6.LTS\lib\</path>
         <kind>archive</kind>
         <file>rtsv7M4_T_le_eabi.lib</file>
         <name>strrchr.c.obj</name>
      </input_file>
      <input_file id="fl-10f">
         <path>C:\ti\ccs1120\ccs\tools\compiler\ti-cgt-arm_20.2.6.LTS\lib\</path>
         <kind>archive</kind>
         <file>rtsv7M4_T_le_eabi.lib</file>
         <name>strtod.c.obj</name>
      </input_file>
      <input_file id="fl-110">
         <path>C:\ti\ccs1120\ccs\tools\compiler\ti-cgt-arm_20.2.6.LTS\lib\</path>
         <kind>archive</kind>
         <file>rtsv7M4_T_le_eabi.lib</file>
         <name>strtol.c.obj</name>
      </input_file>
      <input_file id="fl-111">
         <path>C:\ti\ccs1120\ccs\tools\compiler\ti-cgt-arm_20.2.6.LTS\lib\</path>
         <kind>archive</kind>
         <file>rtsv7M4_T_le_eabi.lib</file>
         <name>strtoll.c.obj</name>
      </input_file>
      <input_file id="fl-112">
         <path>C:\ti\ccs1120\ccs\tools\compiler\ti-cgt-arm_20.2.6.LTS\lib\</path>
         <kind>archive</kind>
         <file>rtsv7M4_T_le_eabi.lib</file>
         <name>strtoul.c.obj</name>
      </input_file>
      <input_file id="fl-113">
         <path>C:\ti\ccs1120\ccs\tools\compiler\ti-cgt-arm_20.2.6.LTS\lib\</path>
         <kind>archive</kind>
         <file>rtsv7M4_T_le_eabi.lib</file>
         <name>strtoull.c.obj</name>
      </input_file>
      <input_file id="fl-114">
         <path>C:\ti\ccs1120\ccs\tools\compiler\ti-cgt-arm_20.2.6.LTS\lib\</path>
         <kind>archive</kind>
         <file>rtsv7M4_T_le_eabi.lib</file>
         <name>s_frexp.c.obj</name>
      </input_file>
      <input_file id="fl-115">
         <path>C:\ti\ccs1120\ccs\tools\compiler\ti-cgt-arm_20.2.6.LTS\lib\</path>
         <kind>archive</kind>
         <file>rtsv7M4_T_le_eabi.lib</file>
         <name>wcslen.c.obj</name>
      </input_file>
   </input_file_list>
   <object_component_list>
      <object_component id="oc-539">
         <name>.text:__TI_scanfi</name>
         <load_address>0x20004040</load_address>
         <run_address>0x20004040</run_address>
         <size>0xaf8</size>
         <input_file_ref idref="fl-ff"/>
      </object_component>
      <object_component id="oc-578">
         <name>.text:__TI_printfi</name>
         <load_address>0x20004b38</load_address>
         <run_address>0x20004b38</run_address>
         <size>0xa4e</size>
         <input_file_ref idref="fl-fe"/>
      </object_component>
      <object_component id="oc-1ea">
         <name>.text:Board_initHook</name>
         <load_address>0x20005586</load_address>
         <run_address>0x20005586</run_address>
         <size>0x2</size>
         <input_file_ref idref="fl-3"/>
      </object_component>
      <object_component id="oc-558">
         <name>.text:pow</name>
         <load_address>0x20005588</load_address>
         <run_address>0x20005588</run_address>
         <size>0x9bc</size>
         <input_file_ref idref="fl-e0"/>
      </object_component>
      <object_component id="oc-756">
         <name>.text:strtod</name>
         <load_address>0x20005f44</load_address>
         <run_address>0x20005f44</run_address>
         <size>0x454</size>
         <input_file_ref idref="fl-10f"/>
      </object_component>
      <object_component id="oc-1d8">
         <name>.text:PRCMCC3200MCUInit</name>
         <load_address>0x20006398</load_address>
         <run_address>0x20006398</run_address>
         <size>0x42c</size>
         <input_file_ref idref="fl-26"/>
      </object_component>
      <object_component id="oc-8b1">
         <name>.text:UARTCC32XX_open</name>
         <load_address>0x200067c4</load_address>
         <run_address>0x200067c4</run_address>
         <size>0x288</size>
         <input_file_ref idref="fl-17"/>
      </object_component>
      <object_component id="oc-7df">
         <name>.text:_pconv_a</name>
         <load_address>0x20006a4c</load_address>
         <run_address>0x20006a4c</run_address>
         <size>0x268</size>
         <input_file_ref idref="fl-fe"/>
      </object_component>
      <object_component id="oc-762">
         <name>.text:strtoll</name>
         <load_address>0x20006cb4</load_address>
         <run_address>0x20006cb4</run_address>
         <size>0x1dc</size>
         <input_file_ref idref="fl-111"/>
      </object_component>
      <object_component id="oc-7cd">
         <name>.text:_pconv_g</name>
         <load_address>0x20006e90</load_address>
         <run_address>0x20006e90</run_address>
         <size>0x1cc</size>
         <input_file_ref idref="fl-fe"/>
      </object_component>
      <object_component id="oc-78b">
         <name>.text</name>
         <load_address>0x2000705c</load_address>
         <run_address>0x2000705c</run_address>
         <size>0x1b6</size>
         <input_file_ref idref="fl-e7"/>
      </object_component>
      <object_component id="oc-351">
         <name>.text:I2C_init</name>
         <load_address>0x20007212</load_address>
         <run_address>0x20007212</run_address>
         <size>0x2</size>
         <input_file_ref idref="fl-f"/>
      </object_component>
      <object_component id="oc-40d">
         <name>.text:PowerCC32XX_sleepPolicy</name>
         <load_address>0x20007214</load_address>
         <run_address>0x20007214</run_address>
         <size>0x1a0</size>
         <input_file_ref idref="fl-1e"/>
      </object_component>
      <object_component id="oc-790">
         <name>.text:sqrt</name>
         <load_address>0x200073b4</load_address>
         <run_address>0x200073b4</run_address>
         <size>0x15c</size>
         <input_file_ref idref="fl-e1"/>
      </object_component>
      <object_component id="oc-74a">
         <name>.text:strtoull</name>
         <load_address>0x20007510</load_address>
         <run_address>0x20007510</run_address>
         <size>0x15c</size>
         <input_file_ref idref="fl-113"/>
      </object_component>
      <object_component id="oc-2f8">
         <name>.text:GPIO_setConfig</name>
         <load_address>0x2000766c</load_address>
         <run_address>0x2000766c</run_address>
         <size>0x154</size>
         <input_file_ref idref="fl-12"/>
      </object_component>
      <object_component id="oc-4e8">
         <name>.text:I2CCC32XX_hwiFxn</name>
         <load_address>0x200077c0</load_address>
         <run_address>0x200077c0</run_address>
         <size>0x148</size>
         <input_file_ref idref="fl-13"/>
      </object_component>
      <object_component id="oc-849">
         <name>.text:parkPins</name>
         <load_address>0x20007908</load_address>
         <run_address>0x20007908</run_address>
         <size>0x148</size>
         <input_file_ref idref="fl-14"/>
      </object_component>
      <object_component id="oc-7d9">
         <name>.text:_pconv_e</name>
         <load_address>0x20007a50</load_address>
         <run_address>0x20007a50</run_address>
         <size>0x13c</size>
         <input_file_ref idref="fl-fe"/>
      </object_component>
      <object_component id="oc-5ea">
         <name>.text:Power_sleep</name>
         <load_address>0x20007b8c</load_address>
         <run_address>0x20007b8c</run_address>
         <size>0x138</size>
         <input_file_ref idref="fl-14"/>
      </object_component>
      <object_component id="oc-376">
         <name>.text:Timer_open</name>
         <load_address>0x20007cc4</load_address>
         <run_address>0x20007cc4</run_address>
         <size>0x138</size>
         <input_file_ref idref="fl-16"/>
      </object_component>
      <object_component id="oc-569">
         <name>.text</name>
         <load_address>0x20007dfc</load_address>
         <run_address>0x20007dfc</run_address>
         <size>0x136</size>
         <input_file_ref idref="fl-e9"/>
      </object_component>
      <object_component id="oc-407">
         <name>.text:PowerCC32XX_initPolicy</name>
         <load_address>0x20007f32</load_address>
         <run_address>0x20007f32</run_address>
         <size>0x2</size>
         <input_file_ref idref="fl-1e"/>
      </object_component>
      <object_component id="oc-75c">
         <name>.text:strtol</name>
         <load_address>0x20007f34</load_address>
         <run_address>0x20007f34</run_address>
         <size>0x130</size>
         <input_file_ref idref="fl-110"/>
      </object_component>
      <object_component id="oc-164">
         <name>.text:mainThread</name>
         <load_address>0x20008064</load_address>
         <run_address>0x20008064</run_address>
         <size>0x124</size>
         <input_file_ref idref="fl-2"/>
      </object_component>
      <object_component id="oc-597">
         <name>.text:I2C_transferTimeout</name>
         <load_address>0x20008188</load_address>
         <run_address>0x20008188</run_address>
         <size>0x122</size>
         <input_file_ref idref="fl-f"/>
      </object_component>
      <object_component id="oc-6f6">
         <name>.text:SemaphoreP_destruct</name>
         <load_address>0x200082aa</load_address>
         <run_address>0x200082aa</run_address>
         <size>0x2</size>
         <input_file_ref idref="fl-1b"/>
      </object_component>
      <object_component id="oc-89f">
         <name>.text:UARTCC32XX_close</name>
         <load_address>0x200082ac</load_address>
         <run_address>0x200082ac</run_address>
         <size>0x120</size>
         <input_file_ref idref="fl-17"/>
      </object_component>
      <object_component id="oc-9a3">
         <name>.text:fcvt</name>
         <load_address>0x200083cc</load_address>
         <run_address>0x200083cc</run_address>
         <size>0x120</size>
         <input_file_ref idref="fl-fe"/>
      </object_component>
      <object_component id="oc-750">
         <name>.text:strtoul</name>
         <load_address>0x200084ec</load_address>
         <run_address>0x200084ec</run_address>
         <size>0x110</size>
         <input_file_ref idref="fl-112"/>
      </object_component>
      <object_component id="oc-88e">
         <name>.text:aligned_alloc</name>
         <load_address>0x200085fc</load_address>
         <run_address>0x200085fc</run_address>
         <size>0x100</size>
         <input_file_ref idref="fl-f9"/>
      </object_component>
      <object_component id="oc-35d">
         <name>.text:I2C_open</name>
         <load_address>0x200086fc</load_address>
         <run_address>0x200086fc</run_address>
         <size>0xfc</size>
         <input_file_ref idref="fl-13"/>
      </object_component>
      <object_component id="oc-79c">
         <name>.text</name>
         <load_address>0x200087f8</load_address>
         <run_address>0x200087f8</run_address>
         <size>0xfc</size>
         <input_file_ref idref="fl-ea"/>
      </object_component>
      <object_component id="oc-3a3">
         <name>.text</name>
         <load_address>0x200088f4</load_address>
         <run_address>0x200088f4</run_address>
         <size>0xfa</size>
         <input_file_ref idref="fl-ec"/>
      </object_component>
      <object_component id="oc-36a">
         <name>.text:Timer_init</name>
         <load_address>0x200089ee</load_address>
         <run_address>0x200089ee</run_address>
         <size>0x2</size>
         <input_file_ref idref="fl-10"/>
      </object_component>
      <object_component id="oc-7bd">
         <name>.text:floor</name>
         <load_address>0x200089f0</load_address>
         <run_address>0x200089f0</run_address>
         <size>0xf4</size>
         <input_file_ref idref="fl-fd"/>
      </object_component>
      <object_component id="oc-8a5">
         <name>.text:UARTCC32XX_control</name>
         <load_address>0x20008ae4</load_address>
         <run_address>0x20008ae4</run_address>
         <size>0xf2</size>
         <input_file_ref idref="fl-17"/>
      </object_component>
      <object_component id="oc-8ab">
         <name>.text:UARTCC32XX_init</name>
         <load_address>0x20008bd6</load_address>
         <run_address>0x20008bd6</run_address>
         <size>0x2</size>
         <input_file_ref idref="fl-17"/>
      </object_component>
      <object_component id="oc-429">
         <name>.text:free</name>
         <load_address>0x20008bd8</load_address>
         <run_address>0x20008bd8</run_address>
         <size>0xe4</size>
         <input_file_ref idref="fl-f9"/>
      </object_component>
      <object_component id="oc-7ae">
         <name>.text:scalbn</name>
         <load_address>0x20008cbc</load_address>
         <run_address>0x20008cbc</run_address>
         <size>0xd0</size>
         <input_file_ref idref="fl-e3"/>
      </object_component>
      <object_component id="oc-8c9">
         <name>.text:UARTCC32XX_write</name>
         <load_address>0x20008d8c</load_address>
         <run_address>0x20008d8c</run_address>
         <size>0xca</size>
         <input_file_ref idref="fl-17"/>
      </object_component>
      <object_component id="oc-3d4">
         <name>.text:_nop</name>
         <load_address>0x20008e56</load_address>
         <run_address>0x20008e56</run_address>
         <size>0x2</size>
         <input_file_ref idref="fl-107"/>
      </object_component>
      <object_component id="oc-866">
         <name>.text:restoreParkedPins</name>
         <load_address>0x20008e58</load_address>
         <run_address>0x20008e58</run_address>
         <size>0xc0</size>
         <input_file_ref idref="fl-14"/>
      </object_component>
      <object_component id="oc-8bd">
         <name>.text:UARTCC32XX_readPolling</name>
         <load_address>0x20008f18</load_address>
         <run_address>0x20008f18</run_address>
         <size>0xba</size>
         <input_file_ref idref="fl-17"/>
      </object_component>
      <object_component id="oc-73">
         <name>.text:busFaultHandler</name>
         <load_address>0x20008fd2</load_address>
         <run_address>0x20008fd2</run_address>
         <size>0x2</size>
         <input_file_ref idref="fl-1f"/>
      </object_component>
      <object_component id="oc-a7e">
         <name>.text:initHw</name>
         <load_address>0x20008fd4</load_address>
         <run_address>0x20008fd4</run_address>
         <size>0xb8</size>
         <input_file_ref idref="fl-17"/>
      </object_component>
      <object_component id="oc-b55">
         <name>.text:readTaskCallback</name>
         <load_address>0x2000908c</load_address>
         <run_address>0x2000908c</run_address>
         <size>0xb6</size>
         <input_file_ref idref="fl-17"/>
      </object_component>
      <object_component id="oc-6c6">
         <name>.text:I2CCC32XX_completeTransfer</name>
         <load_address>0x20009142</load_address>
         <run_address>0x20009142</run_address>
         <size>0xb2</size>
         <input_file_ref idref="fl-13"/>
      </object_component>
      <object_component id="oc-7c7">
         <name>.text:_ltostr</name>
         <load_address>0x200091f4</load_address>
         <run_address>0x200091f4</run_address>
         <size>0xb1</size>
         <input_file_ref idref="fl-fe"/>
      </object_component>
      <object_component id="oc-b43">
         <name>.text:readTaskBlocking</name>
         <load_address>0x200092a6</load_address>
         <run_address>0x200092a6</run_address>
         <size>0xb0</size>
         <input_file_ref idref="fl-17"/>
      </object_component>
      <object_component id="oc-44e">
         <name>.text:clkFxn</name>
         <load_address>0x20009356</load_address>
         <run_address>0x20009356</run_address>
         <size>0x2</size>
         <input_file_ref idref="fl-1b"/>
      </object_component>
      <object_component id="oc-563">
         <name>.text:round</name>
         <load_address>0x20009358</load_address>
         <run_address>0x20009358</run_address>
         <size>0xb0</size>
         <input_file_ref idref="fl-e2"/>
      </object_component>
      <object_component id="oc-b49">
         <name>.text:readIsrTextBlocking</name>
         <load_address>0x20009408</load_address>
         <run_address>0x20009408</run_address>
         <size>0xae</size>
         <input_file_ref idref="fl-17"/>
      </object_component>
      <object_component id="oc-6b4">
         <name>.text:I2CCC32XX_primeWriteBurst</name>
         <load_address>0x200094b6</load_address>
         <run_address>0x200094b6</run_address>
         <size>0xa8</size>
         <input_file_ref idref="fl-13"/>
      </object_component>
      <object_component id="oc-6d">
         <name>.text:defaultHandler</name>
         <load_address>0x2000955e</load_address>
         <run_address>0x2000955e</run_address>
         <size>0x2</size>
         <input_file_ref idref="fl-1f"/>
      </object_component>
      <object_component id="oc-b5">
         <name>.text:IntEnable</name>
         <load_address>0x20009560</load_address>
         <run_address>0x20009560</run_address>
         <size>0xa8</size>
         <input_file_ref idref="fl-24"/>
      </object_component>
      <object_component id="oc-2cd">
         <name>.text:PowerCC32XX_configureWakeup</name>
         <load_address>0x20009608</load_address>
         <run_address>0x20009608</run_address>
         <size>0xa8</size>
         <input_file_ref idref="fl-14"/>
      </object_component>
      <object_component id="oc-b5b">
         <name>.text:readIsrTextCallback</name>
         <load_address>0x200096b0</load_address>
         <run_address>0x200096b0</run_address>
         <size>0xa2</size>
         <input_file_ref idref="fl-17"/>
      </object_component>
      <object_component id="oc-ab5">
         <name>.text:writeData</name>
         <load_address>0x20009752</load_address>
         <run_address>0x20009752</run_address>
         <size>0xa2</size>
         <input_file_ref idref="fl-17"/>
      </object_component>
      <object_component id="oc-2f2">
         <name>.text:SemaphoreP_pend</name>
         <load_address>0x200097f4</load_address>
         <run_address>0x200097f4</run_address>
         <size>0xa0</size>
         <input_file_ref idref="fl-1b"/>
      </object_component>
      <object_component id="oc-4d6">
         <name>.text:I2CCC32XX_initHw</name>
         <load_address>0x20009894</load_address>
         <run_address>0x20009894</run_address>
         <size>0x9c</size>
         <input_file_ref idref="fl-13"/>
      </object_component>
      <object_component id="oc-3b">
         <name>.text</name>
         <load_address>0x20009930</load_address>
         <run_address>0x20009930</run_address>
         <size>0x9c</size>
         <input_file_ref idref="fl-f3"/>
      </object_component>
      <object_component id="oc-395">
         <name>.text:setDesiredTemperature</name>
         <load_address>0x200099cc</load_address>
         <run_address>0x200099cc</run_address>
         <size>0x9c</size>
         <input_file_ref idref="fl-2"/>
      </object_component>
      <object_component id="oc-5e5">
         <name>.text</name>
         <load_address>0x20009a68</load_address>
         <run_address>0x20009a68</run_address>
         <size>0x96</size>
         <input_file_ref idref="fl-f4"/>
      </object_component>
      <object_component id="oc-67">
         <name>.text:faultISR</name>
         <load_address>0x20009afe</load_address>
         <run_address>0x20009afe</run_address>
         <size>0x2</size>
         <input_file_ref idref="fl-1f"/>
      </object_component>
      <object_component id="oc-1e4">
         <name>.text:GPIO_init</name>
         <load_address>0x20009b00</load_address>
         <run_address>0x20009b00</run_address>
         <size>0x90</size>
         <input_file_ref idref="fl-12"/>
      </object_component>
      <object_component id="oc-85a">
         <name>.text:restoreNVICRegs</name>
         <load_address>0x20009b90</load_address>
         <run_address>0x20009b90</run_address>
         <size>0x90</size>
         <input_file_ref idref="fl-14"/>
      </object_component>
      <object_component id="oc-4ca">
         <name>.text:HwiP_construct</name>
         <load_address>0x20009c20</load_address>
         <run_address>0x20009c20</run_address>
         <size>0x8c</size>
         <input_file_ref idref="fl-1d"/>
      </object_component>
      <object_component id="oc-a32">
         <name>.text:IntPendSet</name>
         <load_address>0x20009cac</load_address>
         <run_address>0x20009cac</run_address>
         <size>0x88</size>
         <input_file_ref idref="fl-24"/>
      </object_component>
      <object_component id="oc-458">
         <name>.text:PinConfigSet</name>
         <load_address>0x20009d34</load_address>
         <run_address>0x20009d34</run_address>
         <size>0x88</size>
         <input_file_ref idref="fl-25"/>
      </object_component>
      <object_component id="oc-7a9">
         <name>.text:__aeabi_cdcmple</name>
         <load_address>0x20009dbc</load_address>
         <run_address>0x20009dbc</run_address>
         <size>0x86</size>
         <input_file_ref idref="fl-e8"/>
      </object_component>
      <object_component id="oc-56e">
         <name>.text:__aeabi_cdrcmple</name>
         <load_address>0x20009e42</load_address>
         <run_address>0x20009e42</run_address>
         <size>0x86</size>
         <input_file_ref idref="fl-e8"/>
      </object_component>
      <object_component id="oc-1de">
         <name>.text:Power_init</name>
         <load_address>0x20009ec8</load_address>
         <run_address>0x20009ec8</run_address>
         <size>0x84</size>
         <input_file_ref idref="fl-14"/>
      </object_component>
      <object_component id="oc-84f">
         <name>.text:saveNVICRegs</name>
         <load_address>0x20009f4c</load_address>
         <run_address>0x20009f4c</run_address>
         <size>0x84</size>
         <input_file_ref idref="fl-14"/>
      </object_component>
      <object_component id="oc-3ae">
         <name>.text:GPIO_write</name>
         <load_address>0x20009fd0</load_address>
         <run_address>0x20009fd0</run_address>
         <size>0x80</size>
         <input_file_ref idref="fl-12"/>
      </object_component>
      <object_component id="oc-45e">
         <name>.text:Power_setDependency</name>
         <load_address>0x2000a050</load_address>
         <run_address>0x2000a050</run_address>
         <size>0x80</size>
         <input_file_ref idref="fl-14"/>
      </object_component>
      <object_component id="oc-b3d">
         <name>.text:readIsrBinaryBlocking</name>
         <load_address>0x2000a0d0</load_address>
         <run_address>0x2000a0d0</run_address>
         <size>0x7c</size>
         <input_file_ref idref="fl-17"/>
      </object_component>
      <object_component id="oc-6ae">
         <name>.text:I2CCC32XX_primeReadBurst</name>
         <load_address>0x2000a14c</load_address>
         <run_address>0x2000a14c</run_address>
         <size>0x7a</size>
         <input_file_ref idref="fl-13"/>
      </object_component>
      <object_component id="oc-227">
         <name>.text</name>
         <load_address>0x2000a1c6</load_address>
         <run_address>0x2000a1c6</run_address>
         <size>0x7a</size>
         <input_file_ref idref="fl-ee"/>
      </object_component>
      <object_component id="oc-9d">
         <name>.text</name>
         <load_address>0x2000a240</load_address>
         <run_address>0x2000a240</run_address>
         <size>0x7a</size>
         <input_file_ref idref="fl-102"/>
      </object_component>
      <object_component id="oc-b4f">
         <name>.text:readIsrBinaryCallback</name>
         <load_address>0x2000a2ba</load_address>
         <run_address>0x2000a2ba</run_address>
         <size>0x78</size>
         <input_file_ref idref="fl-17"/>
      </object_component>
      <object_component id="oc-a8d">
         <name>.text:UARTCC32XX_hwiIntFxn</name>
         <load_address>0x2000a332</load_address>
         <run_address>0x2000a332</run_address>
         <size>0x74</size>
         <input_file_ref idref="fl-17"/>
      </object_component>
      <object_component id="oc-61">
         <name>.text:nmiISR</name>
         <load_address>0x2000a3a6</load_address>
         <run_address>0x2000a3a6</run_address>
         <size>0x2</size>
         <input_file_ref idref="fl-1f"/>
      </object_component>
      <object_component id="oc-317">
         <name>.text:powerNotifyFxn</name>
         <load_address>0x2000a3a8</load_address>
         <run_address>0x2000a3a8</run_address>
         <size>0x74</size>
         <input_file_ref idref="fl-12"/>
      </object_component>
      <object_component id="oc-a3c">
         <name>.text:split</name>
         <load_address>0x2000a41c</load_address>
         <run_address>0x2000a41c</run_address>
         <size>0x70</size>
         <input_file_ref idref="fl-f9"/>
      </object_component>
      <object_component id="oc-99c">
         <name>.text:_mcpy</name>
         <load_address>0x2000a48c</load_address>
         <run_address>0x2000a48c</run_address>
         <size>0x6e</size>
         <input_file_ref idref="fl-fe"/>
      </object_component>
      <object_component id="oc-55e">
         <name>.text</name>
         <load_address>0x2000a4fa</load_address>
         <run_address>0x2000a4fa</run_address>
         <size>0x6e</size>
         <input_file_ref idref="fl-eb"/>
      </object_component>
      <object_component id="oc-80d">
         <name>.text:I2CSupport_primeTransfer</name>
         <load_address>0x2000a568</load_address>
         <run_address>0x2000a568</run_address>
         <size>0x6a</size>
         <input_file_ref idref="fl-13"/>
      </object_component>
      <object_component id="oc-83d">
         <name>.text</name>
         <load_address>0x2000a5d2</load_address>
         <run_address>0x2000a5d2</run_address>
         <size>0x2</size>
         <input_file_ref idref="fl-100"/>
      </object_component>
      <object_component id="oc-54b">
         <name>.text:_chkmbc</name>
         <load_address>0x2000a5d4</load_address>
         <run_address>0x2000a5d4</run_address>
         <size>0x68</size>
         <input_file_ref idref="fl-e6"/>
      </object_component>
      <object_component id="oc-14">
         <name>.text:decompress:lzss:__TI_decompress_lzss</name>
         <load_address>0x2000a63c</load_address>
         <run_address>0x2000a63c</run_address>
         <size>0x68</size>
         <input_file_ref idref="fl-f7"/>
      </object_component>
      <object_component id="oc-8d5">
         <name>.text:UARTCC32XX_writeCancel</name>
         <load_address>0x2000a6a4</load_address>
         <run_address>0x2000a6a4</run_address>
         <size>0x66</size>
         <input_file_ref idref="fl-17"/>
      </object_component>
      <object_component id="oc-470">
         <name>.text:GPIO_setInterruptConfig</name>
         <load_address>0x2000a70c</load_address>
         <run_address>0x2000a70c</run_address>
         <size>0x64</size>
         <input_file_ref idref="fl-12"/>
      </object_component>
      <object_component id="oc-4a5">
         <name>.text:PowerCC32XX_setParkState</name>
         <load_address>0x2000a770</load_address>
         <run_address>0x2000a770</run_address>
         <size>0x64</size>
         <input_file_ref idref="fl-14"/>
      </object_component>
      <object_component id="oc-23c">
         <name>.text:sendStateToServer</name>
         <load_address>0x2000a7d4</load_address>
         <run_address>0x2000a7d4</run_address>
         <size>0x64</size>
         <input_file_ref idref="fl-2"/>
      </object_component>
      <object_component id="oc-8cf">
         <name>.text:UARTCC32XX_writePolling</name>
         <load_address>0x2000a838</load_address>
         <run_address>0x2000a838</run_address>
         <size>0x62</size>
         <input_file_ref idref="fl-17"/>
      </object_component>
      <object_component id="oc-479">
         <name>.text:GPIO_hwiIntFxn</name>
         <load_address>0x2000a89c</load_address>
         <run_address>0x2000a89c</run_address>
         <size>0x60</size>
         <input_file_ref idref="fl-12"/>
      </object_component>
      <object_component id="oc-29b">
         <name>.text:PRCMSysResetCauseGet</name>
         <load_address>0x2000a8fc</load_address>
         <run_address>0x2000a8fc</run_address>
         <size>0x60</size>
         <input_file_ref idref="fl-26"/>
      </object_component>
      <object_component id="oc-22c">
         <name>.text:__aeabi_cfcmple</name>
         <load_address>0x2000a95c</load_address>
         <run_address>0x2000a95c</run_address>
         <size>0x60</size>
         <input_file_ref idref="fl-ed"/>
      </object_component>
      <object_component id="oc-231">
         <name>.text:__aeabi_cfrcmple</name>
         <load_address>0x2000a9bc</load_address>
         <run_address>0x2000a9bc</run_address>
         <size>0x60</size>
         <input_file_ref idref="fl-ed"/>
      </object_component>
      <object_component id="oc-9b1">
         <name>.text:frexp</name>
         <load_address>0x2000aa1c</load_address>
         <run_address>0x2000aa1c</run_address>
         <size>0x5c</size>
         <input_file_ref idref="fl-114"/>
      </object_component>
      <object_component id="oc-9f2">
         <name>.text:sysTickInit</name>
         <load_address>0x2000aa78</load_address>
         <run_address>0x2000aa78</run_address>
         <size>0x5c</size>
         <input_file_ref idref="fl-1c"/>
      </object_component>
      <object_component id="oc-2b4">
         <name>.text:PRCMPeripheralReset</name>
         <load_address>0x2000aad4</load_address>
         <run_address>0x2000aad4</run_address>
         <size>0x58</size>
         <input_file_ref idref="fl-26"/>
      </object_component>
      <object_component id="oc-934">
         <name>.text:Power_releaseDependency</name>
         <load_address>0x2000ab2c</load_address>
         <run_address>0x2000ab2c</run_address>
         <size>0x58</size>
         <input_file_ref idref="fl-14"/>
      </object_component>
      <object_component id="oc-7d3">
         <name>.text:_pconv_f</name>
         <load_address>0x2000ab84</load_address>
         <run_address>0x2000ab84</run_address>
         <size>0x56</size>
         <input_file_ref idref="fl-fe"/>
      </object_component>
      <object_component id="oc-990">
         <name>.text:__TI_ltoa</name>
         <load_address>0x2000abda</load_address>
         <run_address>0x2000abda</run_address>
         <size>0x54</size>
         <input_file_ref idref="fl-108"/>
      </object_component>
      <object_component id="oc-1fe">
         <name>.text:initializeTemperatureSensor</name>
         <load_address>0x2000ac30</load_address>
         <run_address>0x2000ac30</run_address>
         <size>0x54</size>
         <input_file_ref idref="fl-2"/>
      </object_component>
      <object_component id="oc-b9c">
         <name>.text:ringBufGet</name>
         <load_address>0x2000ac84</load_address>
         <run_address>0x2000ac84</run_address>
         <size>0x54</size>
         <input_file_ref idref="fl-17"/>
      </object_component>
      <object_component id="oc-a0f">
         <name>.text:PowerCC32XX_resumeLPDS</name>
         <load_address>0x2000acd8</load_address>
         <run_address>0x2000acd8</run_address>
         <size>0x52</size>
         <input_file_ref idref="fl-15"/>
      </object_component>
      <object_component id="oc-996">
         <name>.text:_ecpy</name>
         <load_address>0x2000ad2a</load_address>
         <run_address>0x2000ad2a</run_address>
         <size>0x52</size>
         <input_file_ref idref="fl-fe"/>
      </object_component>
      <object_component id="oc-515">
         <name>.text:initHw</name>
         <load_address>0x2000ad7c</load_address>
         <run_address>0x2000ad7c</run_address>
         <size>0x52</size>
         <input_file_ref idref="fl-16"/>
      </object_component>
      <object_component id="oc-79">
         <name>.text:ClockP_sysTickHandler</name>
         <load_address>0x2000add0</load_address>
         <run_address>0x2000add0</run_address>
         <size>0x50</size>
         <input_file_ref idref="fl-1c"/>
      </object_component>
      <object_component id="oc-617">
         <name>.text:SemaphoreP_construct</name>
         <load_address>0x2000ae20</load_address>
         <run_address>0x2000ae20</run_address>
         <size>0x50</size>
         <input_file_ref idref="fl-1b"/>
      </object_component>
      <object_component id="oc-4fd">
         <name>.text:TimerCC32XX_allocateTimerResource</name>
         <load_address>0x2000ae70</load_address>
         <run_address>0x2000ae70</run_address>
         <size>0x50</size>
         <input_file_ref idref="fl-16"/>
      </object_component>
      <object_component id="oc-20a">
         <name>.text:handleServerInput</name>
         <load_address>0x2000aec0</load_address>
         <run_address>0x2000aec0</run_address>
         <size>0x50</size>
         <input_file_ref idref="fl-2"/>
      </object_component>
      <object_component id="oc-6a2">
         <name>.text:I2CCC32XX_readRecieveFifo</name>
         <load_address>0x2000af10</load_address>
         <run_address>0x2000af10</run_address>
         <size>0x4c</size>
         <input_file_ref idref="fl-13"/>
      </object_component>
      <object_component id="oc-a06">
         <name>.text:PowerCC32XX_parkPin</name>
         <load_address>0x2000af5c</load_address>
         <run_address>0x2000af5c</run_address>
         <size>0x4c</size>
         <input_file_ref idref="fl-14"/>
      </object_component>
      <object_component id="oc-76b">
         <name>.text:atoi</name>
         <load_address>0x2000afa8</load_address>
         <run_address>0x2000afa8</run_address>
         <size>0x4c</size>
         <input_file_ref idref="fl-10a"/>
      </object_component>
      <object_component id="oc-1f8">
         <name>.text:initializeHeaterAndButtons</name>
         <load_address>0x2000aff4</load_address>
         <run_address>0x2000aff4</run_address>
         <size>0x4c</size>
         <input_file_ref idref="fl-2"/>
      </object_component>
      <object_component id="oc-860">
         <name>.text:restorePeriphClocks</name>
         <load_address>0x2000b040</load_address>
         <run_address>0x2000b040</run_address>
         <size>0x4c</size>
         <input_file_ref idref="fl-14"/>
      </object_component>
      <object_component id="oc-3ba">
         <name>.text:snprintf</name>
         <load_address>0x2000b08c</load_address>
         <run_address>0x2000b08c</run_address>
         <size>0x4c</size>
         <input_file_ref idref="fl-e5"/>
      </object_component>
      <object_component id="oc-a2a">
         <name>.text:FlashDisable</name>
         <load_address>0x2000b0d8</load_address>
         <run_address>0x2000b0d8</run_address>
         <size>0x48</size>
         <input_file_ref idref="fl-2a"/>
      </object_component>
      <object_component id="oc-650">
         <name>.text:GPIO_disableInt</name>
         <load_address>0x2000b120</load_address>
         <run_address>0x2000b120</run_address>
         <size>0x48</size>
         <input_file_ref idref="fl-12"/>
      </object_component>
      <object_component id="oc-33e">
         <name>.text:GPIO_enableInt</name>
         <load_address>0x2000b168</load_address>
         <run_address>0x2000b168</run_address>
         <size>0x48</size>
         <input_file_ref idref="fl-12"/>
      </object_component>
      <object_component id="oc-86c">
         <name>.text:PRCMLPDSEnter</name>
         <load_address>0x2000b1b0</load_address>
         <run_address>0x2000b1b0</run_address>
         <size>0x48</size>
         <input_file_ref idref="fl-26"/>
      </object_component>
      <object_component id="oc-2ae">
         <name>.text:PRCMPeripheralClkEnable</name>
         <load_address>0x2000b1f8</load_address>
         <run_address>0x2000b1f8</run_address>
         <size>0x48</size>
         <input_file_ref idref="fl-26"/>
      </object_component>
      <object_component id="oc-910">
         <name>.text:Power_releaseConstraint</name>
         <load_address>0x2000b240</load_address>
         <run_address>0x2000b240</run_address>
         <size>0x48</size>
         <input_file_ref idref="fl-14"/>
      </object_component>
      <object_component id="oc-1f2">
         <name>.text:initializeServerConnection</name>
         <load_address>0x2000b288</load_address>
         <run_address>0x2000b288</run_address>
         <size>0x48</size>
         <input_file_ref idref="fl-2"/>
      </object_component>
      <object_component id="oc-204">
         <name>.text:initializeTimer</name>
         <load_address>0x2000b2d0</load_address>
         <run_address>0x2000b2d0</run_address>
         <size>0x48</size>
         <input_file_ref idref="fl-2"/>
      </object_component>
      <object_component id="oc-98b">
         <name>.text</name>
         <load_address>0x2000b318</load_address>
         <run_address>0x2000b318</run_address>
         <size>0x48</size>
         <input_file_ref idref="fl-101"/>
      </object_component>
      <object_component id="oc-b89">
         <name>.text:RingBuf_put</name>
         <load_address>0x2000b360</load_address>
         <run_address>0x2000b360</run_address>
         <size>0x46</size>
         <input_file_ref idref="fl-19"/>
      </object_component>
      <object_component id="oc-50f">
         <name>.text:getPrescaler</name>
         <load_address>0x2000b3a6</load_address>
         <run_address>0x2000b3a6</run_address>
         <size>0x46</size>
         <input_file_ref idref="fl-16"/>
      </object_component>
      <object_component id="oc-63f">
         <name>.text:ClockP_stop</name>
         <load_address>0x2000b3ec</load_address>
         <run_address>0x2000b3ec</run_address>
         <size>0x44</size>
         <input_file_ref idref="fl-1c"/>
      </object_component>
      <object_component id="oc-a14">
         <name>.text:PRCMLPDSRestoreInfoSet</name>
         <load_address>0x2000b430</load_address>
         <run_address>0x2000b430</run_address>
         <size>0x44</size>
         <input_file_ref idref="fl-26"/>
      </object_component>
      <object_component id="oc-855">
         <name>.text:PowerCC32XX_enterLPDS</name>
         <load_address>0x2000b474</load_address>
         <run_address>0x2000b474</run_address>
         <size>0x44</size>
         <input_file_ref idref="fl-15"/>
      </object_component>
      <object_component id="oc-304">
         <name>.text:SemaphoreP_post</name>
         <load_address>0x2000b4b8</load_address>
         <run_address>0x2000b4b8</run_address>
         <size>0x44</size>
         <input_file_ref idref="fl-1b"/>
      </object_component>
      <object_component id="oc-601">
         <name>.text:SwiP_restore</name>
         <load_address>0x2000b4fc</load_address>
         <run_address>0x2000b4fc</run_address>
         <size>0x44</size>
         <input_file_ref idref="fl-20"/>
      </object_component>
      <object_component id="oc-37c">
         <name>.text:Timer_start</name>
         <load_address>0x2000b540</load_address>
         <run_address>0x2000b540</run_address>
         <size>0x44</size>
         <input_file_ref idref="fl-10"/>
      </object_component>
      <object_component id="oc-31f">
         <name>.text:UART_init</name>
         <load_address>0x2000b584</load_address>
         <run_address>0x2000b584</run_address>
         <size>0x44</size>
         <input_file_ref idref="fl-11"/>
      </object_component>
      <object_component id="oc-177">
         <name>.text:__TI_auto_init_nobinit_nopinit:__TI_auto_init_nobinit_nopinit</name>
         <load_address>0x2000b5c8</load_address>
         <run_address>0x2000b5c8</run_address>
         <size>0x44</size>
         <input_file_ref idref="fl-103"/>
      </object_component>
      <object_component id="oc-b2c">
         <name>.text:ClockP_construct</name>
         <load_address>0x2000b60c</load_address>
         <run_address>0x2000b60c</run_address>
         <size>0x40</size>
         <input_file_ref idref="fl-1c"/>
      </object_component>
      <object_component id="oc-2c6">
         <name>.text:PinModeSet</name>
         <load_address>0x2000b64c</load_address>
         <run_address>0x2000b64c</run_address>
         <size>0x40</size>
         <input_file_ref idref="fl-25"/>
      </object_component>
      <object_component id="oc-aa7">
         <name>.text:RingBuf_get</name>
         <load_address>0x2000b68c</load_address>
         <run_address>0x2000b68c</run_address>
         <size>0x40</size>
         <input_file_ref idref="fl-19"/>
      </object_component>
      <object_component id="oc-52f">
         <name>.text:TimerSupport_timerEnable</name>
         <load_address>0x2000b6cc</load_address>
         <run_address>0x2000b6cc</run_address>
         <size>0x40</size>
         <input_file_ref idref="fl-16"/>
      </object_component>
      <object_component id="oc-509">
         <name>.text:Timer_close</name>
         <load_address>0x2000b70c</load_address>
         <run_address>0x2000b70c</run_address>
         <size>0x40</size>
         <input_file_ref idref="fl-16"/>
      </object_component>
      <object_component id="oc-8b7">
         <name>.text:UARTCC32XX_read</name>
         <load_address>0x2000b74c</load_address>
         <run_address>0x2000b74c</run_address>
         <size>0x40</size>
         <input_file_ref idref="fl-17"/>
      </object_component>
      <object_component id="oc-32b">
         <name>.text:UART_open</name>
         <load_address>0x2000b78c</load_address>
         <run_address>0x2000b78c</run_address>
         <size>0x40</size>
         <input_file_ref idref="fl-11"/>
      </object_component>
      <object_component id="oc-9a9">
         <name>.text:_fcpy</name>
         <load_address>0x2000b7cc</load_address>
         <run_address>0x2000b7cc</run_address>
         <size>0x3e</size>
         <input_file_ref idref="fl-fe"/>
      </object_component>
      <object_component id="oc-448">
         <name>.text:ClockP_destruct</name>
         <load_address>0x2000b80c</load_address>
         <run_address>0x2000b80c</run_address>
         <size>0x3c</size>
         <input_file_ref idref="fl-1c"/>
      </object_component>
      <object_component id="oc-735">
         <name>.text:Power_setConstraint</name>
         <load_address>0x2000b848</load_address>
         <run_address>0x2000b848</run_address>
         <size>0x3c</size>
         <input_file_ref idref="fl-14"/>
      </object_component>
      <object_component id="oc-5df">
         <name>.text:getCountsRTC</name>
         <load_address>0x2000b884</load_address>
         <run_address>0x2000b884</run_address>
         <size>0x3a</size>
         <input_file_ref idref="fl-1e"/>
      </object_component>
      <object_component id="oc-872">
         <name>.text:PRCMLPDSEnterKeepDebugIf</name>
         <load_address>0x2000b8c0</load_address>
         <run_address>0x2000b8c0</run_address>
         <size>0x38</size>
         <input_file_ref idref="fl-26"/>
      </object_component>
      <object_component id="oc-db">
         <name>.text:addToList</name>
         <load_address>0x2000b8f8</load_address>
         <run_address>0x2000b8f8</run_address>
         <size>0x38</size>
         <input_file_ref idref="fl-1c"/>
      </object_component>
      <object_component id="oc-59">
         <name>.text:initVectors</name>
         <load_address>0x2000b930</load_address>
         <run_address>0x2000b930</run_address>
         <size>0x38</size>
         <input_file_ref idref="fl-1f"/>
      </object_component>
      <object_component id="oc-843">
         <name>.text:notify</name>
         <load_address>0x2000b968</load_address>
         <run_address>0x2000b968</run_address>
         <size>0x38</size>
         <input_file_ref idref="fl-14"/>
      </object_component>
      <object_component id="oc-3b5">
         <name>.text</name>
         <load_address>0x2000b9a0</load_address>
         <run_address>0x2000b9a0</run_address>
         <size>0x38</size>
         <input_file_ref idref="fl-ef"/>
      </object_component>
      <object_component id="oc-222">
         <name>.text</name>
         <load_address>0x2000b9d8</load_address>
         <run_address>0x2000b9d8</run_address>
         <size>0x38</size>
         <input_file_ref idref="fl-f1"/>
      </object_component>
      <object_component id="oc-38f">
         <name>.text:sscanf</name>
         <load_address>0x2000ba10</load_address>
         <run_address>0x2000ba10</run_address>
         <size>0x38</size>
         <input_file_ref idref="fl-e6"/>
      </object_component>
      <object_component id="oc-363">
         <name>.text:temperatureCallback</name>
         <load_address>0x2000ba48</load_address>
         <run_address>0x2000ba48</run_address>
         <size>0x38</size>
         <input_file_ref idref="fl-2"/>
      </object_component>
      <object_component id="oc-716">
         <name>.text:TimerControlStall</name>
         <load_address>0x2000ba80</load_address>
         <run_address>0x2000ba80</run_address>
         <size>0x36</size>
         <input_file_ref idref="fl-27"/>
      </object_component>
      <object_component id="oc-6e4">
         <name>.text:Timer_stop</name>
         <load_address>0x2000bab6</load_address>
         <run_address>0x2000bab6</run_address>
         <size>0x36</size>
         <input_file_ref idref="fl-10"/>
      </object_component>
      <object_component id="oc-8c3">
         <name>.text:UARTCC32XX_readCancel</name>
         <load_address>0x2000baec</load_address>
         <run_address>0x2000baec</run_address>
         <size>0x36</size>
         <input_file_ref idref="fl-17"/>
      </object_component>
      <object_component id="oc-5cd">
         <name>.text:ClockP_getTicksUntilInterrupt</name>
         <load_address>0x2000bb24</load_address>
         <run_address>0x2000bb24</run_address>
         <size>0x34</size>
         <input_file_ref idref="fl-1c"/>
      </object_component>
      <object_component id="oc-834">
         <name>.text:ClockP_startup</name>
         <load_address>0x2000bb58</load_address>
         <run_address>0x2000bb58</run_address>
         <size>0x34</size>
         <input_file_ref idref="fl-1c"/>
      </object_component>
      <object_component id="oc-2c0">
         <name>.text:PinModeGet</name>
         <load_address>0x2000bb8c</load_address>
         <run_address>0x2000bb8c</run_address>
         <size>0x34</size>
         <input_file_ref idref="fl-25"/>
      </object_component>
      <object_component id="oc-a4b">
         <name>.text:PowerCC32XX_restoreParkState</name>
         <load_address>0x2000bbc0</load_address>
         <run_address>0x2000bbc0</run_address>
         <size>0x34</size>
         <input_file_ref idref="fl-14"/>
      </object_component>
      <object_component id="oc-6fc">
         <name>.text:TimerCC32XX_freeTimerResource</name>
         <load_address>0x2000bbf4</load_address>
         <run_address>0x2000bbf4</run_address>
         <size>0x34</size>
         <input_file_ref idref="fl-16"/>
      </object_component>
      <object_component id="oc-527">
         <name>.text:TimerCC32XX_hwiIntFunction</name>
         <load_address>0x2000bc28</load_address>
         <run_address>0x2000bc28</run_address>
         <size>0x34</size>
         <input_file_ref idref="fl-16"/>
      </object_component>
      <object_component id="oc-6d9">
         <name>.text:getPowerMgrId</name>
         <load_address>0x2000bc5c</load_address>
         <run_address>0x2000bc5c</run_address>
         <size>0x34</size>
         <input_file_ref idref="fl-16"/>
      </object_component>
      <object_component id="oc-436">
         <name>.text:ClockP_start</name>
         <load_address>0x2000bc90</load_address>
         <run_address>0x2000bc90</run_address>
         <size>0x30</size>
         <input_file_ref idref="fl-1c"/>
      </object_component>
      <object_component id="oc-a23">
         <name>.text:PowerCC32XX_restoreParkedPin</name>
         <load_address>0x2000bcc0</load_address>
         <run_address>0x2000bcc0</run_address>
         <size>0x30</size>
         <input_file_ref idref="fl-14"/>
      </object_component>
      <object_component id="oc-57e">
         <name>.text:_outs</name>
         <load_address>0x2000bcf0</load_address>
         <run_address>0x2000bcf0</run_address>
         <size>0x30</size>
         <input_file_ref idref="fl-e5"/>
      </object_component>
      <object_component id="oc-236">
         <name>.text:setHeaterState</name>
         <load_address>0x2000bd20</load_address>
         <run_address>0x2000bd20</run_address>
         <size>0x30</size>
         <input_file_ref idref="fl-2"/>
      </object_component>
      <object_component id="oc-7a1">
         <name>.text</name>
         <load_address>0x2000bd50</load_address>
         <run_address>0x2000bd50</run_address>
         <size>0x2e</size>
         <input_file_ref idref="fl-f0"/>
      </object_component>
      <object_component id="oc-a6c">
         <name>.text:PowerCC32XX_getParkState</name>
         <load_address>0x2000bd80</load_address>
         <run_address>0x2000bd80</run_address>
         <size>0x2c</size>
         <input_file_ref idref="fl-14"/>
      </object_component>
      <object_component id="oc-46a">
         <name>.text:HwiP_create</name>
         <load_address>0x2000bdac</load_address>
         <run_address>0x2000bdac</run_address>
         <size>0x2a</size>
         <input_file_ref idref="fl-1d"/>
      </object_component>
      <object_component id="oc-710">
         <name>.text:TimerLoadSet</name>
         <load_address>0x2000bdd6</load_address>
         <run_address>0x2000bdd6</run_address>
         <size>0x2a</size>
         <input_file_ref idref="fl-27"/>
      </object_component>
      <object_component id="oc-70a">
         <name>.text:TimerPrescaleSet</name>
         <load_address>0x2000be00</load_address>
         <run_address>0x2000be00</run_address>
         <size>0x2a</size>
         <input_file_ref idref="fl-27"/>
      </object_component>
      <object_component id="oc-6ba">
         <name>.text:I2CFIFODataPutNonBlocking</name>
         <load_address>0x2000be2a</load_address>
         <run_address>0x2000be2a</run_address>
         <size>0x28</size>
         <input_file_ref idref="fl-23"/>
      </object_component>
      <object_component id="oc-2ba">
         <name>.text:PRCMPeripheralClkDisable</name>
         <load_address>0x2000be54</load_address>
         <run_address>0x2000be54</run_address>
         <size>0x28</size>
         <input_file_ref idref="fl-26"/>
      </object_component>
      <object_component id="oc-2fe">
         <name>.text:Power_registerNotify</name>
         <load_address>0x2000be7c</load_address>
         <run_address>0x2000be7c</run_address>
         <size>0x28</size>
         <input_file_ref idref="fl-14"/>
      </object_component>
      <object_component id="oc-637">
         <name>.text:free_list_insert</name>
         <load_address>0x2000bea4</load_address>
         <run_address>0x2000bea4</run_address>
         <size>0x28</size>
         <input_file_ref idref="fl-f9"/>
      </object_component>
      <object_component id="oc-8ec">
         <name>.text:I2CFIFODataGetNonBlocking</name>
         <load_address>0x2000becc</load_address>
         <run_address>0x2000becc</run_address>
         <size>0x26</size>
         <input_file_ref idref="fl-23"/>
      </object_component>
      <object_component id="oc-819">
         <name>.text:I2C_cancel</name>
         <load_address>0x2000bef2</load_address>
         <run_address>0x2000bef2</run_address>
         <size>0x26</size>
         <input_file_ref idref="fl-f"/>
      </object_component>
      <object_component id="oc-484">
         <name>.text:List_put</name>
         <load_address>0x2000bf18</load_address>
         <run_address>0x2000bf18</run_address>
         <size>0x26</size>
         <input_file_ref idref="fl-18"/>
      </object_component>
      <object_component id="oc-925">
         <name>.text:List_remove</name>
         <load_address>0x2000bf3e</load_address>
         <run_address>0x2000bf3e</run_address>
         <size>0x26</size>
         <input_file_ref idref="fl-18"/>
      </object_component>
      <object_component id="oc-681">
         <name>.text:HwiP_dispatch</name>
         <load_address>0x2000bf64</load_address>
         <run_address>0x2000bf64</run_address>
         <size>0x24</size>
         <input_file_ref idref="fl-1d"/>
      </object_component>
      <object_component id="oc-a66">
         <name>.text:PowerCC32XX_reset</name>
         <load_address>0x2000bf88</load_address>
         <run_address>0x2000bf88</run_address>
         <size>0x24</size>
         <input_file_ref idref="fl-14"/>
      </object_component>
      <object_component id="oc-91e">
         <name>.text:TimerSupport_timerDisable</name>
         <load_address>0x2000bfac</load_address>
         <run_address>0x2000bfac</run_address>
         <size>0x24</size>
         <input_file_ref idref="fl-16"/>
      </object_component>
      <object_component id="oc-c5">
         <name>.text:_c_int00_noargs:_c_int00_noargs</name>
         <load_address>0x2000bfd0</load_address>
         <run_address>0x2000bfd0</run_address>
         <size>0x24</size>
         <input_file_ref idref="fl-fc"/>
      </object_component>
      <object_component id="oc-8f4">
         <name>.text:I2CMasterSlaveAddrSet</name>
         <load_address>0x2000bff4</load_address>
         <run_address>0x2000bff4</run_address>
         <size>0x22</size>
         <input_file_ref idref="fl-23"/>
      </object_component>
      <object_component id="oc-92c">
         <name>.text:HwiP_destruct</name>
         <load_address>0x2000c016</load_address>
         <run_address>0x2000c016</run_address>
         <size>0x20</size>
         <input_file_ref idref="fl-1d"/>
      </object_component>
      <object_component id="oc-6ea">
         <name>.text:Power_unregisterNotify</name>
         <load_address>0x2000c038</load_address>
         <run_address>0x2000c038</run_address>
         <size>0x20</size>
         <input_file_ref idref="fl-14"/>
      </object_component>
      <object_component id="oc-a52">
         <name>.text:RingBuf_peek</name>
         <load_address>0x2000c058</load_address>
         <run_address>0x2000c058</run_address>
         <size>0x20</size>
         <input_file_ref idref="fl-19"/>
      </object_component>
      <object_component id="oc-a60">
         <name>.text:getPowerMgrId</name>
         <load_address>0x2000c078</load_address>
         <run_address>0x2000c078</run_address>
         <size>0x20</size>
         <input_file_ref idref="fl-17"/>
      </object_component>
      <object_component id="oc-696">
         <name>.text:I2CMasterIntStatusEx</name>
         <load_address>0x2000c098</load_address>
         <run_address>0x2000c098</run_address>
         <size>0x1e</size>
         <input_file_ref idref="fl-23"/>
      </object_component>
      <object_component id="oc-4d0">
         <name>.text:SemaphoreP_constructBinary</name>
         <load_address>0x2000c0b6</load_address>
         <run_address>0x2000c0b6</run_address>
         <size>0x1e</size>
         <input_file_ref idref="fl-1b"/>
      </object_component>
      <object_component id="oc-704">
         <name>.text:TimerDisable</name>
         <load_address>0x2000c0d4</load_address>
         <run_address>0x2000c0d4</run_address>
         <size>0x1e</size>
         <input_file_ref idref="fl-27"/>
      </object_component>
      <object_component id="oc-73b">
         <name>.text:TimerEnable</name>
         <load_address>0x2000c0f2</load_address>
         <run_address>0x2000c0f2</run_address>
         <size>0x1e</size>
         <input_file_ref idref="fl-27"/>
      </object_component>
      <object_component id="oc-338">
         <name>.text:GPIO_setCallback</name>
         <load_address>0x2000c110</load_address>
         <run_address>0x2000c110</run_address>
         <size>0x1c</size>
         <input_file_ref idref="fl-e"/>
      </object_component>
      <object_component id="oc-a00">
         <name>.text:PinToPadGet</name>
         <load_address>0x2000c12c</load_address>
         <run_address>0x2000c12c</run_address>
         <size>0x1c</size>
         <input_file_ref idref="fl-25"/>
      </object_component>
      <object_component id="oc-5c1">
         <name>.text:SwiP_disable</name>
         <load_address>0x2000c148</load_address>
         <run_address>0x2000c148</run_address>
         <size>0x1c</size>
         <input_file_ref idref="fl-20"/>
      </object_component>
      <object_component id="oc-21c">
         <name>.text:decreaseDesiredTemperature</name>
         <load_address>0x2000c164</load_address>
         <run_address>0x2000c164</run_address>
         <size>0x1c</size>
         <input_file_ref idref="fl-2"/>
      </object_component>
      <object_component id="oc-631">
         <name>.text:free_list_remove</name>
         <load_address>0x2000c180</load_address>
         <run_address>0x2000c180</run_address>
         <size>0x1c</size>
         <input_file_ref idref="fl-f9"/>
      </object_component>
      <object_component id="oc-216">
         <name>.text:increaseDesiredTemperature</name>
         <load_address>0x2000c19c</load_address>
         <run_address>0x2000c19c</run_address>
         <size>0x1c</size>
         <input_file_ref idref="fl-2"/>
      </object_component>
      <object_component id="oc-7e5">
         <name>.text:memccpy</name>
         <load_address>0x2000c1b8</load_address>
         <run_address>0x2000c1b8</run_address>
         <size>0x1c</size>
         <input_file_ref idref="fl-10b"/>
      </object_component>
      <object_component id="oc-331">
         <name>.text:serverCallback</name>
         <load_address>0x2000c1d4</load_address>
         <run_address>0x2000c1d4</run_address>
         <size>0x1c</size>
         <input_file_ref idref="fl-2"/>
      </object_component>
      <object_component id="oc-a78">
         <name>.text:ClockP_create</name>
         <load_address>0x2000c1f0</load_address>
         <run_address>0x2000c1f0</run_address>
         <size>0x1a</size>
         <input_file_ref idref="fl-1c"/>
      </object_component>
      <object_component id="oc-2da">
         <name>.text:SemaphoreP_createBinary</name>
         <load_address>0x2000c20a</load_address>
         <run_address>0x2000c20a</run_address>
[...]
      </symbol>
      <symbol id="sm-cb2">
         <name>IntEnable</name>
         <value>0x20009561</value>
         <object_component_ref idref="oc-b5"/>
      </symbol>
      <symbol id="sm-cb3">
         <name>IntMasterDisable</name>
         <value>0x2000c755</value>
         <object_component_ref idref="oc-53"/>
      </symbol>
      <symbol id="sm-cb4">
         <name>IntPendSet</name>
         <value>0x20009cad</value>
         <object_component_ref idref="oc-a32"/>
      </symbol>
      <symbol id="sm-cee">
         <name>PinModeGet</name>
         <value>0x2000bb8d</value>
         <object_component_ref idref="oc-2c0"/>
      </symbol>
      <symbol id="sm-cef">
         <name>PinConfigSet</name>
         <value>0x20009d35</value>
         <object_component_ref idref="oc-458"/>
      </symbol>
      <symbol id="sm-cf0">
         <name>PinModeSet</name>
         <value>0x2000b64d</value>
         <object_component_ref idref="oc-2c6"/>
      </symbol>
      <symbol id="sm-cf1">
         <name>PinToPadGet</name>
         <value>0x2000c12d</value>
         <object_component_ref idref="oc-a00"/>
      </symbol>
      <symbol id="sm-dba">
         <name>PRCMLPDSRestoreInfoSet</name>
         <value>0x2000b431</value>
         <object_component_ref idref="oc-a14"/>
      </symbol>
      <symbol id="sm-dbb">
         <name>PRCMPeripheralReset</name>
         <value>0x2000aad5</value>
         <object_component_ref idref="oc-2b4"/>
      </symbol>
      <symbol id="sm-dbc">
         <name>PRCMLPDSEnter</name>
         <value>0x2000b1b1</value>
         <object_component_ref idref="oc-86c"/>
      </symbol>
      <symbol id="sm-dbd">
         <name>PRCMPeripheralClkEnable</name>
         <value>0x2000b1f9</value>
         <object_component_ref idref="oc-2ae"/>
      </symbol>
      <symbol id="sm-dbe">
         <name>PRCMLPDSEnterKeepDebugIf</name>
         <value>0x2000b8c1</value>
         <object_component_ref idref="oc-872"/>
      </symbol>
      <symbol id="sm-dbf">
         <name>PRCMCC3200MCUInit</name>
         <value>0x20006399</value>
         <object_component_ref idref="oc-1d8"/>
      </symbol>
      <symbol id="sm-dc0">
         <name>PRCMHIBRegWrite</name>
         <value>0x2000c3d5</value>
         <object_component_ref idref="oc-2a2"/>
      </symbol>
      <symbol id="sm-dc1">
         <name>PRCMSysResetCauseGet</name>
         <value>0x2000a8fd</value>
         <object_component_ref idref="oc-29b"/>
      </symbol>
      <symbol id="sm-dc2">
         <name>PRCMPeripheralClkDisable</name>
         <value>0x2000be55</value>
         <object_component_ref idref="oc-2ba"/>
      </symbol>
      <symbol id="sm-dc3">
         <name>PRCMHIBRegRead</name>
         <value>0x2000c3bf</value>
         <object_component_ref idref="oc-2a8"/>
      </symbol>
      <symbol id="sm-e0b">
         <name>TimerLoadSet</name>
         <value>0x2000bdd7</value>
         <object_component_ref idref="oc-710"/>
      </symbol>
      <symbol id="sm-e0c">
         <name>TimerDisable</name>
         <value>0x2000c0d5</value>
         <object_component_ref idref="oc-704"/>
      </symbol>
      <symbol id="sm-e0d">
         <name>TimerEnable</name>
         <value>0x2000c0f3</value>
         <object_component_ref idref="oc-73b"/>
      </symbol>
      <symbol id="sm-e0e">
         <name>TimerIntDisable</name>
         <value>0x2000c2e9</value>
         <object_component_ref idref="oc-ac9"/>
      </symbol>
      <symbol id="sm-e0f">
         <name>TimerPrescaleSet</name>
         <value>0x2000be01</value>
         <object_component_ref idref="oc-70a"/>
      </symbol>
      <symbol id="sm-e10">
         <name>TimerControlStall</name>
         <value>0x2000ba81</value>
         <object_component_ref idref="oc-716"/>
      </symbol>
      <symbol id="sm-e11">
         <name>TimerIntEnable</name>
         <value>0x2000c301</value>
         <object_component_ref idref="oc-72f"/>
      </symbol>
      <symbol id="sm-e12">
         <name>TimerIntClear</name>
         <value>0x2000c52b</value>
         <object_component_ref idref="oc-726"/>
      </symbol>
      <symbol id="sm-e26">
         <name>UARTBusy</name>
         <value>0x2000c319</value>
         <object_component_ref idref="oc-aaf"/>
      </symbol>
      <symbol id="sm-e27">
         <name>UARTIntEnable</name>
         <value>0x2000c331</value>
         <object_component_ref idref="oc-b70"/>
      </symbol>
      <symbol id="sm-e2b">
         <name>UtilsDelay</name>
         <value>0x2000c7b1</value>
         <object_component_ref idref="oc-2a1"/>
      </symbol>
      <symbol id="sm-e3b">
         <name>FlashDisable</name>
         <value>0x2000b0d9</value>
         <object_component_ref idref="oc-a2a"/>
      </symbol>
      <symbol id="sm-ed3">
         <name>pow</name>
         <value>0x20005589</value>
         <object_component_ref idref="oc-558"/>
      </symbol>
      <symbol id="sm-ed4">
         <name>powl</name>
         <value>0x20005589</value>
         <object_component_ref idref="oc-558"/>
      </symbol>
      <symbol id="sm-ef6">
         <name>sqrtl</name>
         <value>0x200073b5</value>
         <object_component_ref idref="oc-790"/>
      </symbol>
      <symbol id="sm-ef7">
         <name>sqrt</name>
         <value>0x200073b5</value>
         <object_component_ref idref="oc-790"/>
      </symbol>
      <symbol id="sm-f0f">
         <name>roundl</name>
         <value>0x20009359</value>
         <object_component_ref idref="oc-563"/>
      </symbol>
      <symbol id="sm-f10">
         <name>round</name>
         <value>0x20009359</value>
         <object_component_ref idref="oc-563"/>
      </symbol>
      <symbol id="sm-f38">
         <name>scalbn</name>
         <value>0x20008cbd</value>
         <object_component_ref idref="oc-7ae"/>
      </symbol>
      <symbol id="sm-f39">
         <name>scalbnl</name>
         <value>0x20008cbd</value>
         <object_component_ref idref="oc-7ae"/>
      </symbol>
      <symbol id="sm-f3a">
         <name>ldexpl</name>
         <value>0x20008cbd</value>
         <object_component_ref idref="oc-7ae"/>
      </symbol>
      <symbol id="sm-f3b">
         <name>ldexp</name>
         <value>0x20008cbd</value>
         <object_component_ref idref="oc-7ae"/>
      </symbol>
      <symbol id="sm-f45">
         <name>copysign</name>
         <value>0x2000c6ed</value>
         <object_component_ref idref="oc-972"/>
      </symbol>
      <symbol id="sm-f46">
         <name>copysignl</name>
         <value>0x2000c6ed</value>
         <object_component_ref idref="oc-972"/>
      </symbol>
      <symbol id="sm-f75">
         <name>snprintf</name>
         <value>0x2000b08d</value>
         <object_component_ref idref="oc-3ba"/>
      </symbol>
      <symbol id="sm-fac">
         <name>sscanf</name>
         <value>0x2000ba11</value>
         <object_component_ref idref="oc-38f"/>
      </symbol>
      <symbol id="sm-fc3">
         <name>__aeabi_dsub</name>
         <value>0x2000705d</value>
         <object_component_ref idref="oc-78b"/>
      </symbol>
      <symbol id="sm-fc4">
         <name>__aeabi_dadd</name>
         <value>0x20007067</value>
         <object_component_ref idref="oc-78b"/>
      </symbol>
      <symbol id="sm-fe6">
         <name>__aeabi_cdcmpeq</name>
         <value>0x20009dbd</value>
         <object_component_ref idref="oc-7a9"/>
      </symbol>
      <symbol id="sm-fe7">
         <name>__aeabi_cdcmple</name>
         <value>0x20009dbd</value>
         <object_component_ref idref="oc-7a9"/>
      </symbol>
      <symbol id="sm-fe8">
         <name>__aeabi_cdrcmple</name>
         <value>0x20009e43</value>
         <object_component_ref idref="oc-56e"/>
      </symbol>
      <symbol id="sm-ffc">
         <name>__aeabi_ddiv</name>
         <value>0x20007dfd</value>
         <object_component_ref idref="oc-569"/>
      </symbol>
      <symbol id="sm-1007">
         <name>__aeabi_dmul</name>
         <value>0x200087f9</value>
         <object_component_ref idref="oc-79c"/>
      </symbol>
      <symbol id="sm-1013">
         <name>__aeabi_d2f</name>
         <value>0x2000a4fb</value>
         <object_component_ref idref="oc-55e"/>
      </symbol>
      <symbol id="sm-1024">
         <name>__aeabi_fadd</name>
         <value>0x200088f9</value>
         <object_component_ref idref="oc-3a3"/>
      </symbol>
      <symbol id="sm-1025">
         <name>__aeabi_fsub</name>
         <value>0x200088f5</value>
         <object_component_ref idref="oc-3a3"/>
      </symbol>
      <symbol id="sm-103f">
         <name>__aeabi_cfrcmple</name>
         <value>0x2000a9bd</value>
         <object_component_ref idref="oc-231"/>
      </symbol>
      <symbol id="sm-1040">
         <name>__aeabi_cfcmpeq</name>
         <value>0x2000a95d</value>
         <object_component_ref idref="oc-22c"/>
      </symbol>
      <symbol id="sm-1041">
         <name>__aeabi_cfcmple</name>
         <value>0x2000a95d</value>
         <object_component_ref idref="oc-22c"/>
      </symbol>
      <symbol id="sm-104b">
         <name>__aeabi_fmul</name>
         <value>0x2000a1c7</value>
         <object_component_ref idref="oc-227"/>
      </symbol>
      <symbol id="sm-1056">
         <name>__aeabi_f2d</name>
         <value>0x2000b9a1</value>
         <object_component_ref idref="oc-3b5"/>
      </symbol>
      <symbol id="sm-1060">
         <name>__aeabi_i2d</name>
         <value>0x2000bd51</value>
         <object_component_ref idref="oc-7a1"/>
      </symbol>
      <symbol id="sm-106b">
         <name>__aeabi_i2f</name>
         <value>0x2000b9d9</value>
         <object_component_ref idref="oc-222"/>
      </symbol>
      <symbol id="sm-1074">
         <name>__aeabi_lmul</name>
         <value>0x2000c379</value>
         <object_component_ref idref="oc-5f0"/>
      </symbol>
      <symbol id="sm-108f">
         <name>memcpy</name>
         <value>0x20009931</value>
         <object_component_ref idref="oc-3b"/>
      </symbol>
      <symbol id="sm-1090">
         <name>__aeabi_memcpy</name>
         <value>0x20009931</value>
         <object_component_ref idref="oc-3b"/>
      </symbol>
      <symbol id="sm-1091">
         <name>__aeabi_memcpy8</name>
         <value>0x20009931</value>
         <object_component_ref idref="oc-3b"/>
      </symbol>
      <symbol id="sm-1092">
         <name>__aeabi_memcpy4</name>
         <value>0x20009931</value>
         <object_component_ref idref="oc-3b"/>
      </symbol>
      <symbol id="sm-109f">
         <name>__aeabi_uldivmod</name>
         <value>0x20009a69</value>
         <object_component_ref idref="oc-5e5"/>
      </symbol>
      <symbol id="sm-10b1">
         <name>__TI_zero_init</name>
         <value>0x2000c6f9</value>
         <object_component_ref idref="oc-4d"/>
      </symbol>
      <symbol id="sm-10c8">
         <name>__TI_decompress_none</name>
         <value>0x2000c6c7</value>
         <object_component_ref idref="oc-1a"/>
      </symbol>
      <symbol id="sm-10eb">
         <name>__TI_decompress_lzss</name>
         <value>0x2000a63d</value>
         <object_component_ref idref="oc-14"/>
      </symbol>
      <symbol id="sm-10f6">
         <name>_ctypes_</name>
         <value>0x20014eb8</value>
         <object_component_ref idref="oc-768"/>
      </symbol>
      <symbol id="sm-117f">
         <name>_sys_memory</name>
         <value>0x2000c7d0</value>
         <object_component_ref idref="oc-2a"/>
      </symbol>
      <symbol id="sm-1180">
         <name>free</name>
         <value>0x20008bd9</value>
         <object_component_ref idref="oc-429"/>
      </symbol>
      <symbol id="sm-1181">
         <name>memalign</name>
         <value>0x200085fd</value>
         <object_component_ref idref="oc-88e"/>
      </symbol>
      <symbol id="sm-1182">
         <name>malloc</name>
         <value>0x2000c78d</value>
         <object_component_ref idref="oc-611"/>
      </symbol>
      <symbol id="sm-1183">
         <name>aligned_alloc</name>
         <value>0x200085fd</value>
         <object_component_ref idref="oc-88e"/>
      </symbol>
      <symbol id="sm-1191">
         <name>strlen</name>
         <value>0x2000c4e1</value>
         <object_component_ref idref="oc-389"/>
      </symbol>
      <symbol id="sm-11a7">
         <name>__aeabi_errno_addr</name>
         <value>0x2000c77d</value>
         <object_component_ref idref="oc-796"/>
      </symbol>
      <symbol id="sm-11a8">
         <name>errno</name>
         <value>0x20014eb0</value>
         <object_component_ref idref="oc-968"/>
      </symbol>
      <symbol id="sm-11ba">
         <name>__stack</name>
         <value>0x20003000</value>
         <object_component_ref idref="oc-2d"/>
      </symbol>
      <symbol id="sm-11bb">
         <name>_c_int00_noargs</name>
         <value>0x2000bfd1</value>
         <object_component_ref idref="oc-c5"/>
      </symbol>
      <symbol id="sm-11d8">
         <name>floorl</name>
         <value>0x200089f1</value>
         <object_component_ref idref="oc-7bd"/>
      </symbol>
      <symbol id="sm-11d9">
         <name>floor</name>
         <value>0x200089f1</value>
         <object_component_ref idref="oc-7bd"/>
      </symbol>
      <symbol id="sm-133e">
         <name>__TI_printfi</name>
         <value>0x20004b39</value>
         <object_component_ref idref="oc-578"/>
      </symbol>
      <symbol id="sm-13f3">
         <name>__TI_scanfi</name>
         <value>0x20004041</value>
         <object_component_ref idref="oc-539"/>
      </symbol>
      <symbol id="sm-13fd">
         <name>__aeabi_idiv0</name>
         <value>0x2000a5d3</value>
         <object_component_ref idref="oc-83d"/>
      </symbol>
      <symbol id="sm-13fe">
         <name>__aeabi_ldiv0</name>
         <value>0x2000a5d3</value>
         <object_component_ref idref="oc-83d"/>
      </symbol>
      <symbol id="sm-1408">
         <name>__aeabi_d2iz</name>
         <value>0x2000b319</value>
         <object_component_ref idref="oc-98b"/>
      </symbol>
      <symbol id="sm-1417">
         <name>__aeabi_memset</name>
         <value>0x2000a243</value>
         <object_component_ref idref="oc-9d"/>
      </symbol>
      <symbol id="sm-1418">
         <name>memset</name>
         <value>0x2000a249</value>
         <object_component_ref idref="oc-9d"/>
      </symbol>
      <symbol id="sm-1419">
         <name>__aeabi_memset8</name>
         <value>0x2000a243</value>
         <object_component_ref idref="oc-9d"/>
      </symbol>
      <symbol id="sm-141a">
         <name>__aeabi_memset4</name>
         <value>0x2000a243</value>
         <object_component_ref idref="oc-9d"/>
      </symbol>
      <symbol id="sm-141b">
         <name>__aeabi_memclr8</name>
         <value>0x2000a241</value>
         <object_component_ref idref="oc-9d"/>
      </symbol>
      <symbol id="sm-141c">
         <name>__aeabi_memclr4</name>
         <value>0x2000a241</value>
         <object_component_ref idref="oc-9d"/>
      </symbol>
      <symbol id="sm-141d">
         <name>__aeabi_memclr</name>
         <value>0x2000a241</value>
         <object_component_ref idref="oc-9d"/>
      </symbol>
      <symbol id="sm-1445">
         <name>__TI_auto_init_nobinit_nopinit</name>
         <value>0x2000b5c9</value>
         <object_component_ref idref="oc-177"/>
      </symbol>
      <symbol id="sm-144f">
         <name>_system_pre_init</name>
         <value>0x2000c7c7</value>
         <object_component_ref idref="oc-119"/>
      </symbol>
      <symbol id="sm-145b">
         <name>C$$EXIT</name>
         <value>0x2000c7cb</value>
         <object_component_ref idref="oc-16b"/>
      </symbol>
      <symbol id="sm-145c">
         <name>abort</name>
         <value>0x2000c7cb</value>
         <object_component_ref idref="oc-16b"/>
      </symbol>
      <symbol id="sm-1471">
         <name>_nop</name>
         <value>0x20008e57</value>
         <object_component_ref idref="oc-3d4"/>
      </symbol>
      <symbol id="sm-1472">
         <name>_lock</name>
         <value>0x20014e80</value>
         <object_component_ref idref="oc-253"/>
      </symbol>
      <symbol id="sm-1473">
         <name>_unlock</name>
         <value>0x20014e84</value>
         <object_component_ref idref="oc-253"/>
      </symbol>
      <symbol id="sm-1482">
         <name>__TI_ltoa</name>
         <value>0x2000abdb</value>
         <object_component_ref idref="oc-990"/>
      </symbol>
      <symbol id="sm-1499">
         <name>atoi</name>
         <value>0x2000afa9</value>
         <object_component_ref idref="oc-76b"/>
      </symbol>
      <symbol id="sm-14a9">
         <name>memccpy</name>
         <value>0x2000c1b9</value>
         <object_component_ref idref="oc-7e5"/>
      </symbol>
      <symbol id="sm-14b9">
         <name>strchr</name>
         <value>0x2000c401</value>
         <object_component_ref idref="oc-777"/>
      </symbol>
      <symbol id="sm-14c7">
         <name>strcpy</name>
         <value>0x2000c4cd</value>
         <object_component_ref idref="oc-744"/>
      </symbol>
      <symbol id="sm-14d6">
         <name>strrchr</name>
         <value>0x2000c391</value>
         <object_component_ref idref="oc-771"/>
      </symbol>
      <symbol id="sm-1535">
         <name>strtold</name>
         <value>0x20005f45</value>
         <object_component_ref idref="oc-756"/>
      </symbol>
      <symbol id="sm-1536">
         <name>strtod</name>
         <value>0x20005f45</value>
         <object_component_ref idref="oc-756"/>
      </symbol>
      <symbol id="sm-155a">
         <name>strtol</name>
         <value>0x20007f35</value>
         <object_component_ref idref="oc-75c"/>
      </symbol>
      <symbol id="sm-1580">
         <name>strtoll</name>
         <value>0x20006cb5</value>
         <object_component_ref idref="oc-762"/>
      </symbol>
      <symbol id="sm-15a0">
         <name>strtoul</name>
         <value>0x200084ed</value>
         <object_component_ref idref="oc-750"/>
      </symbol>
      <symbol id="sm-15c3">
         <name>strtoull</name>
         <value>0x20007511</value>
         <object_component_ref idref="oc-74a"/>
      </symbol>
      <symbol id="sm-15d9">
         <name>frexpl</name>
         <value>0x2000aa1d</value>
         <object_component_ref idref="oc-9b1"/>
      </symbol>
      <symbol id="sm-15da">
         <name>frexp</name>
         <value>0x2000aa1d</value>
         <object_component_ref idref="oc-9b1"/>
      </symbol>
      <symbol id="sm-15f3">
         <name>wcslen</name>
         <value>0x2000c561</value>
         <object_component_ref idref="oc-7eb"/>
      </symbol>
      <symbol id="sm-15f4">
         <name>__TI_static_base__</name>
         <value>0x20015920</value>
      </symbol>
      <symbol id="sm-15f7">
         <name>ITM_flush</name>
         <value>0x0</value>
      </symbol>
      <symbol id="sm-15f8">
         <name>ITM_restore</name>
         <value>0x0</value>
      </symbol>
      <symbol id="sm-15f9">
         <name>__mpu_init</name>
         <value>0x0</value>
      </symbol>
      <symbol id="sm-15fa">
         <name>_system_post_cinit</name>
         <value>0x0</value>
      </symbol>
      <symbol id="sm-15fb">
         <name>NoRTOS_start</name>
         <value>0x2000c68f</value>
      </symbol>
   </symbol_table>
   <title>Link successful</title>
</link_info>
