******************************************************************************
                  TI ARM Linker PC v20.2.6                     
******************************************************************************
>> Linked Fri Jun  3 09:53:12 2022

OUTPUT FILE NAME:   <gpiointerrupt_CC3220S_LAUNCHXL_nortos_ccs.out>
ENTRY POINT SYMBOL: "resetISR"  address: 2000e361


MEMORY CONFIGURATION

         name            origin    length      used     unused   attr    fill
----------------------  --------  ---------  --------  --------  ----  --------
  SRAM2                 20000000   00004000  0000130c  00002cf4  RW X
  SRAM                  20004000   0003c000  0000b1b4  00030e4c  RW X
  LOG_DATA              90000000   00040000  00000000  00040000  R   


SEGMENT ALLOCATION MAP

run origin  load origin   length   init length attrs members
----------  ----------- ---------- ----------- ----- -------
20003000    20003000    00001000   00000000    rw-
  20003000    20003000    00001000   00000000    rw- .stack
20004000    20004000    00000040   00000040    r--
  20004000    20004000    00000040   00000040    r-- .resetVecs
20004040    20004040    00008000   00000000    rw-
  20004040    20004040    00008000   00000000    rw- .sysmem
2000c040    2000c040    0000256c   0000256c    r-x
  2000c040    2000c040    0000256c   0000256c    r-x .text
2000e5ac    2000e5ac    00000620   00000000    rw-
  2000e5ac    2000e5ac    00000620   00000000    rw- .data
2000ebcc    2000ebcc    00000280   00000280    r--
  2000ebcc    2000ebcc    00000280   00000280    r-- .const
2000ee50    2000ee50    00000270   00000000    rw-
  2000ee50    2000ee50    00000270   00000000    rw- .bss
2000f0c0    2000f0c0    000000f8   000000f8    r--
  2000f0c0    2000f0c0    000000f8   000000f8    r-- .cinit


SECTION ALLOCATION MAP

 output                                  attributes/
section   page    origin      length       input sections
--------  ----  ----------  ----------   ----------------
.text      0    2000c040    0000256c     
                  2000c040    0000042c     driverlib.a : prcm.obj (.text:PRCMCC3200MCUInit)
                  2000c46c    000001c4     gpiointerrupt.obj (.text:mainThread)
                  2000c630    000001a0     nortos_cc32xx.a : PowerCC32XX_nortos.oem4 (.text:PowerCC32XX_sleepPolicy)
                  2000c7d0    00000154     drivers_cc32xx.a : GPIOCC32XX.oem4 (.text:GPIO_setConfig)
                  2000c924    00000148                      : PowerCC32XX.oem4 (.text:parkPins)
                  2000ca6c    00000138                      : PowerCC32XX.oem4 (.text:Power_sleep)
                  2000cba4    00000100     rtsv7M4_T_le_eabi.lib : memory.c.obj (.text:aligned_alloc)
                  2000cca4    000000e4                           : memory.c.obj (.text:free)
                  2000cd88    000000c0     drivers_cc32xx.a : PowerCC32XX.oem4 (.text:restoreParkedPins)
                  2000ce48    000000a8     driverlib.a : interrupt.obj (.text:IntEnable)
                  2000cef0    000000a8     drivers_cc32xx.a : PowerCC32XX.oem4 (.text:PowerCC32XX_configureWakeup)
                  2000cf98    000000a0     nortos_cc32xx.a : SemaphoreP_nortos.oem4 (.text:SemaphoreP_pend)
                  2000d038    0000009c     rtsv7M4_T_le_eabi.lib : memcpy_t2.asm.obj (.text)
                  2000d0d4    00000096                           : ull_div_t2.asm.obj (.text)
                  2000d16a    00000002     ti_drivers_config.obj (.text:Board_initHook)
                  2000d16c    00000090     drivers_cc32xx.a : GPIOCC32XX.oem4 (.text:GPIO_init)
                  2000d1fc    00000090                      : PowerCC32XX.oem4 (.text:restoreNVICRegs)
                  2000d28c    0000008c     nortos_cc32xx.a : HwiPCC32XX_nortos.oem4 (.text:HwiP_construct)
                  2000d318    00000088     driverlib.a : interrupt.obj (.text:IntPendSet)
                  2000d3a0    00000088                 : pin.obj (.text:PinConfigSet)
                  2000d428    00000084     drivers_cc32xx.a : PowerCC32XX.oem4 (.text:Power_init)
                  2000d4ac    00000084                      : PowerCC32XX.oem4 (.text:saveNVICRegs)
                  2000d530    00000080                      : GPIOCC32XX.oem4 (.text:GPIO_write)
                  2000d5b0    00000080                      : PowerCC32XX.oem4 (.text:Power_setDependency)
                  2000d630    00000074                      : GPIOCC32XX.oem4 (.text:powerNotifyFxn)
                  2000d6a4    00000070     rtsv7M4_T_le_eabi.lib : memory.c.obj (.text:split)
                  2000d714    00000068                           : copy_decompress_lzss.c.obj (.text:decompress:lzss:__TI_decompress_lzss)
                  2000d77c    00000064     drivers_cc32xx.a : GPIOCC32XX.oem4 (.text:GPIO_setInterruptConfig)
                  2000d7e0    00000064                      : PowerCC32XX.oem4 (.text:PowerCC32XX_setParkState)
                  2000d844    00000060                      : GPIOCC32XX.oem4 (.text:GPIO_hwiIntFxn)
                  2000d8a4    00000060     driverlib.a : prcm.obj (.text:PRCMSysResetCauseGet)
                  2000d904    00000060     nortos_cc32xx.a : ClockPSysTick_nortos.oem4 (.text:getTimeUsec)
                  2000d964    0000005c                     : ClockPSysTick_nortos.oem4 (.text:sysTickInit)
                  2000d9c0    00000058     driverlib.a : prcm.obj (.text:PRCMPeripheralReset)
                  2000da18    00000052     drivers_cc32xx.a : PowerCC32XX_asm.oem4 (.text:PowerCC32XX_resumeLPDS)
                  2000da6a    00000002     nortos_cc32xx.a : PowerCC32XX_nortos.oem4 (.text:PowerCC32XX_initPolicy)
                  2000da6c    00000050                     : ClockPSysTick_nortos.oem4 (.text:ClockP_sysTickHandler)
                  2000dabc    00000050                     : SemaphoreP_nortos.oem4 (.text:SemaphoreP_construct)
                  2000db0c    0000004c     drivers_cc32xx.a : PowerCC32XX.oem4 (.text:PowerCC32XX_parkPin)
                  2000db58    0000004c                      : PowerCC32XX.oem4 (.text:restorePeriphClocks)
                  2000dba4    00000048     nortos_cc32xx.a : ClockPSysTick_nortos.oem4 (.text:ClockP_usleep)
                  2000dbec    00000048     driverlib.a : flash.obj (.text:FlashDisable)
                  2000dc34    00000048     drivers_cc32xx.a : GPIOCC32XX.oem4 (.text:GPIO_disableInt)
                  2000dc7c    00000048                      : GPIOCC32XX.oem4 (.text:GPIO_enableInt)
                  2000dcc4    00000048     driverlib.a : prcm.obj (.text:PRCMLPDSEnter)
                  2000dd0c    00000048                 : prcm.obj (.text:PRCMPeripheralClkEnable)
                  2000dd54    00000044     nortos_cc32xx.a : ClockPSysTick_nortos.oem4 (.text:ClockP_stop)
                  2000dd98    00000044     driverlib.a : prcm.obj (.text:PRCMLPDSRestoreInfoSet)
                  2000dddc    00000044     drivers_cc32xx.a : PowerCC32XX_asm.oem4 (.text:PowerCC32XX_enterLPDS)
                  2000de20    00000044     nortos_cc32xx.a : SemaphoreP_nortos.oem4 (.text:SemaphoreP_post)
                  2000de64    00000044                     : SwiP_nortos.oem4 (.text:SwiP_restore)
                  2000dea8    00000044     rtsv7M4_T_le_eabi.lib : autoinit.c.obj (.text:__TI_auto_init_nobinit_nopinit:__TI_auto_init_nobinit_nopinit)
                  2000deec    00000040     driverlib.a : pin.obj (.text:PinModeSet)
                  2000df2c    0000003c     nortos_cc32xx.a : ClockPSysTick_nortos.oem4 (.text:ClockP_destruct)
                  2000df68    0000003a                     : PowerCC32XX_nortos.oem4 (.text:getCountsRTC)
                  2000dfa2    00000002                     : SemaphoreP_nortos.oem4 (.text:SemaphoreP_destruct)
                  2000dfa4    00000038     driverlib.a : prcm.obj (.text:PRCMLPDSEnterKeepDebugIf)
                  2000dfdc    00000038     nortos_cc32xx.a : ClockPSysTick_nortos.oem4 (.text:addToList)
                  2000e014    00000038                     : startup_cc32xx_ccs.oem4 (.text:initVectors)
                  2000e04c    00000038     drivers_cc32xx.a : PowerCC32XX.oem4 (.text:notify)
                  2000e084    00000034     nortos_cc32xx.a : ClockPSysTick_nortos.oem4 (.text:ClockP_getTicksUntilInterrupt)
                  2000e0b8    00000034                     : ClockPSysTick_nortos.oem4 (.text:ClockP_startup)
                  2000e0ec    00000034     driverlib.a : pin.obj (.text:PinModeGet)
                  2000e120    00000030     nortos_cc32xx.a : ClockPSysTick_nortos.oem4 (.text:ClockP_start)
                  2000e150    00000030     drivers_cc32xx.a : PowerCC32XX.oem4 (.text:PowerCC32XX_restoreParkedPin)
                  2000e180    0000002a     nortos_cc32xx.a : HwiPCC32XX_nortos.oem4 (.text:HwiP_create)
                  2000e1aa    00000002     rtsv7M4_T_le_eabi.lib : _lock.c.obj (.text:_nop)
                  2000e1ac    00000028     driverlib.a : prcm.obj (.text:PRCMPeripheralClkDisable)
                  2000e1d4    00000028     drivers_cc32xx.a : PowerCC32XX.oem4 (.text:Power_registerNotify)
                  2000e1fc    00000028     rtsv7M4_T_le_eabi.lib : memory.c.obj (.text:free_list_insert)
                  2000e224    00000026     drivers_cc32xx.a : List.oem4 (.text:List_put)
                  2000e24a    00000002     nortos_cc32xx.a : startup_cc32xx_ccs.oem4 (.text:busFaultHandler)
                  2000e24c    00000024                     : HwiPCC32XX_nortos.oem4 (.text:HwiP_dispatch)
                  2000e270    00000024     rtsv7M4_T_le_eabi.lib : boot_cortex_m.c.obj (.text:_c_int00_noargs:_c_int00_noargs)
                  2000e294    00000024     nortos_cc32xx.a : ClockPSysTick_nortos.oem4 (.text:sleepTicks)
                  2000e2b8    0000001c     drivers_cc32xx.a : GPIO.oem4 (.text:GPIO_setCallback)
                  2000e2d4    0000001c     driverlib.a : pin.obj (.text:PinToPadGet)
                  2000e2f0    0000001c     nortos_cc32xx.a : SwiP_nortos.oem4 (.text:SwiP_disable)
                  2000e30c    0000001c     rtsv7M4_T_le_eabi.lib : copy_zero_init.c.obj (.text:decompress:ZI:__TI_zero_init_nomemset:__TI_zero_init_nomemset)
                  2000e328    0000001c                           : memory.c.obj (.text:free_list_remove)
                  2000e344    0000001a     nortos_cc32xx.a : SemaphoreP_nortos.oem4 (.text:SemaphoreP_createBinary)
                  2000e35e    00000002                     : SemaphoreP_nortos.oem4 (.text:clkFxn)
                  2000e360    0000001a                     : startup_cc32xx_ccs.oem4 (.text:resetISR)
                  2000e37a    00000002                     : startup_cc32xx_ccs.oem4 (.text:defaultHandler)
                  2000e37c    00000018     drivers_cc32xx.a : PowerCC32XX.oem4 (.text:Power_getTransitionLatency)
                  2000e394    00000018                      : PowerCC32XX.oem4 (.text:Power_idleFunc)
                  2000e3ac    00000018     rtsv7M4_T_le_eabi.lib : ll_mul_t2.asm.obj (.text)
                  2000e3c4    00000016     driverlib.a : prcm.obj (.text:PRCMHIBRegRead)
                  2000e3da    00000016                 : prcm.obj (.text:PRCMHIBRegWrite)
                  2000e3f0    00000016     nortos_cc32xx.a : SemaphoreP_nortos.oem4 (.text:SemaphoreP_create)
                  2000e406    00000014     ti_drivers_config.obj (.text:Board_init)
                  2000e41a    00000014     driverlib.a : cpu.obj (.text:CPUcpsid)
                  2000e42e    00000002     nortos_cc32xx.a : startup_cc32xx_ccs.oem4 (.text:faultISR)
                  2000e430    00000014                     : HwiPCC32XX_nortos.oem4 (.text:HwiP_inISR)
                  2000e444    00000014     driverlib.a : interrupt.obj (.text:IntVTableBaseSet)
                  2000e458    00000014     drivers_cc32xx.a : PowerCC32XX.oem4 (.text:Power_disablePolicy)
                  2000e46c    00000014                      : PowerCC32XX.oem4 (.text:Power_getDependencyCount)
                  2000e480    00000014     gpiointerrupt.obj (.text:gpioButtonFxn0)
                  2000e494    00000014     gpiointerrupt.obj (.text:gpioButtonFxn1)
                  2000e4a8    00000012     nortos_cc32xx.a : HwiPCC32XX_nortos.oem4 (.text:HwiP_Params_init)
                  2000e4ba    00000012     main_nortos.obj (.text:main)
                  2000e4cc    00000010     nortos_cc32xx.a : ClockPSysTick_nortos.oem4 (.text:ClockP_add)
                  2000e4dc    00000010                     : ClockPSysTick_nortos.oem4 (.text:ClockP_getCpuFreq)
                  2000e4ec    00000010                     : ClockPSysTick_nortos.oem4 (.text:ClockP_getSystemTicks)
                  2000e4fc    00000010                     : ClockPSysTick_nortos.oem4 (.text:ClockP_setTicks)
                  2000e50c    00000010                     : HwiPCC32XX_nortos.oem4 (.text:HwiP_restore)
                  2000e51c    00000010     drivers_cc32xx.a : PowerCC32XX.oem4 (.text:Power_enablePolicy)
                  2000e52c    00000010     nortos_cc32xx.a : SemaphoreP_nortos.oem4 (.text:SemaphoreP_Params_init)
                  2000e53c    0000000e                     : HwiPCC32XX_nortos.oem4 (.text:HwiP_disable)
                  2000e54a    0000000e                     : HwiPCC32XX_nortos.oem4 (.text:HwiP_enable)
                  2000e558    0000000e     rtsv7M4_T_le_eabi.lib : copy_decompress_none.c.obj (.text:decompress:none:__TI_decompress_none)
                  2000e566    00000002     nortos_cc32xx.a : startup_cc32xx_ccs.oem4 (.text:nmiISR)
                  2000e568    0000000c     drivers_cc32xx.a : PowerCC32XX.oem4 (.text:Power_getConstraintMask)
                  2000e574    0000000a     nortos_cc32xx.a : ClockPSysTick_nortos.oem4 (.text:ClockP_isActive)
                  2000e57e    0000000a     driverlib.a : interrupt.obj (.text:IntMasterDisable)
                  2000e588    00000008     rtsv7M4_T_le_eabi.lib : memory.c.obj (.text:malloc)
                  2000e590    00000006     driverlib.a : utils.obj (.text:UtilsDelay)
                  2000e596    00000004     nortos_cc32xx.a : ClockPSysTick_nortos.oem4 (.text:ClockP_doTick)
                  2000e59a    00000004                     : HwiPCC32XX_nortos.oem4 (.text:HwiP_post)
                  2000e59e    00000004                     : SemaphoreP_nortos.oem4 (.text:SemaphoreP_delete)
                  2000e5a2    00000004     rtsv7M4_T_le_eabi.lib : pre_init.c.obj (.text:_system_pre_init)
                  2000e5a6    00000004                           : exit.c.obj (.text:abort:abort)
                  2000e5aa    00000002                           : div0.asm.obj (.text)

.const     0    2000ebcc    00000280     
                  2000ebcc    00000100     driverlib.a : pin.obj (.const:g_ulPinToPadMap)
                  2000eccc    000000a8                 : prcm.obj (.const:PRCM_PeriphRegsList)
                  2000ed74    00000044     ti_drivers_config.obj (.const:PowerCC32XX_config)
                  2000edb8    00000028     drivers_cc32xx.a : GPIOCC32XX.oem4 (.const:portConfigs)
                  2000ede0    00000021                      : GPIOCC32XX.oem4 (.const:.string:pinTable)
                  2000ee01    00000003     --HOLE-- [fill = 0]
                  2000ee04    00000018     driverlib.a : interrupt.obj (.const:g_pulEnRegs)
                  2000ee1c    00000018                 : interrupt.obj (.const:g_pulPendRegs)
                  2000ee34    00000010     ti_drivers_config.obj (.const:GPIO_config)
                  2000ee44    00000008     ti_drivers_config.obj (.const)

.cinit     0    2000f0c0    000000f8     
                  2000f0c0    000000cf     (.cinit..data.load) [load image, compression = lzss]
                  2000f18f    00000001     --HOLE-- [fill = 0]
                  2000f190    0000000c     (__TI_handler_table)
                  2000f19c    00000004     --HOLE-- [fill = 0]
                  2000f1a0    00000008     (.cinit..bss.load) [load image, compression = zero_init]
                  2000f1a8    00000010     (__TI_cinit_table)

.init_array 
*          0    20004000    00000000     UNINITIALIZED

.ramVecs   0    20000000    0000030c     NOLOAD SECTION
                  20000000    0000030c     nortos_cc32xx.a : startup_cc32xx_ccs.oem4 (.ramVecs)

.stack     0    20003000    00001000     UNINITIALIZED
                  20003000    00000004     rtsv7M4_T_le_eabi.lib : boot_cortex_m.c.obj (.stack)
                  20003004    00000ffc     --HOLE--

.resetVecs 
*          0    20004000    00000040     
                  20004000    00000040     nortos_cc32xx.a : startup_cc32xx_ccs.oem4 (.resetVecs:retain)

.sysmem    0    20004040    00008000     UNINITIALIZED
                  20004040    00000010     rtsv7M4_T_le_eabi.lib : memory.c.obj (.sysmem)
                  20004050    00007ff0     --HOLE--

.data      0    2000e5ac    00000620     UNINITIALIZED
                  2000e5ac    0000030c     nortos_cc32xx.a : HwiPCC32XX_nortos.oem4 (.data:HwiP_dispatchTable)
                  2000e8b8    0000016c     drivers_cc32xx.a : PowerCC32XX.oem4 (.data:PowerCC32XX_module)
                  2000ea24    000000f8     ti_drivers_config.obj (.data:parkInfo)
                  2000eb1c    00000084     ti_drivers_config.obj (.data:gpioPinConfigs)
                  2000eba0    00000008     rtsv7M4_T_le_eabi.lib : _lock.c.obj (.data:$O1$$)
                  2000eba8    00000008                           : memory.c.obj (.data:$O1$$)
                  2000ebb0    00000008     nortos_cc32xx.a : SemaphoreP_nortos.oem4 (.data:SemaphoreP_defaultParams)
                  2000ebb8    00000008                     : HwiPCC32XX_nortos.oem4 (.data)
                  2000ebc0    00000005                     : ClockPSysTick_nortos.oem4 (.data)
                  2000ebc5    00000003                     : SemaphoreP_nortos.oem4 (.data)
                  2000ebc8    00000002     drivers_cc32xx.a : GPIOCC32XX.oem4 (.data)
                  2000ebca    00000002     gpiointerrupt.obj (.data)

.bss       0    2000ee50    00000270     UNINITIALIZED
                  2000ee50    0000012c     (.common:PowerCC32XX_contextSave)
                  2000ef7c    00000084     (.common:gpioCallbackFunctions)
                  2000f000    00000084     (.common:gpioUserArgs)
                  2000f084    00000014     drivers_cc32xx.a : GPIOCC32XX.oem4 (.bss:powerNotifyObj)
                  2000f098    00000010     (.common:ClockP_ctrl)
                  2000f0a8    0000000d     nortos_cc32xx.a : SwiP_nortos.oem4 (.bss)
                  2000f0b5    00000003     --HOLE--
                  2000f0b8    00000004     drivers_cc32xx.a : GPIOCC32XX.oem4 (.bss)
                  2000f0bc    00000004     nortos_cc32xx.a : ClockPSysTick_nortos.oem4 (.bss)

.log_data 
*          0    90000000    00000000     COPY SECTION

__llvm_prf_cnts 
*          0    20004000    00000000     UNINITIALIZED

MODULE SUMMARY

       Module                       code   ro data   rw data
       ------                       ----   -------   -------
    .\
       gpiointerrupt.obj            492    0         2      
       main_nortos.obj              18     0         0      
    +--+----------------------------+------+---------+---------+
       Total:                       510    0         2      
                                                            
    .\syscfg\
       ti_drivers_config.obj        22     92        644    
    +--+----------------------------+------+---------+---------+
       Total:                       22     92        644    
                                                            
    C:/ti/simplelink_cc32xx_sdk_6_10_00_05/kernel/nortos/lib/ccs/m4/nortos_cc32xx.a
       HwiPCC32XX_nortos.oem4       304    0         788    
       startup_cc32xx_ccs.oem4      90     64        780    
       ClockPSysTick_nortos.oem4    790    0         25     
       PowerCC32XX_nortos.oem4      476    0         0      
       SemaphoreP_nortos.oem4       380    0         11     
       SwiP_nortos.oem4             96     0         13     
    +--+----------------------------+------+---------+---------+
       Total:                       2136   64        1617   
                                                            
    C:/ti/simplelink_cc32xx_sdk_6_10_00_05/source/ti/devices/cc32xx/driverlib/ccs/Release/driverlib.a
       prcm.obj                     1604   168       0      
       pin.obj                      280    256       0      
       interrupt.obj                334    48        0      
       flash.obj                    72     0         0      
       cpu.obj                      20     0         0      
       utils.obj                    6      0         0      
    +--+----------------------------+------+---------+---------+
       Total:                       2316   472       0      
                                                            
    C:/ti/simplelink_cc32xx_sdk_6_10_00_05/source/ti/drivers/lib/ccs/m4/drivers_cc32xx.a
       PowerCC32XX.oem4             2048   0         664    
       GPIOCC32XX.oem4              1068   73        26     
       PowerCC32XX_asm.oem4         150    0         0      
       List.oem4                    38     0         0      
       GPIO.oem4                    28     0         0      
    +--+----------------------------+------+---------+---------+
       Total:                       3332   73        690    
                                                            
    C:\ti\ccs1120\ccs\tools\compiler\ti-cgt-arm_20.2.6.LTS\lib\rtsv7M4_T_le_eabi.lib
       memory.c.obj                 672    0         8      
       memcpy_t2.asm.obj            156    0         0      
       ull_div_t2.asm.obj           150    0         0      
       copy_decompress_lzss.c.obj   104    0         0      
       autoinit.c.obj               68     0         0      
       boot_cortex_m.c.obj          36     0         0      
       copy_zero_init.c.obj         28     0         0      
       ll_mul_t2.asm.obj            24     0         0      
       copy_decompress_none.c.obj   14     0         0      
       _lock.c.obj                  2      0         8      
       exit.c.obj                   4      0         0      
       pre_init.c.obj               4      0         0      
       div0.asm.obj                 2      0         0      
    +--+----------------------------+------+---------+---------+
       Total:                       1264   0         16     
                                                            
       Heap:                        0      0         32768  
       Stack:                       0      0         4096   
       Linker Generated:            0      243       0      
    +--+----------------------------+------+---------+---------+
       Grand Total:                 9580   944       39833  


LINKER GENERATED COPY TABLES

__TI_cinit_table @ 2000f1a8 records: 2, size/record: 8, table size: 16
	.data: load addr=2000f0c0, load size=000000cf bytes, run addr=2000e5ac, run size=00000620 bytes, compression=lzss
	.bss: load addr=2000f1a0, load size=00000008 bytes, run addr=2000ee50, run size=00000270 bytes, compression=zero_init


LINKER GENERATED HANDLER TABLE

__TI_handler_table @ 2000f190 records: 3, size/record: 4, table size: 12
	index: 0, handler: __TI_decompress_lzss
	index: 1, handler: __TI_decompress_none
	index: 2, handler: __TI_zero_init


GLOBAL SYMBOLS: SORTED ALPHABETICALLY BY Name 

address   name                          
-------   ----                          
2000e407  Board_init                    
2000d16b  Board_initHook                
2000e5a7  C$$EXIT                       
2000ee46  CONFIG_GPIO_BUTTON_0_CONST    
2000ee47  CONFIG_GPIO_BUTTON_1_CONST    
2000ee48  CONFIG_GPIO_LED_0_CONST       
2000ee49  CONFIG_GPIO_LED_1_CONST       
2000ee4a  CONFIG_TIMER_0_CONST          
2000e41b  CPUcpsid                      
2000e4cd  ClockP_add                    
2000f098  ClockP_ctrl                   
2000df2d  ClockP_destruct               
2000e597  ClockP_doTick                 
2000e4dd  ClockP_getCpuFreq             
2000e4ed  ClockP_getSystemTicks         
2000e085  ClockP_getTicksUntilInterrupt 
2000e575  ClockP_isActive               
2000e4fd  ClockP_setTicks               
2000e121  ClockP_start                  
2000e0b9  ClockP_startup                
2000dd55  ClockP_stop                   
2000da6d  ClockP_sysTickHandler         
2000ebc0  ClockP_tickPeriod             
2000dba5  ClockP_usleep                 
2000dbed  FlashDisable                  
2000ee34  GPIO_config                   
2000dc35  GPIO_disableInt               
2000dc7d  GPIO_enableInt                
2000d845  GPIO_hwiIntFxn                
2000d16d  GPIO_init                     
2000ee44  GPIO_pinLowerBound            
2000ee45  GPIO_pinUpperBound            
2000e2b9  GPIO_setCallback              
2000c7d1  GPIO_setConfig                
2000d77d  GPIO_setInterruptConfig       
2000d531  GPIO_write                    
2000e4a9  HwiP_Params_init              
2000d28d  HwiP_construct                
2000e181  HwiP_create                   
2000e53d  HwiP_disable                  
2000e24d  HwiP_dispatch                 
2000e54b  HwiP_enable                   
2000e431  HwiP_inISR                    
2000ebb8  HwiP_key                      
2000e59b  HwiP_post                     
2000e50d  HwiP_restore                  
2000ebbc  HwiP_swiPIntNum               
UNDEFED   ITM_flush                     
UNDEFED   ITM_restore                   
2000ce49  IntEnable                     
2000e57f  IntMasterDisable              
2000d319  IntPendSet                    
2000e445  IntVTableBaseSet              
2000e225  List_put                      
2000e54b  NoRTOS_start                  
2000c041  PRCMCC3200MCUInit             
2000e3c5  PRCMHIBRegRead                
2000e3db  PRCMHIBRegWrite               
2000dcc5  PRCMLPDSEnter                 
2000dfa5  PRCMLPDSEnterKeepDebugIf      
2000dd99  PRCMLPDSRestoreInfoSet        
2000e1ad  PRCMPeripheralClkDisable      
2000dd0d  PRCMPeripheralClkEnable       
2000d9c1  PRCMPeripheralReset           
2000d8a5  PRCMSysResetCauseGet          
2000d3a1  PinConfigSet                  
2000e0ed  PinModeGet                    
2000deed  PinModeSet                    
2000e2d5  PinToPadGet                   
2000ed74  PowerCC32XX_config            
2000cef1  PowerCC32XX_configureWakeup   
2000ee50  PowerCC32XX_contextSave       
2000dddd  PowerCC32XX_enterLPDS         
2000da6b  PowerCC32XX_initPolicy        
2000e8b8  PowerCC32XX_module            
2000db0d  PowerCC32XX_parkPin           
2000e151  PowerCC32XX_restoreParkedPin  
2000da19  PowerCC32XX_resumeLPDS        
2000d7e1  PowerCC32XX_setParkState      
2000c631  PowerCC32XX_sleepPolicy       
2000e459  Power_disablePolicy           
2000e51d  Power_enablePolicy            
2000e569  Power_getConstraintMask       
2000e46d  Power_getDependencyCount      
2000e37d  Power_getTransitionLatency    
2000e395  Power_idleFunc                
2000d429  Power_init                    
2000e1d5  Power_registerNotify          
2000d5b1  Power_setDependency           
2000ca6d  Power_sleep                   
2000e52d  SemaphoreP_Params_init        
2000dabd  SemaphoreP_construct          
2000e3f1  SemaphoreP_create             
2000e345  SemaphoreP_createBinary       
2000ebb0  SemaphoreP_defaultParams      
2000e59f  SemaphoreP_delete             
2000dfa3  SemaphoreP_destruct           
2000cf99  SemaphoreP_pend               
2000de21  SemaphoreP_post               
2000e2f1  SwiP_disable                  
2000de65  SwiP_restore                  
2000ee4b  Timer_count                   
2000e591  UtilsDelay                    
20004000  __STACK_END                   
00001000  __STACK_SIZE                  
00008000  __SYSMEM_SIZE                 
2000f1a8  __TI_CINIT_Base               
2000f1b8  __TI_CINIT_Limit              
2000f190  __TI_Handler_Table_Base       
2000f19c  __TI_Handler_Table_Limit      
2000dea9  __TI_auto_init_nobinit_nopinit
2000d715  __TI_decompress_lzss          
2000e559  __TI_decompress_none          
ffffffff  __TI_pprof_out_hndl           
ffffffff  __TI_prof_data_size           
ffffffff  __TI_prof_data_start          
2000f0c0  __TI_static_base__            
2000e30d  __TI_zero_init_nomemset       
2000e5ab  __aeabi_idiv0                 
2000e5ab  __aeabi_ldiv0                 
2000e3ad  __aeabi_lmul                  
2000d039  __aeabi_memcpy                
2000d039  __aeabi_memcpy4               
2000d039  __aeabi_memcpy8               
2000d0d5  __aeabi_uldivmod              
ffffffff  __binit__                     
ffffffff  __c_args__                    
UNDEFED   __mpu_init                    
20003000  __stack                       
20004000  __start___llvm_prf_cnts       
20004000  __stop___llvm_prf_cnts        
2000e271  _c_int00_noargs               
2000eba0  _lock                         
2000e1ab  _nop                          
20004040  _sys_memory                   
UNDEFED   _system_post_cinit            
2000e5a3  _system_pre_init              
2000eba4  _unlock                       
2000e5a7  abort                         
2000cba5  aligned_alloc                 
ffffffff  binit                         
2000e35f  clkFxn                        
2000cca5  free                          
2000e481  gpioButtonFxn0                
2000e495  gpioButtonFxn1                
2000ef7c  gpioCallbackFunctions         
2000eb1c  gpioPinConfigs                
2000f000  gpioUserArgs                  
2000e015  initVectors                   
2000e4bb  main                          
2000c46d  mainThread                    
2000e589  malloc                        
2000cba5  memalign                      
2000d039  memcpy                        
2000ea24  parkInfo                      
2000e361  resetISR                      
2000e374  resetVectorAddr               
20004000  resetVectors                  
2000dba5  usleep                        
2000ebca  x                             


GLOBAL SYMBOLS: SORTED BY Symbol Address 

address   name                          
-------   ----                          
00001000  __STACK_SIZE                  
00008000  __SYSMEM_SIZE                 
20003000  __stack                       
20004000  __STACK_END                   
20004000  __start___llvm_prf_cnts       
20004000  __stop___llvm_prf_cnts        
20004000  resetVectors                  
20004040  _sys_memory                   
2000c041  PRCMCC3200MCUInit             
2000c46d  mainThread                    
2000c631  PowerCC32XX_sleepPolicy       
2000c7d1  GPIO_setConfig                
2000ca6d  Power_sleep                   
2000cba5  aligned_alloc                 
2000cba5  memalign                      
2000cca5  free                          
2000ce49  IntEnable                     
2000cef1  PowerCC32XX_configureWakeup   
2000cf99  SemaphoreP_pend               
2000d039  __aeabi_memcpy                
2000d039  __aeabi_memcpy4               
2000d039  __aeabi_memcpy8               
2000d039  memcpy                        
2000d0d5  __aeabi_uldivmod              
2000d16b  Board_initHook                
2000d16d  GPIO_init                     
2000d28d  HwiP_construct                
2000d319  IntPendSet                    
2000d3a1  PinConfigSet                  
2000d429  Power_init                    
2000d531  GPIO_write                    
2000d5b1  Power_setDependency           
2000d715  __TI_decompress_lzss          
2000d77d  GPIO_setInterruptConfig       
2000d7e1  PowerCC32XX_setParkState      
2000d845  GPIO_hwiIntFxn                
2000d8a5  PRCMSysResetCauseGet          
2000d9c1  PRCMPeripheralReset           
2000da19  PowerCC32XX_resumeLPDS        
2000da6b  PowerCC32XX_initPolicy        
2000da6d  ClockP_sysTickHandler         
2000dabd  SemaphoreP_construct          
2000db0d  PowerCC32XX_parkPin           
2000dba5  ClockP_usleep                 
2000dba5  usleep                        
2000dbed  FlashDisable                  
2000dc35  GPIO_disableInt               
2000dc7d  GPIO_enableInt                
2000dcc5  PRCMLPDSEnter                 
2000dd0d  PRCMPeripheralClkEnable       
2000dd55  ClockP_stop                   
2000dd99  PRCMLPDSRestoreInfoSet        
2000dddd  PowerCC32XX_enterLPDS         
2000de21  SemaphoreP_post               
2000de65  SwiP_restore                  
2000dea9  __TI_auto_init_nobinit_nopinit
2000deed  PinModeSet                    
2000df2d  ClockP_destruct               
2000dfa3  SemaphoreP_destruct           
2000dfa5  PRCMLPDSEnterKeepDebugIf      
2000e015  initVectors                   
2000e085  ClockP_getTicksUntilInterrupt 
2000e0b9  ClockP_startup                
2000e0ed  PinModeGet                    
2000e121  ClockP_start                  
2000e151  PowerCC32XX_restoreParkedPin  
2000e181  HwiP_create                   
2000e1ab  _nop                          
2000e1ad  PRCMPeripheralClkDisable      
2000e1d5  Power_registerNotify          
2000e225  List_put                      
2000e24d  HwiP_dispatch                 
2000e271  _c_int00_noargs               
2000e2b9  GPIO_setCallback              
2000e2d5  PinToPadGet                   
2000e2f1  SwiP_disable                  
2000e30d  __TI_zero_init_nomemset       
2000e345  SemaphoreP_createBinary       
2000e35f  clkFxn                        
2000e361  resetISR                      
2000e374  resetVectorAddr               
2000e37d  Power_getTransitionLatency    
2000e395  Power_idleFunc                
2000e3ad  __aeabi_lmul                  
2000e3c5  PRCMHIBRegRead                
2000e3db  PRCMHIBRegWrite               
2000e3f1  SemaphoreP_create             
2000e407  Board_init                    
2000e41b  CPUcpsid                      
2000e431  HwiP_inISR                    
2000e445  IntVTableBaseSet              
2000e459  Power_disablePolicy           
2000e46d  Power_getDependencyCount      
2000e481  gpioButtonFxn0                
2000e495  gpioButtonFxn1                
2000e4a9  HwiP_Params_init              
2000e4bb  main                          
2000e4cd  ClockP_add                    
2000e4dd  ClockP_getCpuFreq             
2000e4ed  ClockP_getSystemTicks         
2000e4fd  ClockP_setTicks               
2000e50d  HwiP_restore                  
2000e51d  Power_enablePolicy            
2000e52d  SemaphoreP_Params_init        
2000e53d  HwiP_disable                  
2000e54b  HwiP_enable                   
2000e54b  NoRTOS_start                  
2000e559  __TI_decompress_none          
2000e569  Power_getConstraintMask       
2000e575  ClockP_isActive               
2000e57f  IntMasterDisable              
2000e589  malloc                        
2000e591  UtilsDelay                    
2000e597  ClockP_doTick                 
2000e59b  HwiP_post                     
2000e59f  SemaphoreP_delete             
2000e5a3  _system_pre_init              
2000e5a7  C$$EXIT                       
2000e5a7  abort                         
2000e5ab  __aeabi_idiv0                 
2000e5ab  __aeabi_ldiv0                 
2000e8b8  PowerCC32XX_module            
2000ea24  parkInfo                      
2000eb1c  gpioPinConfigs                
2000eba0  _lock                         
2000eba4  _unlock                       
2000ebb0  SemaphoreP_defaultParams      
2000ebb8  HwiP_key                      
2000ebbc  HwiP_swiPIntNum               
2000ebc0  ClockP_tickPeriod             
2000ebca  x                             
2000ed74  PowerCC32XX_config            
2000ee34  GPIO_config                   
2000ee44  GPIO_pinLowerBound            
2000ee45  GPIO_pinUpperBound            
2000ee46  CONFIG_GPIO_BUTTON_0_CONST    
2000ee47  CONFIG_GPIO_BUTTON_1_CONST    
2000ee48  CONFIG_GPIO_LED_0_CONST       
2000ee49  CONFIG_GPIO_LED_1_CONST       
2000ee4a  CONFIG_TIMER_0_CONST          
2000ee4b  Timer_count                   
2000ee50  PowerCC32XX_contextSave       
2000ef7c  gpioCallbackFunctions         
2000f000  gpioUserArgs                  
2000f098  ClockP_ctrl                   
2000f0c0  __TI_static_base__            
2000f190  __TI_Handler_Table_Base       
2000f19c  __TI_Handler_Table_Limit      
2000f1a8  __TI_CINIT_Base               
2000f1b8  __TI_CINIT_Limit              
ffffffff  __TI_pprof_out_hndl           
ffffffff  __TI_prof_data_size           
ffffffff  __TI_prof_data_start          
ffffffff  __binit__                     
ffffffff  __c_args__                    
ffffffff  binit                         
UNDEFED   ITM_flush                     
UNDEFED   ITM_restore                   
UNDEFED   __mpu_init                    
UNDEFED   _system_post_cinit            

[160 symbols]
